17:04:15 INFO  : Registering command handlers for SDK TCF services
17:04:15 INFO  : Launching XSCT server: xsct.bat -interactive E:\CAB\LAB_1\lab1\lab1.sdk\temp_xsdb_launch_script.tcl
17:04:19 INFO  : XSCT server has started successfully.
17:04:22 INFO  : Processing command line option -hwspec E:/CAB/LAB_1/lab1/lab1.sdk/system_wrapper.hdf.
17:04:22 INFO  : Successfully done setting XSCT server connection channel  
17:04:22 INFO  : Successfully done setting SDK workspace  
17:13:07 INFO  : Connected to target on host '127.0.0.1' and port '3121'.
17:13:08 INFO  : Jtag cable 'Digilent Zed 210248B1878A' is selected.
17:13:08 INFO  : 'jtag frequency' command is executed.
17:13:08 INFO  : Sourcing of 'E:/CAB/LAB_1/lab1/lab1.sdk/system_wrapper_hw_platform_0/ps7_init.tcl' is done.
17:13:08 INFO  : Context for 'APU' is selected.
17:13:09 INFO  : Hardware design information is loaded from 'E:/CAB/LAB_1/lab1/lab1.sdk/system_wrapper_hw_platform_0/system.hdf'.
17:13:09 INFO  : 'configparams force-mem-access 1' command is executed.
17:13:09 INFO  : Context for 'APU' is selected.
17:13:09 INFO  : 'stop' command is executed.
17:13:09 INFO  : 'ps7_init' command is executed.
17:13:09 INFO  : 'ps7_post_config' command is executed.
17:13:09 INFO  : Context for processor 'ps7_cortexa9_0' is selected.
17:13:09 INFO  : Processor reset is completed for 'ps7_cortexa9_0'.
17:13:09 INFO  : Context for processor 'ps7_cortexa9_0' is selected.
17:13:09 INFO  : The application 'E:/CAB/LAB_1/lab1/lab1.sdk/mem_test/Debug/mem_test.elf' is downloaded to processor 'ps7_cortexa9_0'.
17:13:09 INFO  : 'configparams force-mem-access 0' command is executed.
17:13:09 INFO  : ----------------XSDB Script----------------
connect -url tcp:127.0.0.1:3121
source E:/CAB/LAB_1/lab1/lab1.sdk/system_wrapper_hw_platform_0/ps7_init.tcl
targets -set -nocase -filter {name =~"APU*" && jtag_cable_name =~ "Digilent Zed 210248B1878A"} -index 0
loadhw -hw E:/CAB/LAB_1/lab1/lab1.sdk/system_wrapper_hw_platform_0/system.hdf -mem-ranges [list {0x40000000 0xbfffffff}]
configparams force-mem-access 1
targets -set -nocase -filter {name =~"APU*" && jtag_cable_name =~ "Digilent Zed 210248B1878A"} -index 0
stop
ps7_init
ps7_post_config
targets -set -nocase -filter {name =~ "ARM*#0" && jtag_cable_name =~ "Digilent Zed 210248B1878A"} -index 0
rst -processor
targets -set -nocase -filter {name =~ "ARM*#0" && jtag_cable_name =~ "Digilent Zed 210248B1878A"} -index 0
dow E:/CAB/LAB_1/lab1/lab1.sdk/mem_test/Debug/mem_test.elf
configparams force-mem-access 0
----------------End of Script----------------

17:13:09 INFO  : Context for processor 'ps7_cortexa9_0' is selected.
17:13:10 INFO  : 'con' command is executed.
17:13:10 INFO  : ----------------XSDB Script (After Launch)----------------
targets -set -nocase -filter {name =~ "ARM*#0" && jtag_cable_name =~ "Digilent Zed 210248B1878A"} -index 0
con
----------------End of Script----------------

17:13:10 INFO  : Disconnected from the channel tcfchan#1.
17:13:47 INFO  : Connected to target on host '127.0.0.1' and port '3121'.
17:13:48 INFO  : Jtag cable 'Digilent Zed 210248B1878A' is selected.
17:13:48 INFO  : 'jtag frequency' command is executed.
17:13:48 INFO  : Sourcing of 'E:/CAB/LAB_1/lab1/lab1.sdk/system_wrapper_hw_platform_0/ps7_init.tcl' is done.
17:13:48 INFO  : Context for 'APU' is selected.
17:13:48 INFO  : Hardware design information is loaded from 'E:/CAB/LAB_1/lab1/lab1.sdk/system_wrapper_hw_platform_0/system.hdf'.
17:13:48 INFO  : 'configparams force-mem-access 1' command is executed.
17:13:48 INFO  : Context for 'APU' is selected.
17:13:48 INFO  : 'stop' command is executed.
17:13:48 INFO  : 'ps7_init' command is executed.
17:13:48 INFO  : 'ps7_post_config' command is executed.
17:13:48 INFO  : Context for processor 'ps7_cortexa9_0' is selected.
17:13:48 INFO  : Processor reset is completed for 'ps7_cortexa9_0'.
17:13:48 INFO  : Context for processor 'ps7_cortexa9_0' is selected.
17:13:49 INFO  : The application 'E:/CAB/LAB_1/lab1/lab1.sdk/mem_test/Debug/mem_test.elf' is downloaded to processor 'ps7_cortexa9_0'.
17:13:49 INFO  : 'configparams force-mem-access 0' command is executed.
17:13:49 INFO  : ----------------XSDB Script----------------
connect -url tcp:127.0.0.1:3121
source E:/CAB/LAB_1/lab1/lab1.sdk/system_wrapper_hw_platform_0/ps7_init.tcl
targets -set -nocase -filter {name =~"APU*" && jtag_cable_name =~ "Digilent Zed 210248B1878A"} -index 0
loadhw -hw E:/CAB/LAB_1/lab1/lab1.sdk/system_wrapper_hw_platform_0/system.hdf -mem-ranges [list {0x40000000 0xbfffffff}]
configparams force-mem-access 1
targets -set -nocase -filter {name =~"APU*" && jtag_cable_name =~ "Digilent Zed 210248B1878A"} -index 0
stop
ps7_init
ps7_post_config
targets -set -nocase -filter {name =~ "ARM*#0" && jtag_cable_name =~ "Digilent Zed 210248B1878A"} -index 0
rst -processor
targets -set -nocase -filter {name =~ "ARM*#0" && jtag_cable_name =~ "Digilent Zed 210248B1878A"} -index 0
dow E:/CAB/LAB_1/lab1/lab1.sdk/mem_test/Debug/mem_test.elf
configparams force-mem-access 0
----------------End of Script----------------

17:13:49 INFO  : Context for processor 'ps7_cortexa9_0' is selected.
17:13:49 INFO  : 'con' command is executed.
17:13:49 INFO  : ----------------XSDB Script (After Launch)----------------
targets -set -nocase -filter {name =~ "ARM*#0" && jtag_cable_name =~ "Digilent Zed 210248B1878A"} -index 0
con
----------------End of Script----------------

17:13:49 INFO  : Disconnected from the channel tcfchan#2.
17:14:32 INFO  : Connected to target on host '127.0.0.1' and port '3121'.
17:14:33 INFO  : Jtag cable 'Digilent Zed 210248B1878A' is selected.
17:14:33 INFO  : 'jtag frequency' command is executed.
17:14:33 INFO  : Sourcing of 'E:/CAB/LAB_1/lab1/lab1.sdk/system_wrapper_hw_platform_0/ps7_init.tcl' is done.
17:14:33 INFO  : Context for 'APU' is selected.
17:14:33 INFO  : Hardware design information is loaded from 'E:/CAB/LAB_1/lab1/lab1.sdk/system_wrapper_hw_platform_0/system.hdf'.
17:14:33 INFO  : 'configparams force-mem-access 1' command is executed.
17:14:33 INFO  : Context for 'APU' is selected.
17:14:33 INFO  : 'stop' command is executed.
17:14:34 INFO  : 'ps7_init' command is executed.
17:14:34 INFO  : 'ps7_post_config' command is executed.
17:14:34 INFO  : Context for processor 'ps7_cortexa9_0' is selected.
17:14:34 INFO  : Processor reset is completed for 'ps7_cortexa9_0'.
17:14:34 INFO  : Context for processor 'ps7_cortexa9_0' is selected.
17:14:34 INFO  : The application 'E:/CAB/LAB_1/lab1/lab1.sdk/mem_test/Debug/mem_test.elf' is downloaded to processor 'ps7_cortexa9_0'.
17:14:34 INFO  : 'configparams force-mem-access 0' command is executed.
17:14:34 INFO  : ----------------XSDB Script----------------
connect -url tcp:127.0.0.1:3121
source E:/CAB/LAB_1/lab1/lab1.sdk/system_wrapper_hw_platform_0/ps7_init.tcl
targets -set -nocase -filter {name =~"APU*" && jtag_cable_name =~ "Digilent Zed 210248B1878A"} -index 0
loadhw -hw E:/CAB/LAB_1/lab1/lab1.sdk/system_wrapper_hw_platform_0/system.hdf -mem-ranges [list {0x40000000 0xbfffffff}]
configparams force-mem-access 1
targets -set -nocase -filter {name =~"APU*" && jtag_cable_name =~ "Digilent Zed 210248B1878A"} -index 0
stop
ps7_init
ps7_post_config
targets -set -nocase -filter {name =~ "ARM*#0" && jtag_cable_name =~ "Digilent Zed 210248B1878A"} -index 0
rst -processor
targets -set -nocase -filter {name =~ "ARM*#0" && jtag_cable_name =~ "Digilent Zed 210248B1878A"} -index 0
dow E:/CAB/LAB_1/lab1/lab1.sdk/mem_test/Debug/mem_test.elf
configparams force-mem-access 0
----------------End of Script----------------

17:14:34 INFO  : Context for processor 'ps7_cortexa9_0' is selected.
17:14:34 INFO  : 'con' command is executed.
17:14:34 INFO  : ----------------XSDB Script (After Launch)----------------
targets -set -nocase -filter {name =~ "ARM*#0" && jtag_cable_name =~ "Digilent Zed 210248B1878A"} -index 0
con
----------------End of Script----------------

17:14:34 INFO  : Disconnected from the channel tcfchan#3.
17:17:34 INFO  : Connected to target on host '127.0.0.1' and port '3121'.
17:17:36 INFO  : Jtag cable 'Digilent Zed 210248B1878A' is selected.
17:17:36 INFO  : 'jtag frequency' command is executed.
17:17:36 INFO  : Sourcing of 'E:/CAB/LAB_1/lab1/lab1.sdk/system_wrapper_hw_platform_0/ps7_init.tcl' is done.
17:17:36 INFO  : Context for 'APU' is selected.
17:17:36 INFO  : Hardware design information is loaded from 'E:/CAB/LAB_1/lab1/lab1.sdk/system_wrapper_hw_platform_0/system.hdf'.
17:17:36 INFO  : 'configparams force-mem-access 1' command is executed.
17:17:36 INFO  : Context for 'APU' is selected.
17:17:36 INFO  : 'stop' command is executed.
17:17:36 INFO  : 'ps7_init' command is executed.
17:17:36 INFO  : 'ps7_post_config' command is executed.
17:17:36 INFO  : Context for processor 'ps7_cortexa9_0' is selected.
17:17:36 INFO  : Processor reset is completed for 'ps7_cortexa9_0'.
17:17:38 INFO  : Context for processor 'ps7_cortexa9_0' is selected.
17:17:38 INFO  : The application 'E:/CAB/LAB_1/lab1/lab1.sdk/mem_test/Debug/mem_test.elf' is downloaded to processor 'ps7_cortexa9_0'.
17:17:38 INFO  : 'configparams force-mem-access 0' command is executed.
17:17:38 INFO  : ----------------XSDB Script----------------
connect -url tcp:127.0.0.1:3121
source E:/CAB/LAB_1/lab1/lab1.sdk/system_wrapper_hw_platform_0/ps7_init.tcl
targets -set -nocase -filter {name =~"APU*" && jtag_cable_name =~ "Digilent Zed 210248B1878A"} -index 0
loadhw -hw E:/CAB/LAB_1/lab1/lab1.sdk/system_wrapper_hw_platform_0/system.hdf -mem-ranges [list {0x40000000 0xbfffffff}]
configparams force-mem-access 1
targets -set -nocase -filter {name =~"APU*" && jtag_cable_name =~ "Digilent Zed 210248B1878A"} -index 0
stop
ps7_init
ps7_post_config
targets -set -nocase -filter {name =~ "ARM*#0" && jtag_cable_name =~ "Digilent Zed 210248B1878A"} -index 0
rst -processor
targets -set -nocase -filter {name =~ "ARM*#0" && jtag_cable_name =~ "Digilent Zed 210248B1878A"} -index 0
dow E:/CAB/LAB_1/lab1/lab1.sdk/mem_test/Debug/mem_test.elf
configparams force-mem-access 0
----------------End of Script----------------

17:17:38 INFO  : Context for processor 'ps7_cortexa9_0' is selected.
17:17:38 INFO  : 'con' command is executed.
17:17:38 INFO  : ----------------XSDB Script (After Launch)----------------
targets -set -nocase -filter {name =~ "ARM*#0" && jtag_cable_name =~ "Digilent Zed 210248B1878A"} -index 0
con
----------------End of Script----------------

17:17:38 INFO  : Disconnected from the channel tcfchan#4.
15:41:23 INFO  : Registering command handlers for SDK TCF services
15:41:24 INFO  : Launching XSCT server: xsct.bat -interactive E:\CAB\LAB_2\lab2\lab2.sdk\temp_xsdb_launch_script.tcl
15:41:27 INFO  : XSCT server has started successfully.
15:41:31 INFO  : Processing command line option -hwspec E:/CAB/LAB_2/lab2/lab2.sdk/system_wrapper.hdf.
15:41:31 INFO  : Successfully done setting XSCT server connection channel  
15:41:31 INFO  : Successfully done setting SDK workspace  
15:51:20 INFO  : Connected to target on host '127.0.0.1' and port '3121'.
15:51:28 INFO  : Connected to target on host '127.0.0.1' and port '3121'.
15:51:28 INFO  : 'targets -set -filter {jtag_cable_name =~ "Digilent Zed 210248B187AC" && level==0} -index 1' command is executed.
15:51:30 INFO  : FPGA configured successfully with bitstream "E:/CAB/LAB_2/lab2/lab2.sdk/system_wrapper_hw_platform_1/system_wrapper.bit"
15:52:17 INFO  : Connected to target on host '127.0.0.1' and port '3121'.
15:52:18 INFO  : Jtag cable 'Digilent Zed 210248B187AC' is selected.
15:52:18 INFO  : 'jtag frequency' command is executed.
15:52:18 INFO  : Sourcing of 'E:/CAB/LAB_2/lab2/lab2.sdk/system_wrapper_hw_platform_0/ps7_init.tcl' is done.
15:52:18 INFO  : Context for 'APU' is selected.
15:52:18 INFO  : Hardware design information is loaded from 'E:/CAB/LAB_2/lab2/lab2.sdk/system_wrapper_hw_platform_0/system.hdf'.
15:52:18 INFO  : 'configparams force-mem-access 1' command is executed.
15:52:18 INFO  : Context for 'APU' is selected.
15:52:18 INFO  : 'stop' command is executed.
15:52:18 INFO  : 'ps7_init' command is executed.
15:52:19 INFO  : 'ps7_post_config' command is executed.
15:52:19 INFO  : 'configparams force-mem-access 0' command is executed.
15:52:19 INFO  : ----------------XSDB Script----------------
connect -url tcp:127.0.0.1:3121
source E:/CAB/LAB_2/lab2/lab2.sdk/system_wrapper_hw_platform_0/ps7_init.tcl
targets -set -nocase -filter {name =~"APU*" && jtag_cable_name =~ "Digilent Zed 210248B187AC"} -index 0
loadhw -hw E:/CAB/LAB_2/lab2/lab2.sdk/system_wrapper_hw_platform_0/system.hdf -mem-ranges [list {0x40000000 0xbfffffff}]
configparams force-mem-access 1
targets -set -nocase -filter {name =~"APU*" && jtag_cable_name =~ "Digilent Zed 210248B187AC"} -index 0
stop
ps7_init
ps7_post_config
configparams force-mem-access 0
----------------End of Script----------------

15:52:19 INFO  : Disconnected from the channel tcfchan#1.
15:52:46 INFO  : Connected to target on host '127.0.0.1' and port '3121'.
15:52:47 INFO  : Jtag cable 'Digilent Zed 210248B187AC' is selected.
15:52:47 INFO  : 'jtag frequency' command is executed.
15:52:47 INFO  : Sourcing of 'E:/CAB/LAB_2/lab2/lab2.sdk/system_wrapper_hw_platform_0/ps7_init.tcl' is done.
15:52:47 INFO  : Context for 'APU' is selected.
15:52:47 INFO  : Hardware design information is loaded from 'E:/CAB/LAB_2/lab2/lab2.sdk/system_wrapper_hw_platform_0/system.hdf'.
15:52:47 INFO  : 'configparams force-mem-access 1' command is executed.
15:52:47 INFO  : Context for 'APU' is selected.
15:52:47 INFO  : 'stop' command is executed.
15:52:48 INFO  : 'ps7_init' command is executed.
15:52:48 INFO  : 'ps7_post_config' command is executed.
15:52:48 INFO  : 'configparams force-mem-access 0' command is executed.
15:52:48 INFO  : ----------------XSDB Script----------------
connect -url tcp:127.0.0.1:3121
source E:/CAB/LAB_2/lab2/lab2.sdk/system_wrapper_hw_platform_0/ps7_init.tcl
targets -set -nocase -filter {name =~"APU*" && jtag_cable_name =~ "Digilent Zed 210248B187AC"} -index 0
loadhw -hw E:/CAB/LAB_2/lab2/lab2.sdk/system_wrapper_hw_platform_0/system.hdf -mem-ranges [list {0x40000000 0xbfffffff}]
configparams force-mem-access 1
targets -set -nocase -filter {name =~"APU*" && jtag_cable_name =~ "Digilent Zed 210248B187AC"} -index 0
stop
ps7_init
ps7_post_config
configparams force-mem-access 0
----------------End of Script----------------

15:52:48 INFO  : Disconnected from the channel tcfchan#2.
15:54:38 INFO  : Connected to target on host '127.0.0.1' and port '3121'.
15:54:38 INFO  : Jtag cable 'Digilent Zed 210248B187AC' is selected.
15:54:38 INFO  : 'jtag frequency' command is executed.
15:54:38 INFO  : Sourcing of 'E:/CAB/LAB_2/lab2/lab2.sdk/system_wrapper_hw_platform_0/ps7_init.tcl' is done.
15:54:38 INFO  : Context for 'APU' is selected.
15:54:38 INFO  : Hardware design information is loaded from 'E:/CAB/LAB_2/lab2/lab2.sdk/system_wrapper_hw_platform_0/system.hdf'.
15:54:38 INFO  : 'configparams force-mem-access 1' command is executed.
15:54:38 INFO  : Context for 'APU' is selected.
15:54:39 INFO  : 'stop' command is executed.
15:54:39 INFO  : 'ps7_init' command is executed.
15:54:39 INFO  : 'ps7_post_config' command is executed.
15:54:39 INFO  : 'configparams force-mem-access 0' command is executed.
15:54:39 INFO  : ----------------XSDB Script----------------
connect -url tcp:127.0.0.1:3121
source E:/CAB/LAB_2/lab2/lab2.sdk/system_wrapper_hw_platform_0/ps7_init.tcl
targets -set -nocase -filter {name =~"APU*" && jtag_cable_name =~ "Digilent Zed 210248B187AC"} -index 0
loadhw -hw E:/CAB/LAB_2/lab2/lab2.sdk/system_wrapper_hw_platform_0/system.hdf -mem-ranges [list {0x40000000 0xbfffffff}]
configparams force-mem-access 1
targets -set -nocase -filter {name =~"APU*" && jtag_cable_name =~ "Digilent Zed 210248B187AC"} -index 0
stop
ps7_init
ps7_post_config
configparams force-mem-access 0
----------------End of Script----------------

15:54:39 INFO  : Disconnected from the channel tcfchan#3.
15:55:37 INFO  : Connected to target on host '127.0.0.1' and port '3121'.
15:55:37 INFO  : 'targets -set -filter {jtag_cable_name =~ "Digilent Zed 210248B187AC" && level==0} -index 1' command is executed.
15:55:40 INFO  : FPGA configured successfully with bitstream "E:/CAB/LAB_2/lab2/lab2.sdk/system_wrapper_hw_platform_1/system_wrapper.bit"
16:08:54 INFO  : Connected to target on host '127.0.0.1' and port '3121'.
16:08:54 INFO  : 'targets -set -filter {jtag_cable_name =~ "Digilent Zed 210248B187AC" && level==0} -index 1' command is executed.
16:08:56 INFO  : FPGA configured successfully with bitstream "E:/CAB/LAB_2/lab2/lab2.sdk/system_wrapper_hw_platform_1/system_wrapper.bit"
16:11:05 INFO  : 'targets -set -filter {jtag_cable_name =~ "Digilent Zed 210248B187AC" && level==0} -index 1' command is executed.
16:11:05 INFO  : 'fpga -state' command is executed.
16:11:05 INFO  : Connected to target on host '127.0.0.1' and port '3121'.
16:11:06 INFO  : Jtag cable 'Digilent Zed 210248B187AC' is selected.
16:11:06 INFO  : 'jtag frequency' command is executed.
16:11:06 INFO  : Sourcing of 'E:/CAB/LAB_2/lab2/lab2.sdk/system_wrapper_hw_platform_1/ps7_init.tcl' is done.
16:11:06 INFO  : Context for 'APU' is selected.
16:11:06 INFO  : Hardware design information is loaded from 'E:/CAB/LAB_2/lab2/lab2.sdk/system_wrapper_hw_platform_1/system.hdf'.
16:11:06 INFO  : 'configparams force-mem-access 1' command is executed.
16:11:06 INFO  : Context for 'APU' is selected.
16:11:06 INFO  : 'stop' command is executed.
16:11:07 INFO  : 'ps7_init' command is executed.
16:11:07 INFO  : 'ps7_post_config' command is executed.
16:11:07 INFO  : Context for processor 'ps7_cortexa9_0' is selected.
16:11:07 INFO  : Processor reset is completed for 'ps7_cortexa9_0'.
16:11:07 INFO  : Context for processor 'ps7_cortexa9_0' is selected.
16:11:07 INFO  : The application 'E:/CAB/LAB_2/lab2/lab2.sdk/TestApp/Debug/TestApp.elf' is downloaded to processor 'ps7_cortexa9_0'.
16:11:07 INFO  : 'configparams force-mem-access 0' command is executed.
16:11:07 INFO  : ----------------XSDB Script----------------
connect -url tcp:127.0.0.1:3121
source E:/CAB/LAB_2/lab2/lab2.sdk/system_wrapper_hw_platform_1/ps7_init.tcl
targets -set -nocase -filter {name =~"APU*" && jtag_cable_name =~ "Digilent Zed 210248B187AC"} -index 0
loadhw -hw E:/CAB/LAB_2/lab2/lab2.sdk/system_wrapper_hw_platform_1/system.hdf -mem-ranges [list {0x40000000 0xbfffffff}]
configparams force-mem-access 1
targets -set -nocase -filter {name =~"APU*" && jtag_cable_name =~ "Digilent Zed 210248B187AC"} -index 0
stop
ps7_init
ps7_post_config
targets -set -nocase -filter {name =~ "ARM*#0" && jtag_cable_name =~ "Digilent Zed 210248B187AC"} -index 0
rst -processor
targets -set -nocase -filter {name =~ "ARM*#0" && jtag_cable_name =~ "Digilent Zed 210248B187AC"} -index 0
dow E:/CAB/LAB_2/lab2/lab2.sdk/TestApp/Debug/TestApp.elf
configparams force-mem-access 0
----------------End of Script----------------

16:11:07 INFO  : Context for processor 'ps7_cortexa9_0' is selected.
16:11:07 INFO  : 'con' command is executed.
16:11:07 INFO  : ----------------XSDB Script (After Launch)----------------
targets -set -nocase -filter {name =~ "ARM*#0" && jtag_cable_name =~ "Digilent Zed 210248B187AC"} -index 0
con
----------------End of Script----------------

16:11:07 INFO  : Disconnected from the channel tcfchan#4.
16:11:58 INFO  : 'targets -set -filter {jtag_cable_name =~ "Digilent Zed 210248B187AC" && level==0} -index 1' command is executed.
16:11:58 INFO  : 'fpga -state' command is executed.
16:11:58 INFO  : Connected to target on host '127.0.0.1' and port '3121'.
16:11:59 INFO  : Jtag cable 'Digilent Zed 210248B187AC' is selected.
16:11:59 INFO  : 'jtag frequency' command is executed.
16:11:59 INFO  : Sourcing of 'E:/CAB/LAB_2/lab2/lab2.sdk/system_wrapper_hw_platform_1/ps7_init.tcl' is done.
16:11:59 INFO  : Context for 'APU' is selected.
16:11:59 INFO  : Hardware design information is loaded from 'E:/CAB/LAB_2/lab2/lab2.sdk/system_wrapper_hw_platform_1/system.hdf'.
16:11:59 INFO  : 'configparams force-mem-access 1' command is executed.
16:11:59 INFO  : Context for 'APU' is selected.
16:11:59 INFO  : 'stop' command is executed.
16:11:59 INFO  : 'ps7_init' command is executed.
16:11:59 INFO  : 'ps7_post_config' command is executed.
16:11:59 INFO  : Context for processor 'ps7_cortexa9_0' is selected.
16:11:59 INFO  : Processor reset is completed for 'ps7_cortexa9_0'.
16:11:59 INFO  : Context for processor 'ps7_cortexa9_0' is selected.
16:12:00 INFO  : The application 'E:/CAB/LAB_2/lab2/lab2.sdk/TestApp/Debug/TestApp.elf' is downloaded to processor 'ps7_cortexa9_0'.
16:12:00 INFO  : 'configparams force-mem-access 0' command is executed.
16:12:00 INFO  : ----------------XSDB Script----------------
connect -url tcp:127.0.0.1:3121
source E:/CAB/LAB_2/lab2/lab2.sdk/system_wrapper_hw_platform_1/ps7_init.tcl
targets -set -nocase -filter {name =~"APU*" && jtag_cable_name =~ "Digilent Zed 210248B187AC"} -index 0
loadhw -hw E:/CAB/LAB_2/lab2/lab2.sdk/system_wrapper_hw_platform_1/system.hdf -mem-ranges [list {0x40000000 0xbfffffff}]
configparams force-mem-access 1
targets -set -nocase -filter {name =~"APU*" && jtag_cable_name =~ "Digilent Zed 210248B187AC"} -index 0
stop
ps7_init
ps7_post_config
targets -set -nocase -filter {name =~ "ARM*#0" && jtag_cable_name =~ "Digilent Zed 210248B187AC"} -index 0
rst -processor
targets -set -nocase -filter {name =~ "ARM*#0" && jtag_cable_name =~ "Digilent Zed 210248B187AC"} -index 0
dow E:/CAB/LAB_2/lab2/lab2.sdk/TestApp/Debug/TestApp.elf
configparams force-mem-access 0
----------------End of Script----------------

16:12:00 INFO  : Context for processor 'ps7_cortexa9_0' is selected.
16:12:00 INFO  : 'con' command is executed.
16:12:00 INFO  : ----------------XSDB Script (After Launch)----------------
targets -set -nocase -filter {name =~ "ARM*#0" && jtag_cable_name =~ "Digilent Zed 210248B187AC"} -index 0
con
----------------End of Script----------------

16:12:00 INFO  : Disconnected from the channel tcfchan#5.
16:12:57 INFO  : 'targets -set -filter {jtag_cable_name =~ "Digilent Zed 210248B187AC" && level==0} -index 1' command is executed.
16:12:57 INFO  : 'fpga -state' command is executed.
16:12:57 INFO  : Connected to target on host '127.0.0.1' and port '3121'.
16:12:58 INFO  : Jtag cable 'Digilent Zed 210248B187AC' is selected.
16:12:58 INFO  : 'jtag frequency' command is executed.
16:12:58 INFO  : Sourcing of 'E:/CAB/LAB_2/lab2/lab2.sdk/system_wrapper_hw_platform_1/ps7_init.tcl' is done.
16:12:58 INFO  : Context for 'APU' is selected.
16:12:58 INFO  : Hardware design information is loaded from 'E:/CAB/LAB_2/lab2/lab2.sdk/system_wrapper_hw_platform_1/system.hdf'.
16:12:58 INFO  : 'configparams force-mem-access 1' command is executed.
16:12:58 INFO  : Context for 'APU' is selected.
16:12:58 INFO  : 'stop' command is executed.
16:12:58 INFO  : 'ps7_init' command is executed.
16:12:58 INFO  : 'ps7_post_config' command is executed.
16:12:58 INFO  : Context for processor 'ps7_cortexa9_0' is selected.
16:12:58 INFO  : Processor reset is completed for 'ps7_cortexa9_0'.
16:12:58 INFO  : Context for processor 'ps7_cortexa9_0' is selected.
16:12:58 INFO  : The application 'E:/CAB/LAB_2/lab2/lab2.sdk/TestApp/Debug/TestApp.elf' is downloaded to processor 'ps7_cortexa9_0'.
16:12:59 INFO  : 'configparams force-mem-access 0' command is executed.
16:12:59 INFO  : ----------------XSDB Script----------------
connect -url tcp:127.0.0.1:3121
source E:/CAB/LAB_2/lab2/lab2.sdk/system_wrapper_hw_platform_1/ps7_init.tcl
targets -set -nocase -filter {name =~"APU*" && jtag_cable_name =~ "Digilent Zed 210248B187AC"} -index 0
loadhw -hw E:/CAB/LAB_2/lab2/lab2.sdk/system_wrapper_hw_platform_1/system.hdf -mem-ranges [list {0x40000000 0xbfffffff}]
configparams force-mem-access 1
targets -set -nocase -filter {name =~"APU*" && jtag_cable_name =~ "Digilent Zed 210248B187AC"} -index 0
stop
ps7_init
ps7_post_config
targets -set -nocase -filter {name =~ "ARM*#0" && jtag_cable_name =~ "Digilent Zed 210248B187AC"} -index 0
rst -processor
targets -set -nocase -filter {name =~ "ARM*#0" && jtag_cable_name =~ "Digilent Zed 210248B187AC"} -index 0
dow E:/CAB/LAB_2/lab2/lab2.sdk/TestApp/Debug/TestApp.elf
configparams force-mem-access 0
----------------End of Script----------------

16:12:59 INFO  : Context for processor 'ps7_cortexa9_0' is selected.
16:12:59 INFO  : 'con' command is executed.
16:12:59 INFO  : ----------------XSDB Script (After Launch)----------------
targets -set -nocase -filter {name =~ "ARM*#0" && jtag_cable_name =~ "Digilent Zed 210248B187AC"} -index 0
con
----------------End of Script----------------

16:12:59 INFO  : Disconnected from the channel tcfchan#6.
16:21:20 INFO  : Connected to target on host '127.0.0.1' and port '3121'.
16:21:20 INFO  : 'targets -set -filter {jtag_cable_name =~ "Digilent Zed 210248B187AC" && level==0} -index 1' command is executed.
16:21:23 INFO  : FPGA configured successfully with bitstream "E:/CAB/LAB_2/lab2/lab2.sdk/system_wrapper_hw_platform_1/system_wrapper.bit"
16:26:05 INFO  : Connected to target on host '127.0.0.1' and port '3121'.
16:26:06 INFO  : 'targets -set -filter {jtag_cable_name =~ "Digilent Zed 210248B187AC" && level==0} -index 1' command is executed.
16:26:08 INFO  : FPGA configured successfully with bitstream "E:/CAB/LAB_2/lab2/lab2.sdk/system_wrapper_hw_platform_1/system_wrapper.bit"
16:26:24 INFO  : 'targets -set -filter {jtag_cable_name =~ "Digilent Zed 210248B187AC" && level==0} -index 1' command is executed.
16:26:24 INFO  : 'fpga -state' command is executed.
16:26:24 INFO  : Connected to target on host '127.0.0.1' and port '3121'.
16:26:25 INFO  : Jtag cable 'Digilent Zed 210248B187AC' is selected.
16:26:25 INFO  : 'jtag frequency' command is executed.
16:26:25 INFO  : Sourcing of 'E:/CAB/LAB_2/lab2/lab2.sdk/system_wrapper_hw_platform_1/ps7_init.tcl' is done.
16:26:25 INFO  : Context for 'APU' is selected.
16:26:25 INFO  : Hardware design information is loaded from 'E:/CAB/LAB_2/lab2/lab2.sdk/system_wrapper_hw_platform_1/system.hdf'.
16:26:25 INFO  : 'configparams force-mem-access 1' command is executed.
16:26:25 INFO  : Context for 'APU' is selected.
16:26:25 INFO  : 'stop' command is executed.
16:26:25 INFO  : 'ps7_init' command is executed.
16:26:25 INFO  : 'ps7_post_config' command is executed.
16:26:26 INFO  : Context for processor 'ps7_cortexa9_0' is selected.
16:26:26 INFO  : Processor reset is completed for 'ps7_cortexa9_0'.
16:26:26 INFO  : Context for processor 'ps7_cortexa9_0' is selected.
16:26:26 INFO  : The application 'E:/CAB/LAB_2/lab2/lab2.sdk/TestApp/Debug/TestApp.elf' is downloaded to processor 'ps7_cortexa9_0'.
16:26:26 INFO  : 'configparams force-mem-access 0' command is executed.
16:26:26 INFO  : ----------------XSDB Script----------------
connect -url tcp:127.0.0.1:3121
source E:/CAB/LAB_2/lab2/lab2.sdk/system_wrapper_hw_platform_1/ps7_init.tcl
targets -set -nocase -filter {name =~"APU*" && jtag_cable_name =~ "Digilent Zed 210248B187AC"} -index 0
loadhw -hw E:/CAB/LAB_2/lab2/lab2.sdk/system_wrapper_hw_platform_1/system.hdf -mem-ranges [list {0x40000000 0xbfffffff}]
configparams force-mem-access 1
targets -set -nocase -filter {name =~"APU*" && jtag_cable_name =~ "Digilent Zed 210248B187AC"} -index 0
stop
ps7_init
ps7_post_config
targets -set -nocase -filter {name =~ "ARM*#0" && jtag_cable_name =~ "Digilent Zed 210248B187AC"} -index 0
rst -processor
targets -set -nocase -filter {name =~ "ARM*#0" && jtag_cable_name =~ "Digilent Zed 210248B187AC"} -index 0
dow E:/CAB/LAB_2/lab2/lab2.sdk/TestApp/Debug/TestApp.elf
configparams force-mem-access 0
----------------End of Script----------------

16:26:26 INFO  : Context for processor 'ps7_cortexa9_0' is selected.
16:26:26 INFO  : 'con' command is executed.
16:26:26 INFO  : ----------------XSDB Script (After Launch)----------------
targets -set -nocase -filter {name =~ "ARM*#0" && jtag_cable_name =~ "Digilent Zed 210248B187AC"} -index 0
con
----------------End of Script----------------

16:26:26 INFO  : Disconnected from the channel tcfchan#7.
17:15:11 INFO  : 'targets -set -filter {jtag_cable_name =~ "Digilent Zed 210248B187AC" && level==0} -index 1' command is executed.
17:15:11 INFO  : 'fpga -state' command is executed.
17:15:12 INFO  : Connected to target on host '127.0.0.1' and port '3121'.
17:15:12 INFO  : Jtag cable 'Digilent Zed 210248B187AC' is selected.
17:15:12 INFO  : 'jtag frequency' command is executed.
17:15:12 INFO  : Sourcing of 'E:/CAB/LAB_2/lab2/lab2.sdk/system_wrapper_hw_platform_1/ps7_init.tcl' is done.
17:15:12 INFO  : Context for 'APU' is selected.
17:15:12 INFO  : Hardware design information is loaded from 'E:/CAB/LAB_2/lab2/lab2.sdk/system_wrapper_hw_platform_1/system.hdf'.
17:15:12 INFO  : 'configparams force-mem-access 1' command is executed.
17:15:12 INFO  : Context for 'APU' is selected.
17:15:12 INFO  : 'stop' command is executed.
17:15:13 INFO  : 'ps7_init' command is executed.
17:15:13 INFO  : 'ps7_post_config' command is executed.
17:15:13 INFO  : Context for processor 'ps7_cortexa9_0' is selected.
17:15:13 INFO  : Processor reset is completed for 'ps7_cortexa9_0'.
17:15:13 INFO  : Context for processor 'ps7_cortexa9_0' is selected.
17:15:13 INFO  : The application 'E:/CAB/LAB_2/lab2/lab2.sdk/TestApp/Debug/TestApp.elf' is downloaded to processor 'ps7_cortexa9_0'.
17:15:13 INFO  : 'configparams force-mem-access 0' command is executed.
17:15:13 INFO  : ----------------XSDB Script----------------
connect -url tcp:127.0.0.1:3121
source E:/CAB/LAB_2/lab2/lab2.sdk/system_wrapper_hw_platform_1/ps7_init.tcl
targets -set -nocase -filter {name =~"APU*" && jtag_cable_name =~ "Digilent Zed 210248B187AC"} -index 0
loadhw -hw E:/CAB/LAB_2/lab2/lab2.sdk/system_wrapper_hw_platform_1/system.hdf -mem-ranges [list {0x40000000 0xbfffffff}]
configparams force-mem-access 1
targets -set -nocase -filter {name =~"APU*" && jtag_cable_name =~ "Digilent Zed 210248B187AC"} -index 0
stop
ps7_init
ps7_post_config
targets -set -nocase -filter {name =~ "ARM*#0" && jtag_cable_name =~ "Digilent Zed 210248B187AC"} -index 0
rst -processor
targets -set -nocase -filter {name =~ "ARM*#0" && jtag_cable_name =~ "Digilent Zed 210248B187AC"} -index 0
dow E:/CAB/LAB_2/lab2/lab2.sdk/TestApp/Debug/TestApp.elf
configparams force-mem-access 0
----------------End of Script----------------

17:15:13 INFO  : Context for processor 'ps7_cortexa9_0' is selected.
17:15:13 INFO  : 'con' command is executed.
17:15:13 INFO  : ----------------XSDB Script (After Launch)----------------
targets -set -nocase -filter {name =~ "ARM*#0" && jtag_cable_name =~ "Digilent Zed 210248B187AC"} -index 0
con
----------------End of Script----------------

17:15:13 INFO  : Disconnected from the channel tcfchan#8.
17:16:08 INFO  : 'targets -set -filter {jtag_cable_name =~ "Digilent Zed 210248B187AC" && level==0} -index 1' command is executed.
17:16:08 INFO  : 'fpga -state' command is executed.
17:16:08 INFO  : Connected to target on host '127.0.0.1' and port '3121'.
17:16:09 INFO  : Jtag cable 'Digilent Zed 210248B187AC' is selected.
17:16:09 INFO  : 'jtag frequency' command is executed.
17:16:09 INFO  : Sourcing of 'E:/CAB/LAB_2/lab2/lab2.sdk/system_wrapper_hw_platform_1/ps7_init.tcl' is done.
17:16:09 INFO  : Context for 'APU' is selected.
17:16:09 INFO  : Hardware design information is loaded from 'E:/CAB/LAB_2/lab2/lab2.sdk/system_wrapper_hw_platform_1/system.hdf'.
17:16:09 INFO  : 'configparams force-mem-access 1' command is executed.
17:16:09 INFO  : Context for 'APU' is selected.
17:16:09 INFO  : 'stop' command is executed.
17:16:10 INFO  : 'ps7_init' command is executed.
17:16:10 INFO  : 'ps7_post_config' command is executed.
17:16:10 INFO  : Context for processor 'ps7_cortexa9_0' is selected.
17:16:10 INFO  : Processor reset is completed for 'ps7_cortexa9_0'.
17:16:10 INFO  : Context for processor 'ps7_cortexa9_0' is selected.
17:16:10 INFO  : The application 'E:/CAB/LAB_2/lab2/lab2.sdk/TestApp/Debug/TestApp.elf' is downloaded to processor 'ps7_cortexa9_0'.
17:16:10 INFO  : 'configparams force-mem-access 0' command is executed.
17:16:10 INFO  : ----------------XSDB Script----------------
connect -url tcp:127.0.0.1:3121
source E:/CAB/LAB_2/lab2/lab2.sdk/system_wrapper_hw_platform_1/ps7_init.tcl
targets -set -nocase -filter {name =~"APU*" && jtag_cable_name =~ "Digilent Zed 210248B187AC"} -index 0
loadhw -hw E:/CAB/LAB_2/lab2/lab2.sdk/system_wrapper_hw_platform_1/system.hdf -mem-ranges [list {0x40000000 0xbfffffff}]
configparams force-mem-access 1
targets -set -nocase -filter {name =~"APU*" && jtag_cable_name =~ "Digilent Zed 210248B187AC"} -index 0
stop
ps7_init
ps7_post_config
targets -set -nocase -filter {name =~ "ARM*#0" && jtag_cable_name =~ "Digilent Zed 210248B187AC"} -index 0
rst -processor
targets -set -nocase -filter {name =~ "ARM*#0" && jtag_cable_name =~ "Digilent Zed 210248B187AC"} -index 0
dow E:/CAB/LAB_2/lab2/lab2.sdk/TestApp/Debug/TestApp.elf
configparams force-mem-access 0
----------------End of Script----------------

17:16:10 INFO  : Context for processor 'ps7_cortexa9_0' is selected.
17:16:10 INFO  : 'con' command is executed.
17:16:10 INFO  : ----------------XSDB Script (After Launch)----------------
targets -set -nocase -filter {name =~ "ARM*#0" && jtag_cable_name =~ "Digilent Zed 210248B187AC"} -index 0
con
----------------End of Script----------------

17:16:10 INFO  : Disconnected from the channel tcfchan#9.
17:16:34 INFO  : Connected to target on host '127.0.0.1' and port '3121'.
17:16:34 INFO  : 'targets -set -filter {jtag_cable_name =~ "Digilent Zed 210248B187AC" && level==0} -index 1' command is executed.
17:16:36 INFO  : FPGA configured successfully with bitstream "E:/CAB/LAB_2/lab2/lab2.sdk/system_wrapper_hw_platform_1/system_wrapper.bit"
17:16:44 INFO  : 'targets -set -filter {jtag_cable_name =~ "Digilent Zed 210248B187AC" && level==0} -index 1' command is executed.
17:16:44 INFO  : 'fpga -state' command is executed.
17:16:44 INFO  : Connected to target on host '127.0.0.1' and port '3121'.
17:16:44 INFO  : Jtag cable 'Digilent Zed 210248B187AC' is selected.
17:16:44 INFO  : 'jtag frequency' command is executed.
17:16:44 INFO  : Sourcing of 'E:/CAB/LAB_2/lab2/lab2.sdk/system_wrapper_hw_platform_1/ps7_init.tcl' is done.
17:16:44 INFO  : Context for 'APU' is selected.
17:16:44 INFO  : Hardware design information is loaded from 'E:/CAB/LAB_2/lab2/lab2.sdk/system_wrapper_hw_platform_1/system.hdf'.
17:16:44 INFO  : 'configparams force-mem-access 1' command is executed.
17:16:44 INFO  : Context for 'APU' is selected.
17:16:45 INFO  : 'stop' command is executed.
17:16:45 INFO  : 'ps7_init' command is executed.
17:16:45 INFO  : 'ps7_post_config' command is executed.
17:16:45 INFO  : Context for processor 'ps7_cortexa9_0' is selected.
17:16:45 INFO  : Processor reset is completed for 'ps7_cortexa9_0'.
17:16:45 INFO  : Context for processor 'ps7_cortexa9_0' is selected.
17:16:45 INFO  : The application 'E:/CAB/LAB_2/lab2/lab2.sdk/TestApp/Debug/TestApp.elf' is downloaded to processor 'ps7_cortexa9_0'.
17:16:45 INFO  : 'configparams force-mem-access 0' command is executed.
17:16:45 INFO  : ----------------XSDB Script----------------
connect -url tcp:127.0.0.1:3121
source E:/CAB/LAB_2/lab2/lab2.sdk/system_wrapper_hw_platform_1/ps7_init.tcl
targets -set -nocase -filter {name =~"APU*" && jtag_cable_name =~ "Digilent Zed 210248B187AC"} -index 0
loadhw -hw E:/CAB/LAB_2/lab2/lab2.sdk/system_wrapper_hw_platform_1/system.hdf -mem-ranges [list {0x40000000 0xbfffffff}]
configparams force-mem-access 1
targets -set -nocase -filter {name =~"APU*" && jtag_cable_name =~ "Digilent Zed 210248B187AC"} -index 0
stop
ps7_init
ps7_post_config
targets -set -nocase -filter {name =~ "ARM*#0" && jtag_cable_name =~ "Digilent Zed 210248B187AC"} -index 0
rst -processor
targets -set -nocase -filter {name =~ "ARM*#0" && jtag_cable_name =~ "Digilent Zed 210248B187AC"} -index 0
dow E:/CAB/LAB_2/lab2/lab2.sdk/TestApp/Debug/TestApp.elf
configparams force-mem-access 0
----------------End of Script----------------

17:16:45 INFO  : Context for processor 'ps7_cortexa9_0' is selected.
17:16:45 INFO  : 'con' command is executed.
17:16:45 INFO  : ----------------XSDB Script (After Launch)----------------
targets -set -nocase -filter {name =~ "ARM*#0" && jtag_cable_name =~ "Digilent Zed 210248B187AC"} -index 0
con
----------------End of Script----------------

17:16:45 INFO  : Disconnected from the channel tcfchan#10.
17:17:04 INFO  : Connected to target on host '127.0.0.1' and port '3121'.
17:17:04 INFO  : 'targets -set -filter {jtag_cable_name =~ "Digilent Zed 210248B187AC" && level==0} -index 1' command is executed.
17:17:06 INFO  : FPGA configured successfully with bitstream "E:/CAB/LAB_2/lab2/lab2.sdk/system_wrapper_hw_platform_1/system_wrapper.bit"
17:17:17 INFO  : 'targets -set -filter {jtag_cable_name =~ "Digilent Zed 210248B187AC" && level==0} -index 1' command is executed.
17:17:17 INFO  : 'fpga -state' command is executed.
17:17:17 INFO  : Connected to target on host '127.0.0.1' and port '3121'.
17:17:18 INFO  : Jtag cable 'Digilent Zed 210248B187AC' is selected.
17:17:18 INFO  : 'jtag frequency' command is executed.
17:17:18 INFO  : Sourcing of 'E:/CAB/LAB_2/lab2/lab2.sdk/system_wrapper_hw_platform_1/ps7_init.tcl' is done.
17:17:18 INFO  : Context for 'APU' is selected.
17:17:18 INFO  : Hardware design information is loaded from 'E:/CAB/LAB_2/lab2/lab2.sdk/system_wrapper_hw_platform_1/system.hdf'.
17:17:18 INFO  : 'configparams force-mem-access 1' command is executed.
17:17:18 INFO  : Context for 'APU' is selected.
17:17:18 INFO  : 'stop' command is executed.
17:17:19 INFO  : 'ps7_init' command is executed.
17:17:19 INFO  : 'ps7_post_config' command is executed.
17:17:19 INFO  : Context for processor 'ps7_cortexa9_0' is selected.
17:17:19 INFO  : Processor reset is completed for 'ps7_cortexa9_0'.
17:17:19 INFO  : Context for processor 'ps7_cortexa9_0' is selected.
17:17:19 INFO  : The application 'E:/CAB/LAB_2/lab2/lab2.sdk/TestApp/Debug/TestApp.elf' is downloaded to processor 'ps7_cortexa9_0'.
17:17:19 INFO  : 'configparams force-mem-access 0' command is executed.
17:17:19 INFO  : ----------------XSDB Script----------------
connect -url tcp:127.0.0.1:3121
source E:/CAB/LAB_2/lab2/lab2.sdk/system_wrapper_hw_platform_1/ps7_init.tcl
targets -set -nocase -filter {name =~"APU*" && jtag_cable_name =~ "Digilent Zed 210248B187AC"} -index 0
loadhw -hw E:/CAB/LAB_2/lab2/lab2.sdk/system_wrapper_hw_platform_1/system.hdf -mem-ranges [list {0x40000000 0xbfffffff}]
configparams force-mem-access 1
targets -set -nocase -filter {name =~"APU*" && jtag_cable_name =~ "Digilent Zed 210248B187AC"} -index 0
stop
ps7_init
ps7_post_config
targets -set -nocase -filter {name =~ "ARM*#0" && jtag_cable_name =~ "Digilent Zed 210248B187AC"} -index 0
rst -processor
targets -set -nocase -filter {name =~ "ARM*#0" && jtag_cable_name =~ "Digilent Zed 210248B187AC"} -index 0
dow E:/CAB/LAB_2/lab2/lab2.sdk/TestApp/Debug/TestApp.elf
configparams force-mem-access 0
----------------End of Script----------------

17:17:19 INFO  : Memory regions updated for context APU
17:17:19 INFO  : Context for processor 'ps7_cortexa9_0' is selected.
17:17:19 INFO  : 'con' command is executed.
17:17:19 INFO  : ----------------XSDB Script (After Launch)----------------
targets -set -nocase -filter {name =~ "ARM*#0" && jtag_cable_name =~ "Digilent Zed 210248B187AC"} -index 0
con
----------------End of Script----------------

17:17:19 INFO  : Launch script is exported to file 'E:\CAB\LAB_2\lab2\lab2.sdk\.sdk\launch_scripts\xilinx_c-c++_application_(system_debugger)\system_debugger_using_debug_testapp.elf_on_local.tcl'
17:18:09 INFO  : Disconnected from the channel tcfchan#11.
17:18:10 INFO  : 'targets -set -filter {jtag_cable_name =~ "Digilent Zed 210248B187AC" && level==0} -index 1' command is executed.
17:18:10 INFO  : 'fpga -state' command is executed.
17:18:10 INFO  : Connected to target on host '127.0.0.1' and port '3121'.
17:18:10 INFO  : Jtag cable 'Digilent Zed 210248B187AC' is selected.
17:18:10 INFO  : 'jtag frequency' command is executed.
17:18:11 INFO  : Sourcing of 'E:/CAB/LAB_2/lab2/lab2.sdk/system_wrapper_hw_platform_1/ps7_init.tcl' is done.
17:18:11 INFO  : Context for 'APU' is selected.
17:18:15 INFO  : Hardware design information is loaded from 'E:/CAB/LAB_2/lab2/lab2.sdk/system_wrapper_hw_platform_1/system.hdf'.
17:18:15 INFO  : 'configparams force-mem-access 1' command is executed.
17:18:15 INFO  : Context for 'APU' is selected.
17:18:15 INFO  : 'stop' command is executed.
17:18:15 INFO  : 'ps7_init' command is executed.
17:18:15 INFO  : 'ps7_post_config' command is executed.
17:18:15 INFO  : Context for processor 'ps7_cortexa9_0' is selected.
17:18:15 INFO  : Processor reset is completed for 'ps7_cortexa9_0'.
17:18:15 INFO  : Context for processor 'ps7_cortexa9_0' is selected.
17:18:16 INFO  : The application 'E:/CAB/LAB_2/lab2/lab2.sdk/TestApp/Debug/TestApp.elf' is downloaded to processor 'ps7_cortexa9_0'.
17:18:16 INFO  : 'configparams force-mem-access 0' command is executed.
17:18:16 INFO  : ----------------XSDB Script----------------
connect -url tcp:127.0.0.1:3121
source E:/CAB/LAB_2/lab2/lab2.sdk/system_wrapper_hw_platform_1/ps7_init.tcl
targets -set -nocase -filter {name =~"APU*" && jtag_cable_name =~ "Digilent Zed 210248B187AC"} -index 0
loadhw -hw E:/CAB/LAB_2/lab2/lab2.sdk/system_wrapper_hw_platform_1/system.hdf -mem-ranges [list {0x40000000 0xbfffffff}]
configparams force-mem-access 1
targets -set -nocase -filter {name =~"APU*" && jtag_cable_name =~ "Digilent Zed 210248B187AC"} -index 0
stop
ps7_init
ps7_post_config
targets -set -nocase -filter {name =~ "ARM*#0" && jtag_cable_name =~ "Digilent Zed 210248B187AC"} -index 0
rst -processor
targets -set -nocase -filter {name =~ "ARM*#0" && jtag_cable_name =~ "Digilent Zed 210248B187AC"} -index 0
dow E:/CAB/LAB_2/lab2/lab2.sdk/TestApp/Debug/TestApp.elf
configparams force-mem-access 0
----------------End of Script----------------

17:18:16 INFO  : Memory regions updated for context APU
17:18:16 INFO  : Context for processor 'ps7_cortexa9_0' is selected.
17:18:16 INFO  : 'con' command is executed.
17:18:16 INFO  : ----------------XSDB Script (After Launch)----------------
targets -set -nocase -filter {name =~ "ARM*#0" && jtag_cable_name =~ "Digilent Zed 210248B187AC"} -index 0
con
----------------End of Script----------------

17:18:16 INFO  : Launch script is exported to file 'E:\CAB\LAB_2\lab2\lab2.sdk\.sdk\launch_scripts\xilinx_c-c++_application_(system_debugger)\system_debugger_using_debug_testapp.elf_on_local.tcl'
17:18:48 INFO  : 'targets -set -filter {jtag_cable_name =~ "Digilent Zed 210248B187AC" && level==0} -index 1' command is executed.
17:18:48 INFO  : 'fpga -state' command is executed.
17:18:48 INFO  : Connected to target on host '127.0.0.1' and port '3121'.
17:18:48 INFO  : Jtag cable 'Digilent Zed 210248B187AC' is selected.
17:18:48 INFO  : 'jtag frequency' command is executed.
17:18:48 INFO  : Sourcing of 'E:/CAB/LAB_2/lab2/lab2.sdk/system_wrapper_hw_platform_1/ps7_init.tcl' is done.
17:18:48 INFO  : Context for 'APU' is selected.
17:18:48 INFO  : Hardware design information is loaded from 'E:/CAB/LAB_2/lab2/lab2.sdk/system_wrapper_hw_platform_1/system.hdf'.
17:18:48 INFO  : 'configparams force-mem-access 1' command is executed.
17:18:49 INFO  : Context for 'APU' is selected.
17:18:49 INFO  : 'stop' command is executed.
17:18:49 INFO  : 'ps7_init' command is executed.
17:18:49 INFO  : 'ps7_post_config' command is executed.
17:18:49 INFO  : Context for processor 'ps7_cortexa9_0' is selected.
17:18:49 INFO  : Processor reset is completed for 'ps7_cortexa9_0'.
17:18:49 INFO  : Context for processor 'ps7_cortexa9_0' is selected.
17:18:49 INFO  : The application 'E:/CAB/LAB_2/lab2/lab2.sdk/TestApp/Debug/TestApp.elf' is downloaded to processor 'ps7_cortexa9_0'.
17:18:49 INFO  : 'configparams force-mem-access 0' command is executed.
17:18:49 INFO  : ----------------XSDB Script----------------
connect -url tcp:127.0.0.1:3121
source E:/CAB/LAB_2/lab2/lab2.sdk/system_wrapper_hw_platform_1/ps7_init.tcl
targets -set -nocase -filter {name =~"APU*" && jtag_cable_name =~ "Digilent Zed 210248B187AC"} -index 0
loadhw -hw E:/CAB/LAB_2/lab2/lab2.sdk/system_wrapper_hw_platform_1/system.hdf -mem-ranges [list {0x40000000 0xbfffffff}]
configparams force-mem-access 1
targets -set -nocase -filter {name =~"APU*" && jtag_cable_name =~ "Digilent Zed 210248B187AC"} -index 0
stop
ps7_init
ps7_post_config
targets -set -nocase -filter {name =~ "ARM*#0" && jtag_cable_name =~ "Digilent Zed 210248B187AC"} -index 0
rst -processor
targets -set -nocase -filter {name =~ "ARM*#0" && jtag_cable_name =~ "Digilent Zed 210248B187AC"} -index 0
dow E:/CAB/LAB_2/lab2/lab2.sdk/TestApp/Debug/TestApp.elf
configparams force-mem-access 0
----------------End of Script----------------

17:18:49 INFO  : Context for processor 'ps7_cortexa9_0' is selected.
17:18:49 INFO  : 'con' command is executed.
17:18:49 INFO  : ----------------XSDB Script (After Launch)----------------
targets -set -nocase -filter {name =~ "ARM*#0" && jtag_cable_name =~ "Digilent Zed 210248B187AC"} -index 0
con
----------------End of Script----------------

17:18:49 INFO  : Disconnected from the channel tcfchan#12.
17:22:19 WARN  : channel "tcfchan#12" closed
15:06:56 INFO  : Registering command handlers for SDK TCF services
15:06:58 INFO  : Launching XSCT server: xsct.bat -interactive E:\CAB\LAB_4\lab4\lab4.sdk\temp_xsdb_launch_script.tcl
15:07:03 INFO  : XSCT server has started successfully.
15:07:13 INFO  : Processing command line option -hwspec E:/CAB/LAB_4/lab4/lab4.sdk/system_wrapper.hdf.
15:07:13 INFO  : Successfully done setting XSCT server connection channel  
15:07:13 INFO  : Successfully done setting SDK workspace  
15:41:31 INFO  : Connected to target on host '127.0.0.1' and port '3121'.
15:41:32 INFO  : 'targets -set -filter {jtag_cable_name =~ "Digilent Zed 210248B187AC" && level==0} -index 1' command is executed.
15:41:34 INFO  : FPGA configured successfully with bitstream "E:/CAB/LAB_4/lab4/lab4.sdk/system_wrapper_hw_platform_2/system_wrapper.bit"
15:42:10 INFO  : 'targets -set -filter {jtag_cable_name =~ "Digilent Zed 210248B187AC" && level==0} -index 1' command is executed.
15:42:10 INFO  : 'fpga -state' command is executed.
15:42:10 INFO  : Connected to target on host '127.0.0.1' and port '3121'.
15:42:10 INFO  : Jtag cable 'Digilent Zed 210248B187AC' is selected.
15:42:10 INFO  : 'jtag frequency' command is executed.
15:42:10 INFO  : Sourcing of 'E:/CAB/LAB_4/lab4/lab4.sdk/system_wrapper_hw_platform_2/ps7_init.tcl' is done.
15:42:10 INFO  : Context for 'APU' is selected.
15:42:11 INFO  : Hardware design information is loaded from 'E:/CAB/LAB_4/lab4/lab4.sdk/system_wrapper_hw_platform_2/system.hdf'.
15:42:11 INFO  : 'configparams force-mem-access 1' command is executed.
15:42:11 INFO  : Context for 'APU' is selected.
15:42:11 INFO  : 'stop' command is executed.
15:42:11 INFO  : 'ps7_init' command is executed.
15:42:11 INFO  : 'ps7_post_config' command is executed.
15:42:11 INFO  : Context for processor 'ps7_cortexa9_0' is selected.
15:42:11 INFO  : Processor reset is completed for 'ps7_cortexa9_0'.
15:42:11 INFO  : Context for processor 'ps7_cortexa9_0' is selected.
15:42:11 INFO  : The application 'E:/CAB/LAB_4/lab4/lab4.sdk/lab4/Debug/lab4.elf' is downloaded to processor 'ps7_cortexa9_0'.
15:42:11 INFO  : 'configparams force-mem-access 0' command is executed.
15:42:11 INFO  : ----------------XSDB Script----------------
connect -url tcp:127.0.0.1:3121
source E:/CAB/LAB_4/lab4/lab4.sdk/system_wrapper_hw_platform_2/ps7_init.tcl
targets -set -nocase -filter {name =~"APU*" && jtag_cable_name =~ "Digilent Zed 210248B187AC"} -index 0
loadhw -hw E:/CAB/LAB_4/lab4/lab4.sdk/system_wrapper_hw_platform_2/system.hdf -mem-ranges [list {0x40000000 0xbfffffff}]
configparams force-mem-access 1
targets -set -nocase -filter {name =~"APU*" && jtag_cable_name =~ "Digilent Zed 210248B187AC"} -index 0
stop
ps7_init
ps7_post_config
targets -set -nocase -filter {name =~ "ARM*#0" && jtag_cable_name =~ "Digilent Zed 210248B187AC"} -index 0
rst -processor
targets -set -nocase -filter {name =~ "ARM*#0" && jtag_cable_name =~ "Digilent Zed 210248B187AC"} -index 0
dow E:/CAB/LAB_4/lab4/lab4.sdk/lab4/Debug/lab4.elf
configparams force-mem-access 0
----------------End of Script----------------

15:42:11 INFO  : Context for processor 'ps7_cortexa9_0' is selected.
15:42:11 INFO  : 'con' command is executed.
15:42:11 INFO  : ----------------XSDB Script (After Launch)----------------
targets -set -nocase -filter {name =~ "ARM*#0" && jtag_cable_name =~ "Digilent Zed 210248B187AC"} -index 0
con
----------------End of Script----------------

15:42:12 INFO  : Disconnected from the channel tcfchan#1.
15:45:22 INFO  : Inferring section assignments and sizes from elf file: E:\CAB\LAB_4\lab4\lab4.sdk\lab4\Debug\lab4.elf
15:49:46 INFO  : Successfully generated E:\CAB\LAB_4\lab4\lab4.sdk\lab4\src\lscript.ld.
15:49:46 INFO  : Applying linker script to all configurations of project lab4.
15:49:46 INFO  : Setting rebuild state to true for all configurations of project lab4.
15:51:05 INFO  : 'targets -set -filter {jtag_cable_name =~ "Digilent Zed 210248B187AC" && level==0} -index 1' command is executed.
15:51:05 INFO  : 'fpga -state' command is executed.
15:51:05 INFO  : Connected to target on host '127.0.0.1' and port '3121'.
15:51:06 INFO  : Jtag cable 'Digilent Zed 210248B187AC' is selected.
15:51:06 INFO  : 'jtag frequency' command is executed.
15:51:06 INFO  : Sourcing of 'E:/CAB/LAB_4/lab4/lab4.sdk/system_wrapper_hw_platform_2/ps7_init.tcl' is done.
15:51:06 INFO  : Context for 'APU' is selected.
15:51:06 INFO  : Hardware design information is loaded from 'E:/CAB/LAB_4/lab4/lab4.sdk/system_wrapper_hw_platform_2/system.hdf'.
15:51:06 INFO  : 'configparams force-mem-access 1' command is executed.
15:51:06 INFO  : Context for 'APU' is selected.
15:51:06 INFO  : 'stop' command is executed.
15:51:06 INFO  : 'ps7_init' command is executed.
15:51:06 INFO  : 'ps7_post_config' command is executed.
15:51:06 INFO  : Context for processor 'ps7_cortexa9_0' is selected.
15:51:06 INFO  : Processor reset is completed for 'ps7_cortexa9_0'.
15:51:06 INFO  : Context for processor 'ps7_cortexa9_0' is selected.
15:51:07 INFO  : The application 'E:/CAB/LAB_4/lab4/lab4.sdk/lab4/Debug/lab4.elf' is downloaded to processor 'ps7_cortexa9_0'.
15:51:07 INFO  : 'configparams force-mem-access 0' command is executed.
15:51:07 INFO  : ----------------XSDB Script----------------
connect -url tcp:127.0.0.1:3121
source E:/CAB/LAB_4/lab4/lab4.sdk/system_wrapper_hw_platform_2/ps7_init.tcl
targets -set -nocase -filter {name =~"APU*" && jtag_cable_name =~ "Digilent Zed 210248B187AC"} -index 0
loadhw -hw E:/CAB/LAB_4/lab4/lab4.sdk/system_wrapper_hw_platform_2/system.hdf -mem-ranges [list {0x40000000 0xbfffffff}]
configparams force-mem-access 1
targets -set -nocase -filter {name =~"APU*" && jtag_cable_name =~ "Digilent Zed 210248B187AC"} -index 0
stop
ps7_init
ps7_post_config
targets -set -nocase -filter {name =~ "ARM*#0" && jtag_cable_name =~ "Digilent Zed 210248B187AC"} -index 0
rst -processor
targets -set -nocase -filter {name =~ "ARM*#0" && jtag_cable_name =~ "Digilent Zed 210248B187AC"} -index 0
dow E:/CAB/LAB_4/lab4/lab4.sdk/lab4/Debug/lab4.elf
configparams force-mem-access 0
----------------End of Script----------------

15:51:07 INFO  : Context for processor 'ps7_cortexa9_0' is selected.
15:51:07 INFO  : 'con' command is executed.
15:51:07 INFO  : ----------------XSDB Script (After Launch)----------------
targets -set -nocase -filter {name =~ "ARM*#0" && jtag_cable_name =~ "Digilent Zed 210248B187AC"} -index 0
con
----------------End of Script----------------

15:51:07 INFO  : Disconnected from the channel tcfchan#2.
