Copyright 1986-2018 Xilinx, Inc. All Rights Reserved.
------------------------------------------------------------------------------------
| Tool Version : Vivado v.2018.3 (win64) Build 2405991 Thu Dec  6 23:38:27 MST 2018
| Date         : Fri Mar 21 15:45:10 2025
| Host         : U211170 running 64-bit major release  (build 9200)
| Command      : upgrade_ip
| Device       : xc7z020clg484-1
------------------------------------------------------------------------------------

Upgrade Log for IP 'system_led_ip_0_0'

1. Summary
----------

SUCCESS in the upgrade of system_led_ip_0_0 (ehu.es:user:led_ip:1.0) from (Rev. 3) to (Rev. 4)






Copyright 1986-2018 Xilinx, Inc. All Rights Reserved.
------------------------------------------------------------------------------------
| Tool Version : Vivado v.2018.3 (win64) Build 2405991 Thu Dec  6 23:38:27 MST 2018
| Date         : Fri Mar 21 15:41:38 2025
| Host         : U211170 running 64-bit major release  (build 9200)
| Command      : upgrade_ip
| Device       : xc7z020clg484-1
------------------------------------------------------------------------------------

Upgrade Log for IP 'system_led_ip_0_0'

1. Summary
----------

SUCCESS in the upgrade of system_led_ip_0_0 (ehu.es:user:led_ip:1.0) from (Rev. 2) to (Rev. 3)

