#-----------------------------------------------------------
# Vivado v2018.3 (64-bit)
# SW Build 2405991 on Thu Dec  6 23:38:27 MST 2018
# IP Build 2404404 on Fri Dec  7 01:43:56 MST 2018
# Start of session at: Fri Mar 21 15:16:05 2025
# Process ID: 8768
# Current directory: E:/CAB/LAB_3/lab3
# Command line: vivado.exe -gui_launcher_event rodinguilauncherevent9016 E:\CAB\LAB_3\lab3\lab3.xpr
# Log file: E:/CAB/LAB_3/lab3/vivado.log
# Journal file: E:/CAB/LAB_3/lab3\vivado.jou
#-----------------------------------------------------------
start_gui
open_project E:/CAB/LAB_3/lab3/lab3.xpr
Scanning sources...
Finished scanning sources
INFO: [IP_Flow 19-234] Refreshing IP repositories
INFO: [IP_Flow 19-1700] Loaded user IP repository 'e:/CAB/LAB_3/lab3/led_ip'.
INFO: [IP_Flow 19-2313] Loaded Vivado IP repository 'C:/Xilinx/Vivado/2018.3/data/ip'.
open_project: Time (s): cpu = 00:00:13 ; elapsed = 00:00:07 . Memory (MB): peak = 739.605 ; gain = 141.852
open_bd_design {E:/CAB/LAB_3/lab3/lab3.srcs/sources_1/bd/system/system.bd}
Adding cell -- xilinx.com:ip:processing_system7:5.5 - processing_system7_0
Adding cell -- xilinx.com:ip:axi_gpio:2.0 - switches
Adding cell -- xilinx.com:ip:axi_interconnect:2.1 - ps7_0_axi_periph
Adding cell -- xilinx.com:ip:axi_crossbar:2.1 - xbar
Adding cell -- xilinx.com:ip:axi_protocol_converter:2.1 - auto_pc
Adding cell -- xilinx.com:ip:proc_sys_reset:5.0 - rst_ps7_0_100M
Adding cell -- xilinx.com:ip:axi_gpio:2.0 - buttons
Successfully read diagram <system> from BD file <E:/CAB/LAB_3/lab3/lab3.srcs/sources_1/bd/system/system.bd>
open_bd_design: Time (s): cpu = 00:00:10 ; elapsed = 00:00:10 . Memory (MB): peak = 1343.184 ; gain = 111.563
update_compile_order -fileset sources_1
startgroup
create_bd_cell -type ip -vlnv ehu.es:user:led_ip:1.0 led_ip_0
endgroup
set_property name led_ip [get_bd_cells led_ip_0]
regenerate_bd_layout
startgroup
make_bd_pins_external  [get_bd_pins led_ip/LED]
endgroup
apply_bd_automation -rule xilinx.com:bd_rule:axi4 -config { Clk_master {/processing_system7_0/FCLK_CLK0 (100 MHz)} Clk_slave {Auto} Clk_xbar {/processing_system7_0/FCLK_CLK0 (100 MHz)} Master {/processing_system7_0/M_AXI_GP0} Slave {/led_ip/S_AXI} intc_ip {/ps7_0_axi_periph} master_apm {0}}  [get_bd_intf_pins led_ip/S_AXI]
delete_bd_objs: Time (s): cpu = 00:00:01 ; elapsed = 00:00:06 . Memory (MB): peak = 1365.141 ; gain = 0.000
</led_ip/S_AXI/S_AXI_reg> is being mapped into </processing_system7_0/Data> at <0x43C00000 [ 64K ]>
apply_bd_automation: Time (s): cpu = 00:00:02 ; elapsed = 00:00:07 . Memory (MB): peak = 1365.141 ; gain = 0.000
startgroup
create_bd_cell -type ip -vlnv xilinx.com:ip:axi_bram_ctrl:4.1 axi_bram_ctrl_0
INFO: [xilinx.com:ip:axi_bram_ctrl:4.1-2] system_axi_bram_ctrl_0_0: In IP Integrator, please note that memory depth value gets calculated based on the Data Width of the IP and Address range selected in the Address Editor.Incase a validation error occured on the range of this parameter, please check if the selected Data width and the Address Range are valid. For valid Data width and memory depth values, please refer to the AXI BRAM Controller Product Guide.
INFO: [xilinx.com:ip:axi_bram_ctrl:4.1-1] system_axi_bram_ctrl_0_0: In IP Integrator, The Maximum address range supported is 2G. Selecting the address range more than 2G in the address editor may resets the value of Memory depth to default value (1024). please refer to the AXI BRAM Controller Product Guide.
endgroup
startgroup
apply_bd_automation -rule xilinx.com:bd_rule:axi4 -config { Clk_master {/processing_system7_0/FCLK_CLK0 (100 MHz)} Clk_slave {Auto} Clk_xbar {/processing_system7_0/FCLK_CLK0 (100 MHz)} Master {/processing_system7_0/M_AXI_GP0} Slave {/axi_bram_ctrl_0/S_AXI} intc_ip {/ps7_0_axi_periph} master_apm {0}}  [get_bd_intf_pins axi_bram_ctrl_0/S_AXI]
</axi_bram_ctrl_0/S_AXI/Mem0> is being mapped into </processing_system7_0/Data> at <0x40000000 [ 8K ]>
apply_bd_automation -rule xilinx.com:bd_rule:bram_cntlr -config {BRAM "Auto" }  [get_bd_intf_pins axi_bram_ctrl_0/BRAM_PORTA]
INFO: [Device 21-403] Loading part xc7z020clg484-1
create_bd_cell: Time (s): cpu = 00:00:04 ; elapsed = 00:00:08 . Memory (MB): peak = 1365.141 ; gain = 0.000
apply_bd_automation: Time (s): cpu = 00:00:04 ; elapsed = 00:00:08 . Memory (MB): peak = 1365.141 ; gain = 0.000
apply_bd_automation -rule xilinx.com:bd_rule:bram_cntlr -config {BRAM "Auto" }  [get_bd_intf_pins axi_bram_ctrl_0/BRAM_PORTB]
endgroup
WARNING: [IP_Flow 19-465] param 'READ_LATENCY' already exists. Ignoring.
startgroup
set_property -dict [list CONFIG.SINGLE_PORT_BRAM {1}] [get_bd_cells axi_bram_ctrl_0]
delete_bd_objs [get_bd_intf_nets axi_bram_ctrl_0_BRAM_PORTB]
endgroup
delete_bd_objs [get_bd_intf_nets axi_bram_ctrl_0_BRAM_PORTA] [get_bd_cells axi_bram_ctrl_0_bram]
apply_bd_automation -rule xilinx.com:bd_rule:bram_cntlr -config {BRAM "Auto" }  [get_bd_intf_pins axi_bram_ctrl_0/BRAM_PORTA]
regenerate_bd_layout
validate_bd_design
WARNING: [BD 41-2180] Resetting the memory initialization file of </axi_bram_ctrl_0_bram> to default.
validate_bd_design -force
WARNING: [BD 41-2180] Resetting the memory initialization file of </axi_bram_ctrl_0_bram> to default.
set_property name LED [get_bd_ports LED_0]
validate_bd_design
WARNING: [BD 41-2180] Resetting the memory initialization file of </axi_bram_ctrl_0_bram> to default.
add_files -fileset constrs_1 -norecurse E:/CAB/LAB_3/lab3/lab3_zed.xdc
generate_target all [get_files  E:/CAB/LAB_3/lab3/lab3.srcs/sources_1/bd/system/system.bd]
INFO: [BD 41-1662] The design 'system.bd' is already validated. Therefore parameter propagation will not be re-run.
WARNING: [BD 41-2180] Resetting the memory initialization file of </axi_bram_ctrl_0_bram> to default.
Wrote  : <E:\CAB\LAB_3\lab3\lab3.srcs\sources_1\bd\system\system.bd> 
Wrote  : <E:/CAB/LAB_3/lab3/lab3.srcs/sources_1/bd/system/ui/bd_c954508f.ui> 
WARNING: [BD 41-235] Width mismatch when connecting pin: '/axi_bram_ctrl_0_bram/addra'(32) to net 'axi_bram_ctrl_0_BRAM_PORTA_ADDR'(13) - Only lower order bits will be connected.
VHDL Output written to : E:/CAB/LAB_3/lab3/lab3.srcs/sources_1/bd/system/synth/system.vhd
WARNING: [BD 41-235] Width mismatch when connecting pin: '/axi_bram_ctrl_0_bram/addra'(32) to net 'axi_bram_ctrl_0_BRAM_PORTA_ADDR'(13) - Only lower order bits will be connected.
VHDL Output written to : E:/CAB/LAB_3/lab3/lab3.srcs/sources_1/bd/system/sim/system.vhd
VHDL Output written to : E:/CAB/LAB_3/lab3/lab3.srcs/sources_1/bd/system/hdl/system_wrapper.vhd
INFO: [BD 41-1029] Generation completed for the IP Integrator block processing_system7_0 .
INFO: [BD 41-1029] Generation completed for the IP Integrator block switches .
INFO: [BD 41-1029] Generation completed for the IP Integrator block ps7_0_axi_periph/xbar .
INFO: [BD 41-1029] Generation completed for the IP Integrator block rst_ps7_0_100M .
INFO: [BD 41-1029] Generation completed for the IP Integrator block buttons .
WARNING: [IP_Flow 19-4994] Overwriting existing constraint file 'e:/CAB/LAB_3/lab3/lab3.srcs/sources_1/bd/system/ip/system_auto_pc_3/system_auto_pc_3_ooc.xdc'
INFO: [BD 41-1029] Generation completed for the IP Integrator block ps7_0_axi_periph/s00_couplers/auto_pc .
WARNING: [IP_Flow 19-4994] Overwriting existing constraint file 'e:/CAB/LAB_3/lab3/lab3.srcs/sources_1/bd/system/ip/system_auto_pc_0/system_auto_pc_0_ooc.xdc'
INFO: [BD 41-1029] Generation completed for the IP Integrator block ps7_0_axi_periph/m00_couplers/auto_pc .
WARNING: [IP_Flow 19-4994] Overwriting existing constraint file 'e:/CAB/LAB_3/lab3/lab3.srcs/sources_1/bd/system/ip/system_auto_pc_1/system_auto_pc_1_ooc.xdc'
INFO: [BD 41-1029] Generation completed for the IP Integrator block ps7_0_axi_periph/m01_couplers/auto_pc .
WARNING: [IP_Flow 19-4994] Overwriting existing constraint file 'e:/CAB/LAB_3/lab3/lab3.srcs/sources_1/bd/system/ip/system_auto_pc_2/system_auto_pc_2_ooc.xdc'
INFO: [BD 41-1029] Generation completed for the IP Integrator block ps7_0_axi_periph/m02_couplers/auto_pc .
INFO: [BD 41-1029] Generation completed for the IP Integrator block led_ip .
INFO: [BD 41-1029] Generation completed for the IP Integrator block axi_bram_ctrl_0 .
INFO: [BD 41-1029] Generation completed for the IP Integrator block axi_bram_ctrl_0_bram .
Exporting to file E:/CAB/LAB_3/lab3/lab3.srcs/sources_1/bd/system/hw_handoff/system.hwh
Generated Block Design Tcl file E:/CAB/LAB_3/lab3/lab3.srcs/sources_1/bd/system/hw_handoff/system_bd.tcl
Generated Hardware Definition File E:/CAB/LAB_3/lab3/lab3.srcs/sources_1/bd/system/synth/system.hwdef
generate_target: Time (s): cpu = 00:00:04 ; elapsed = 00:00:27 . Memory (MB): peak = 1365.141 ; gain = 0.000
catch { config_ip_cache -export [get_ips -all system_xbar_0] }
catch { config_ip_cache -export [get_ips -all system_auto_pc_3] }
catch { config_ip_cache -export [get_ips -all system_auto_pc_0] }
catch { config_ip_cache -export [get_ips -all system_auto_pc_1] }
catch { config_ip_cache -export [get_ips -all system_auto_pc_2] }
catch { config_ip_cache -export [get_ips -all system_led_ip_0_0] }
catch { config_ip_cache -export [get_ips -all system_axi_bram_ctrl_0_0] }
catch { config_ip_cache -export [get_ips -all system_axi_bram_ctrl_0_bram_1] }
export_ip_user_files -of_objects [get_files E:/CAB/LAB_3/lab3/lab3.srcs/sources_1/bd/system/system.bd] -no_script -sync -force -quiet
create_ip_run [get_files -of_objects [get_fileset sources_1] E:/CAB/LAB_3/lab3/lab3.srcs/sources_1/bd/system/system.bd]
create_ip_run: Time (s): cpu = 00:00:02 ; elapsed = 00:00:09 . Memory (MB): peak = 1365.141 ; gain = 0.000
launch_runs -jobs 5 {system_xbar_0_synth_1 system_auto_pc_3_synth_1 system_auto_pc_0_synth_1 system_auto_pc_1_synth_1 system_auto_pc_2_synth_1 system_led_ip_0_0_synth_1 system_axi_bram_ctrl_0_0_synth_1 system_axi_bram_ctrl_0_bram_1_synth_1}
[Fri Mar 21 15:24:44 2025] Launched system_xbar_0_synth_1, system_auto_pc_3_synth_1, system_auto_pc_0_synth_1, system_auto_pc_1_synth_1, system_auto_pc_2_synth_1, system_led_ip_0_0_synth_1, system_axi_bram_ctrl_0_0_synth_1, system_axi_bram_ctrl_0_bram_1_synth_1...
Run output will be captured here:
system_xbar_0_synth_1: E:/CAB/LAB_3/lab3/lab3.runs/system_xbar_0_synth_1/runme.log
system_auto_pc_3_synth_1: E:/CAB/LAB_3/lab3/lab3.runs/system_auto_pc_3_synth_1/runme.log
system_auto_pc_0_synth_1: E:/CAB/LAB_3/lab3/lab3.runs/system_auto_pc_0_synth_1/runme.log
system_auto_pc_1_synth_1: E:/CAB/LAB_3/lab3/lab3.runs/system_auto_pc_1_synth_1/runme.log
system_auto_pc_2_synth_1: E:/CAB/LAB_3/lab3/lab3.runs/system_auto_pc_2_synth_1/runme.log
system_led_ip_0_0_synth_1: E:/CAB/LAB_3/lab3/lab3.runs/system_led_ip_0_0_synth_1/runme.log
system_axi_bram_ctrl_0_0_synth_1: E:/CAB/LAB_3/lab3/lab3.runs/system_axi_bram_ctrl_0_0_synth_1/runme.log
system_axi_bram_ctrl_0_bram_1_synth_1: E:/CAB/LAB_3/lab3/lab3.runs/system_axi_bram_ctrl_0_bram_1_synth_1/runme.log
launch_runs: Time (s): cpu = 00:00:02 ; elapsed = 00:00:16 . Memory (MB): peak = 1365.141 ; gain = 0.000
export_simulation -of_objects [get_files E:/CAB/LAB_3/lab3/lab3.srcs/sources_1/bd/system/system.bd] -directory E:/CAB/LAB_3/lab3/lab3.ip_user_files/sim_scripts -ip_user_files_dir E:/CAB/LAB_3/lab3/lab3.ip_user_files -ipstatic_source_dir E:/CAB/LAB_3/lab3/lab3.ip_user_files/ipstatic -lib_map_path [list {modelsim=E:/CAB/LAB_3/lab3/lab3.cache/compile_simlib/modelsim} {questa=E:/CAB/LAB_3/lab3/lab3.cache/compile_simlib/questa} {riviera=E:/CAB/LAB_3/lab3/lab3.cache/compile_simlib/riviera} {activehdl=E:/CAB/LAB_3/lab3/lab3.cache/compile_simlib/activehdl}] -use_ip_compiled_libs -force -quiet
update_ip_catalog -rebuild -scan_changes
INFO: [IP_Flow 19-234] Refreshing IP repositories
INFO: [IP_Flow 19-1700] Loaded user IP repository 'e:/CAB/LAB_3/lab3/led_ip'.
report_ip_status -name ip_status
report_ip_status -name ip_status 
upgrade_ip -vlnv ehu.es:user:led_ip:1.0 [get_ips  system_led_ip_0_0] -log ip_upgrade.log
Upgrading 'E:/CAB/LAB_3/lab3/lab3.srcs/sources_1/bd/system/system.bd'
INFO: [IP_Flow 19-3422] Upgraded system_led_ip_0_0 (led_ip_v1.0 1.0) from revision 2 to revision 3
Wrote  : <E:\CAB\LAB_3\lab3\lab3.srcs\sources_1\bd\system\system.bd> 
INFO: [Coretcl 2-1525] Wrote upgrade log to 'E:/CAB/LAB_3/lab3/ip_upgrade.log'.
export_ip_user_files -of_objects [get_ips system_led_ip_0_0] -no_script -sync -force -quiet
exit
INFO: [Common 17-206] Exiting Vivado at Fri Mar 21 15:42:17 2025...
