Copyright 1986-2018 Xilinx, Inc. All Rights Reserved.
---------------------------------------------------------------------------------------------------
| Tool Version : Vivado v.2018.3 (win64) Build 2405991 Thu Dec  6 23:38:27 MST 2018
| Date         : Sat Apr 26 00:55:31 2025
| Host         : LAPTOP-4N7ES2T7 running 64-bit major release  (build 9200)
| Command      : report_control_sets -verbose -file h2_blockDesign_wrapper_control_sets_placed.rpt
| Design       : h2_blockDesign_wrapper
| Device       : xc7z020
---------------------------------------------------------------------------------------------------

Control Set Information

Table of Contents
-----------------
1. Summary
2. Histogram
3. Flip-Flop Distribution
4. Detailed Control Set Information

1. Summary
----------

+----------------------------------------------------------+-------+
|                          Status                          | Count |
+----------------------------------------------------------+-------+
| Number of unique control sets                            |    60 |
| Unused register locations in slices containing registers |   132 |
+----------------------------------------------------------+-------+


2. Histogram
------------

+--------+--------------+
| Fanout | Control Sets |
+--------+--------------+
|      1 |            1 |
|      2 |            1 |
|      4 |            8 |
|      5 |            3 |
|      6 |            1 |
|      7 |            1 |
|      8 |           16 |
|      9 |            2 |
|     10 |            1 |
|     11 |            1 |
|     12 |            5 |
|     13 |            1 |
|     14 |            2 |
|    16+ |           17 |
+--------+--------------+


3. Flip-Flop Distribution
-------------------------

+--------------+-----------------------+------------------------+-----------------+--------------+
| Clock Enable | Synchronous Set/Reset | Asynchronous Set/Reset | Total Registers | Total Slices |
+--------------+-----------------------+------------------------+-----------------+--------------+
| No           | No                    | No                     |             208 |           66 |
| No           | No                    | Yes                    |               0 |            0 |
| No           | Yes                   | No                     |              81 |           31 |
| Yes          | No                    | No                     |             504 |          131 |
| Yes          | No                    | Yes                    |               0 |            0 |
| Yes          | Yes                   | No                     |             203 |           50 |
+--------------+-----------------------+------------------------+-----------------+--------------+


4. Detailed Control Set Information
-----------------------------------

+-------------------------------------------------------+----------------------------------------------------------------------------------------------------------------------------------------------------------------------+-------------------------------------------------------------------------------------------------------------------------------------------------------------+------------------+----------------+
|                      Clock Signal                     |                                                                             Enable Signal                                                                            |                                                                       Set/Reset Signal                                                                      | Slice Load Count | Bel Load Count |
+-------------------------------------------------------+----------------------------------------------------------------------------------------------------------------------------------------------------------------------+-------------------------------------------------------------------------------------------------------------------------------------------------------------+------------------+----------------+
|  h2_blockDesign_i/processing_system7_0/inst/FCLK_CLK0 | h2_blockDesign_i/ps7_0_axi_periph/s00_couplers/auto_pc/inst/gen_axilite.gen_b2s_conv.axilite_b2s/WR.aw_channel_0/aw_cmd_fsm_0/m_axi_awready_1                        | h2_blockDesign_i/ps7_0_axi_periph/s00_couplers/auto_pc/inst/gen_axilite.gen_b2s_conv.axilite_b2s/WR.aw_channel_0/aw_cmd_fsm_0/m_axi_awready_0               |                1 |              1 |
|  h2_blockDesign_i/processing_system7_0/inst/FCLK_CLK0 | h2_blockDesign_i/ps7_0_axi_periph/s00_couplers/auto_pc/inst/gen_axilite.gen_b2s_conv.axilite_b2s/WR.b_channel_0/bid_fifo_0/sel                                       |                                                                                                                                                             |                1 |              2 |
|  h2_blockDesign_i/processing_system7_0/inst/FCLK_CLK0 |                                                                                                                                                                      | h2_blockDesign_i/ps7_0_axi_periph/s00_couplers/auto_pc/inst/gen_axilite.gen_b2s_conv.axilite_b2s/SI_REG/aw.aw_pipe/aresetn_d_reg[0]_0                       |                4 |              4 |
|  h2_blockDesign_i/processing_system7_0/inst/FCLK_CLK1 | h2_blockDesign_i/AudioCodec/U0/audio_ip_v1_1_S00_AXI_inst/Inst_adau1761_izedboard/Inst_i2c/Inst_i3c2/i2c_bits_left0                                                  |                                                                                                                                                             |                2 |              4 |
|  h2_blockDesign_i/processing_system7_0/inst/FCLK_CLK0 | h2_blockDesign_i/switches/U0/AXI_LITE_IPIF_I/I_SLAVE_ATTACHMENT/start2                                                                                               | h2_blockDesign_i/switches/U0/AXI_LITE_IPIF_I/I_SLAVE_ATTACHMENT/I_DECODER/cs_ce_clr                                                                         |                2 |              4 |
|  h2_blockDesign_i/processing_system7_0/inst/FCLK_CLK0 |                                                                                                                                                                      | h2_blockDesign_i/ps7_0_axi_periph/s00_couplers/auto_pc/inst/gen_axilite.gen_b2s_conv.axilite_b2s/SI_REG/ar.ar_pipe/aresetn_d_reg[1]_inv_0                   |                3 |              4 |
|  h2_blockDesign_i/processing_system7_0/inst/FCLK_CLK1 | h2_blockDesign_i/AudioCodec/U0/audio_ip_v1_1_S00_AXI_inst/Inst_adau1761_izedboard/Inst_i2c/Inst_i3c2/state[3]_i_1_n_0                                                |                                                                                                                                                             |                2 |              4 |
|  h2_blockDesign_i/processing_system7_0/inst/FCLK_CLK0 | h2_blockDesign_i/switches/U0/AXI_LITE_IPIF_I/I_SLAVE_ATTACHMENT/bus2ip_addr_i[8]_i_1_n_0                                                                             | h2_blockDesign_i/switches/U0/AXI_LITE_IPIF_I/I_SLAVE_ATTACHMENT/SR[0]                                                                                       |                1 |              4 |
|  h2_blockDesign_i/processing_system7_0/inst/FCLK_CLK0 |                                                                                                                                                                      | h2_blockDesign_i/rst_ps7_0_100M/U0/EXT_LPF/lpf_int                                                                                                          |                1 |              4 |
|  h2_blockDesign_i/processing_system7_0/inst/FCLK_CLK0 |                                                                                                                                                                      | h2_blockDesign_i/switches/U0/AXI_LITE_IPIF_I/I_SLAVE_ATTACHMENT/clear                                                                                       |                1 |              4 |
|  h2_blockDesign_i/processing_system7_0/inst/FCLK_CLK0 | h2_blockDesign_i/ps7_0_axi_periph/s00_couplers/auto_pc/inst/gen_axilite.gen_b2s_conv.axilite_b2s/RD.ar_channel_0/ar_cmd_fsm_0/m_valid_i_reg                          | h2_blockDesign_i/ps7_0_axi_periph/s00_couplers/auto_pc/inst/gen_axilite.gen_b2s_conv.axilite_b2s/RD.ar_channel_0/ar_cmd_fsm_0/FSM_sequential_state_reg[0]_0 |                2 |              5 |
|  h2_blockDesign_i/processing_system7_0/inst/FCLK_CLK0 | h2_blockDesign_i/ps7_0_axi_periph/s00_couplers/auto_pc/inst/gen_axilite.gen_b2s_conv.axilite_b2s/RD.r_channel_0/rd_data_fifo_0/cnt_read[4]_i_1_n_0                   | h2_blockDesign_i/ps7_0_axi_periph/s00_couplers/auto_pc/inst/gen_axilite.gen_b2s_conv.axilite_b2s/areset_d1                                                  |                2 |              5 |
|  h2_blockDesign_i/processing_system7_0/inst/FCLK_CLK0 | h2_blockDesign_i/ps7_0_axi_periph/s00_couplers/auto_pc/inst/gen_axilite.gen_b2s_conv.axilite_b2s/RD.r_channel_0/rd_data_fifo_0/E[0]                                  | h2_blockDesign_i/ps7_0_axi_periph/s00_couplers/auto_pc/inst/gen_axilite.gen_b2s_conv.axilite_b2s/areset_d1                                                  |                2 |              5 |
|  h2_blockDesign_i/processing_system7_0/inst/FCLK_CLK0 | h2_blockDesign_i/rst_ps7_0_100M/U0/SEQ/seq_cnt_en                                                                                                                    | h2_blockDesign_i/rst_ps7_0_100M/U0/SEQ/SEQ_COUNTER/clear                                                                                                    |                1 |              6 |
|  h2_blockDesign_i/processing_system7_0/inst/FCLK_CLK1 |                                                                                                                                                                      |                                                                                                                                                             |                4 |              7 |
|  h2_blockDesign_i/processing_system7_0/inst/FCLK_CLK0 | h2_blockDesign_i/ps7_0_axi_periph/s00_couplers/auto_pc/inst/gen_axilite.gen_b2s_conv.axilite_b2s/WR.b_channel_0/mhandshake_r                                         | h2_blockDesign_i/ps7_0_axi_periph/s00_couplers/auto_pc/inst/gen_axilite.gen_b2s_conv.axilite_b2s/WR.b_channel_0/bid_fifo_0/SR[0]                            |                2 |              8 |
|  h2_blockDesign_i/processing_system7_0/inst/FCLK_CLK1 | h2_blockDesign_i/AudioCodec/U0/audio_ip_v1_1_S00_AXI_inst/Inst_adau1761_izedboard/Inst_i2c/Inst_i3c2/bitcount[7]_i_1_n_0                                             |                                                                                                                                                             |                4 |              8 |
|  h2_blockDesign_i/processing_system7_0/inst/FCLK_CLK0 | h2_blockDesign_i/AudioCodec/U0/audio_ip_v1_1_S00_AXI_inst/p_1_in[2]                                                                                                  | h2_blockDesign_i/AudioCodec/U0/axi_awready_i_1_n_0                                                                                                          |                4 |              8 |
|  h2_blockDesign_i/processing_system7_0/inst/FCLK_CLK0 | h2_blockDesign_i/switches/U0/AXI_LITE_IPIF_I/I_SLAVE_ATTACHMENT/I_DECODER/bus2ip_rnw_i_reg[0]                                                                        | h2_blockDesign_i/switches/U0/AXI_LITE_IPIF_I/I_SLAVE_ATTACHMENT/SR[0]                                                                                       |                2 |              8 |
|  h2_blockDesign_i/processing_system7_0/inst/FCLK_CLK0 | h2_blockDesign_i/AudioCodec/U0/audio_ip_v1_1_S00_AXI_inst/p_1_in[31]                                                                                                 | h2_blockDesign_i/AudioCodec/U0/axi_awready_i_1_n_0                                                                                                          |                1 |              8 |
|  h2_blockDesign_i/processing_system7_0/inst/FCLK_CLK0 | h2_blockDesign_i/AudioCodec/U0/audio_ip_v1_1_S00_AXI_inst/slv_reg1[15]_i_1_n_0                                                                                       | h2_blockDesign_i/AudioCodec/U0/axi_awready_i_1_n_0                                                                                                          |                1 |              8 |
|  h2_blockDesign_i/processing_system7_0/inst/FCLK_CLK0 | h2_blockDesign_i/AudioCodec/U0/audio_ip_v1_1_S00_AXI_inst/slv_reg2[23]_i_1_n_0                                                                                       | h2_blockDesign_i/AudioCodec/U0/axi_awready_i_1_n_0                                                                                                          |                2 |              8 |
|  h2_blockDesign_i/processing_system7_0/inst/FCLK_CLK0 | h2_blockDesign_i/AudioCodec/U0/audio_ip_v1_1_S00_AXI_inst/slv_reg1[7]_i_1_n_0                                                                                        | h2_blockDesign_i/AudioCodec/U0/axi_awready_i_1_n_0                                                                                                          |                2 |              8 |
|  h2_blockDesign_i/processing_system7_0/inst/FCLK_CLK0 | h2_blockDesign_i/AudioCodec/U0/audio_ip_v1_1_S00_AXI_inst/slv_reg1[23]_i_1_n_0                                                                                       | h2_blockDesign_i/AudioCodec/U0/axi_awready_i_1_n_0                                                                                                          |                1 |              8 |
|  h2_blockDesign_i/processing_system7_0/inst/FCLK_CLK0 | h2_blockDesign_i/AudioCodec/U0/audio_ip_v1_1_S00_AXI_inst/slv_reg2[15]_i_1_n_0                                                                                       | h2_blockDesign_i/AudioCodec/U0/axi_awready_i_1_n_0                                                                                                          |                1 |              8 |
|  h2_blockDesign_i/processing_system7_0/inst/FCLK_CLK0 | h2_blockDesign_i/AudioCodec/U0/audio_ip_v1_1_S00_AXI_inst/slv_reg2[31]_i_1_n_0                                                                                       | h2_blockDesign_i/AudioCodec/U0/axi_awready_i_1_n_0                                                                                                          |                2 |              8 |
|  h2_blockDesign_i/processing_system7_0/inst/FCLK_CLK0 | h2_blockDesign_i/AudioCodec/U0/audio_ip_v1_1_S00_AXI_inst/slv_reg1[31]_i_1_n_0                                                                                       | h2_blockDesign_i/AudioCodec/U0/axi_awready_i_1_n_0                                                                                                          |                1 |              8 |
|  h2_blockDesign_i/processing_system7_0/inst/FCLK_CLK0 | h2_blockDesign_i/AudioCodec/U0/audio_ip_v1_1_S00_AXI_inst/slv_reg2[7]_i_1_n_0                                                                                        | h2_blockDesign_i/AudioCodec/U0/axi_awready_i_1_n_0                                                                                                          |                1 |              8 |
|  h2_blockDesign_i/processing_system7_0/inst/FCLK_CLK0 | h2_blockDesign_i/AudioCodec/U0/audio_ip_v1_1_S00_AXI_inst/p_1_in[15]                                                                                                 | h2_blockDesign_i/AudioCodec/U0/axi_awready_i_1_n_0                                                                                                          |                1 |              8 |
|  h2_blockDesign_i/processing_system7_0/inst/FCLK_CLK0 | h2_blockDesign_i/AudioCodec/U0/audio_ip_v1_1_S00_AXI_inst/p_1_in[23]                                                                                                 | h2_blockDesign_i/AudioCodec/U0/axi_awready_i_1_n_0                                                                                                          |                1 |              8 |
|  h2_blockDesign_i/processing_system7_0/inst/FCLK_CLK0 |                                                                                                                                                                      | h2_blockDesign_i/switches/U0/AXI_LITE_IPIF_I/I_SLAVE_ATTACHMENT/I_DECODER/bus2ip_rnw_i_reg_0                                                                |                2 |              8 |
|  h2_blockDesign_i/processing_system7_0/inst/FCLK_CLK1 | h2_blockDesign_i/AudioCodec/U0/audio_ip_v1_1_S00_AXI_inst/Inst_adau1761_izedboard/Inst_i2c/Inst_i3c2/i2c_data[8]_i_1_n_0                                             |                                                                                                                                                             |                4 |              9 |
|  h2_blockDesign_i/processing_system7_0/inst/FCLK_CLK0 | h2_blockDesign_i/switches/U0/AXI_LITE_IPIF_I/I_SLAVE_ATTACHMENT/s_axi_rresp_i                                                                                        | h2_blockDesign_i/switches/U0/AXI_LITE_IPIF_I/I_SLAVE_ATTACHMENT/SR[0]                                                                                       |                2 |              9 |
|  h2_blockDesign_i/processing_system7_0/inst/FCLK_CLK0 |                                                                                                                                                                      | h2_blockDesign_i/ps7_0_axi_periph/s00_couplers/auto_pc/inst/gen_axilite.gen_b2s_conv.axilite_b2s/areset_d1                                                  |                3 |             10 |
|  h2_blockDesign_i/processing_system7_0/inst/FCLK_CLK0 |                                                                                                                                                                      | h2_blockDesign_i/ps7_0_axi_periph/xbar/inst/gen_sasd.crossbar_sasd_0/addr_arbiter_inst/SR[0]                                                                |                6 |             11 |
|  h2_blockDesign_i/processing_system7_0/inst/FCLK_CLK0 | h2_blockDesign_i/ps7_0_axi_periph/s00_couplers/auto_pc/inst/gen_axilite.gen_b2s_conv.axilite_b2s/RD.ar_channel_0/ar_cmd_fsm_0/E[0]                                   |                                                                                                                                                             |                7 |             12 |
|  h2_blockDesign_i/processing_system7_0/inst/FCLK_CLK0 | h2_blockDesign_i/ps7_0_axi_periph/s00_couplers/auto_pc/inst/gen_axilite.gen_b2s_conv.axilite_b2s/RD.ar_channel_0/ar_cmd_fsm_0/sel_first_reg[0]                       |                                                                                                                                                             |                3 |             12 |
|  h2_blockDesign_i/processing_system7_0/inst/FCLK_CLK0 | h2_blockDesign_i/ps7_0_axi_periph/s00_couplers/auto_pc/inst/gen_axilite.gen_b2s_conv.axilite_b2s/WR.aw_channel_0/aw_cmd_fsm_0/E[0]                                   |                                                                                                                                                             |                5 |             12 |
|  h2_blockDesign_i/processing_system7_0/inst/FCLK_CLK0 | h2_blockDesign_i/ps7_0_axi_periph/s00_couplers/auto_pc/inst/gen_axilite.gen_b2s_conv.axilite_b2s/WR.aw_channel_0/cmd_translator_0/incr_cmd_0/axaddr_incr[11]_i_1_n_0 |                                                                                                                                                             |                3 |             12 |
|  h2_blockDesign_i/processing_system7_0/inst/FCLK_CLK0 |                                                                                                                                                                      | h2_blockDesign_i/AudioCodec/U0/axi_awready_i_1_n_0                                                                                                          |                4 |             12 |
|  h2_blockDesign_i/processing_system7_0/inst/FCLK_CLK0 | h2_blockDesign_i/ps7_0_axi_periph/s00_couplers/auto_pc/inst/gen_axilite.gen_b2s_conv.axilite_b2s/RD.r_channel_0/r_push_r                                             |                                                                                                                                                             |                4 |             13 |
|  h2_blockDesign_i/processing_system7_0/inst/FCLK_CLK0 | h2_blockDesign_i/ps7_0_axi_periph/s00_couplers/auto_pc/inst/gen_axilite.gen_b2s_conv.axilite_b2s/SI_REG/b.b_pipe/p_1_in                                              |                                                                                                                                                             |                2 |             14 |
|  h2_blockDesign_i/processing_system7_0/inst/FCLK_CLK0 | h2_blockDesign_i/ps7_0_axi_periph/s00_couplers/auto_pc/inst/gen_axilite.gen_b2s_conv.axilite_b2s/SI_REG/b.b_pipe/s_ready_i_reg_0                                     |                                                                                                                                                             |                2 |             14 |
|  h2_blockDesign_i/processing_system7_0/inst/FCLK_CLK1 | h2_blockDesign_i/AudioCodec/U0/audio_ip_v1_1_S00_AXI_inst/Inst_adau1761_izedboard/Inst_i2c/Inst_i3c2/delay[15]_i_1_n_0                                               |                                                                                                                                                             |                8 |             16 |
|  h2_blockDesign_i/processing_system7_0/inst/FCLK_CLK0 | h2_blockDesign_i/ps7_0_axi_periph/s00_couplers/auto_pc/inst/gen_axilite.gen_b2s_conv.axilite_b2s/WR.aw_channel_0/aw_cmd_fsm_0/b_push                                 |                                                                                                                                                             |                3 |             16 |
|  h2_blockDesign_i/processing_system7_0/inst/FCLK_CLK1 | h2_blockDesign_i/AudioCodec/U0/audio_ip_v1_1_S00_AXI_inst/Inst_adau1761_izedboard/Inst_i2c/Inst_i3c2/pcnext[9]_i_1_n_0                                               |                                                                                                                                                             |                6 |             20 |
|  h2_blockDesign_i/processing_system7_0/inst/FCLK_CLK0 | h2_blockDesign_i/ps7_0_axi_periph/xbar/inst/gen_sasd.crossbar_sasd_0/addr_arbiter_inst/p_0_in1_in                                                                    | h2_blockDesign_i/ps7_0_axi_periph/xbar/inst/gen_sasd.crossbar_sasd_0/addr_arbiter_inst/SR[0]                                                                |                6 |             20 |
|  h2_blockDesign_i/processing_system7_0/inst/FCLK_CLK0 | h2_blockDesign_i/ps7_0_axi_periph/s00_couplers/auto_pc/inst/gen_axilite.gen_b2s_conv.axilite_b2s/RD.ar_channel_0/ar_cmd_fsm_0/m_valid_i_reg                          |                                                                                                                                                             |                8 |             21 |
|  h2_blockDesign_i/processing_system7_0/inst/FCLK_CLK0 |                                                                                                                                                                      | h2_blockDesign_i/switches/U0/AXI_LITE_IPIF_I/I_SLAVE_ATTACHMENT/SR[0]                                                                                       |                7 |             24 |
|  h2_blockDesign_i/processing_system7_0/inst/FCLK_CLK0 | h2_blockDesign_i/ps7_0_axi_periph/s00_couplers/auto_pc/inst/gen_axilite.gen_b2s_conv.axilite_b2s/WR.aw_channel_0/aw_cmd_fsm_0/m_axi_awready_1                        |                                                                                                                                                             |               10 |             25 |
|  h2_blockDesign_i/processing_system7_0/inst/FCLK_CLK0 | h2_blockDesign_i/AudioCodec/U0/audio_ip_v1_1_S00_AXI_inst/slv_reg_rden                                                                                               | h2_blockDesign_i/AudioCodec/U0/axi_awready_i_1_n_0                                                                                                          |                9 |             32 |
|  h2_blockDesign_i/processing_system7_0/inst/FCLK_CLK0 | h2_blockDesign_i/ps7_0_axi_periph/s00_couplers/auto_pc/inst/gen_axilite.gen_b2s_conv.axilite_b2s/RD.r_channel_0/rd_data_fifo_0/wr_en0                                |                                                                                                                                                             |                9 |             34 |
|  h2_blockDesign_i/processing_system7_0/inst/FCLK_CLK0 | h2_blockDesign_i/ps7_0_axi_periph/xbar/inst/gen_sasd.crossbar_sasd_0/addr_arbiter_inst/E[0]                                                                          |                                                                                                                                                             |                9 |             35 |
|  h2_blockDesign_i/processing_system7_0/inst/FCLK_CLK0 | h2_blockDesign_i/ps7_0_axi_periph/s00_couplers/auto_pc/inst/gen_axilite.gen_b2s_conv.axilite_b2s/SI_REG/r.r_pipe/s_ready_i_reg_0                                     |                                                                                                                                                             |                8 |             47 |
|  h2_blockDesign_i/processing_system7_0/inst/FCLK_CLK0 | h2_blockDesign_i/ps7_0_axi_periph/s00_couplers/auto_pc/inst/gen_axilite.gen_b2s_conv.axilite_b2s/SI_REG/r.r_pipe/p_1_in                                              |                                                                                                                                                             |                7 |             47 |
|  h2_blockDesign_i/processing_system7_0/inst/FCLK_CLK0 | h2_blockDesign_i/ps7_0_axi_periph/s00_couplers/auto_pc/inst/gen_axilite.gen_b2s_conv.axilite_b2s/RD.ar_channel_0/ar_cmd_fsm_0/FSM_sequential_state_reg[1]_0[0]       |                                                                                                                                                             |               11 |             48 |
|  h2_blockDesign_i/processing_system7_0/inst/FCLK_CLK0 | h2_blockDesign_i/ps7_0_axi_periph/s00_couplers/auto_pc/inst/gen_axilite.gen_b2s_conv.axilite_b2s/SI_REG/aw.aw_pipe/s_ready_i_reg_0                                   |                                                                                                                                                             |               10 |             48 |
|  h2_blockDesign_i/processing_system7_0/inst/FCLK_CLK0 | h2_blockDesign_i/ps7_0_axi_periph/s00_couplers/auto_pc/inst/gen_axilite.gen_b2s_conv.axilite_b2s/WR.aw_channel_0/aw_cmd_fsm_0/m_valid_i_reg[0]                       |                                                                                                                                                             |               10 |             48 |
|  h2_blockDesign_i/processing_system7_0/inst/FCLK_CLK0 | h2_blockDesign_i/ps7_0_axi_periph/s00_couplers/auto_pc/inst/gen_axilite.gen_b2s_conv.axilite_b2s/SI_REG/ar.ar_pipe/s_ready_i_reg_0                                   |                                                                                                                                                             |               10 |             48 |
|  h2_blockDesign_i/processing_system7_0/inst/FCLK_CLK0 |                                                                                                                                                                      |                                                                                                                                                             |               63 |            202 |
+-------------------------------------------------------+----------------------------------------------------------------------------------------------------------------------------------------------------------------------+-------------------------------------------------------------------------------------------------------------------------------------------------------------+------------------+----------------+


