
*** Running vivado
    with args -log h2_blockDesign_wrapper.vdi -applog -m64 -product Vivado -messageDb vivado.pb -mode batch -source h2_blockDesign_wrapper.tcl -notrace


****** Vivado v2018.3 (64-bit)
  **** SW Build 2405991 on Thu Dec  6 23:38:27 MST 2018
  **** IP Build 2404404 on Fri Dec  7 01:43:56 MST 2018
    ** Copyright 1986-2018 Xilinx, Inc. All Rights Reserved.

source h2_blockDesign_wrapper.tcl -notrace
INFO: [IP_Flow 19-234] Refreshing IP repositories
INFO: [IP_Flow 19-1700] Loaded user IP repository 'd:/CAB/TSN/audio_ip'.
INFO: [IP_Flow 19-2313] Loaded Vivado IP repository 'C:/Xilinx/Vivado/2018.3/data/ip'.
Command: link_design -top h2_blockDesign_wrapper -part xc7z020clg484-1
Design is defaulting to srcset: sources_1
Design is defaulting to constrset: constrs_1
INFO: [Project 1-454] Reading design checkpoint 'd:/CAB/TSN/H3/H3.srcs/sources_1/bd/h2_blockDesign/ip/h2_blockDesign_audio_ip_0_0/h2_blockDesign_audio_ip_0_0.dcp' for cell 'h2_blockDesign_i/AudioCodec'
INFO: [Project 1-454] Reading design checkpoint 'd:/CAB/TSN/H3/H3.srcs/sources_1/bd/h2_blockDesign/ip/h2_blockDesign_processing_system7_0_0/h2_blockDesign_processing_system7_0_0.dcp' for cell 'h2_blockDesign_i/processing_system7_0'
INFO: [Project 1-454] Reading design checkpoint 'd:/CAB/TSN/H3/H3.srcs/sources_1/bd/h2_blockDesign/ip/h2_blockDesign_rst_ps7_0_100M_0/h2_blockDesign_rst_ps7_0_100M_0.dcp' for cell 'h2_blockDesign_i/rst_ps7_0_100M'
INFO: [Project 1-454] Reading design checkpoint 'd:/CAB/TSN/H3/H3.srcs/sources_1/bd/h2_blockDesign/ip/h2_blockDesign_axi_gpio_0_0/h2_blockDesign_axi_gpio_0_0.dcp' for cell 'h2_blockDesign_i/switches'
INFO: [Project 1-454] Reading design checkpoint 'd:/CAB/TSN/H3/H3.srcs/sources_1/bd/h2_blockDesign/ip/h2_blockDesign_xbar_0/h2_blockDesign_xbar_0.dcp' for cell 'h2_blockDesign_i/ps7_0_axi_periph/xbar'
INFO: [Project 1-454] Reading design checkpoint 'd:/CAB/TSN/H3/H3.srcs/sources_1/bd/h2_blockDesign/ip/h2_blockDesign_auto_pc_0/h2_blockDesign_auto_pc_0.dcp' for cell 'h2_blockDesign_i/ps7_0_axi_periph/s00_couplers/auto_pc'
INFO: [Netlist 29-17] Analyzing 24 Unisim elements for replacement
INFO: [Netlist 29-28] Unisim Transformation completed in 0 CPU seconds
INFO: [Project 1-479] Netlist was created with Vivado 2018.3
INFO: [Device 21-403] Loading part xc7z020clg484-1
INFO: [Project 1-570] Preparing netlist for logic optimization
Parsing XDC File [d:/CAB/TSN/H3/H3.srcs/sources_1/bd/h2_blockDesign/ip/h2_blockDesign_processing_system7_0_0/h2_blockDesign_processing_system7_0_0.xdc] for cell 'h2_blockDesign_i/processing_system7_0/inst'
WARNING: [Vivado 12-2489] -input_jitter contains time 0.292500 which will be rounded to 0.293 to ensure it is an integer multiple of 1 picosecond [d:/CAB/TSN/H3/H3.srcs/sources_1/bd/h2_blockDesign/ip/h2_blockDesign_processing_system7_0_0/h2_blockDesign_processing_system7_0_0.xdc:21]
Finished Parsing XDC File [d:/CAB/TSN/H3/H3.srcs/sources_1/bd/h2_blockDesign/ip/h2_blockDesign_processing_system7_0_0/h2_blockDesign_processing_system7_0_0.xdc] for cell 'h2_blockDesign_i/processing_system7_0/inst'
Parsing XDC File [d:/CAB/TSN/H3/H3.srcs/sources_1/bd/h2_blockDesign/ip/h2_blockDesign_axi_gpio_0_0/h2_blockDesign_axi_gpio_0_0_board.xdc] for cell 'h2_blockDesign_i/switches/U0'
Finished Parsing XDC File [d:/CAB/TSN/H3/H3.srcs/sources_1/bd/h2_blockDesign/ip/h2_blockDesign_axi_gpio_0_0/h2_blockDesign_axi_gpio_0_0_board.xdc] for cell 'h2_blockDesign_i/switches/U0'
Parsing XDC File [d:/CAB/TSN/H3/H3.srcs/sources_1/bd/h2_blockDesign/ip/h2_blockDesign_axi_gpio_0_0/h2_blockDesign_axi_gpio_0_0.xdc] for cell 'h2_blockDesign_i/switches/U0'
Finished Parsing XDC File [d:/CAB/TSN/H3/H3.srcs/sources_1/bd/h2_blockDesign/ip/h2_blockDesign_axi_gpio_0_0/h2_blockDesign_axi_gpio_0_0.xdc] for cell 'h2_blockDesign_i/switches/U0'
Parsing XDC File [d:/CAB/TSN/H3/H3.srcs/sources_1/bd/h2_blockDesign/ip/h2_blockDesign_rst_ps7_0_100M_0/h2_blockDesign_rst_ps7_0_100M_0_board.xdc] for cell 'h2_blockDesign_i/rst_ps7_0_100M/U0'
Finished Parsing XDC File [d:/CAB/TSN/H3/H3.srcs/sources_1/bd/h2_blockDesign/ip/h2_blockDesign_rst_ps7_0_100M_0/h2_blockDesign_rst_ps7_0_100M_0_board.xdc] for cell 'h2_blockDesign_i/rst_ps7_0_100M/U0'
Parsing XDC File [d:/CAB/TSN/H3/H3.srcs/sources_1/bd/h2_blockDesign/ip/h2_blockDesign_rst_ps7_0_100M_0/h2_blockDesign_rst_ps7_0_100M_0.xdc] for cell 'h2_blockDesign_i/rst_ps7_0_100M/U0'
Finished Parsing XDC File [d:/CAB/TSN/H3/H3.srcs/sources_1/bd/h2_blockDesign/ip/h2_blockDesign_rst_ps7_0_100M_0/h2_blockDesign_rst_ps7_0_100M_0.xdc] for cell 'h2_blockDesign_i/rst_ps7_0_100M/U0'
Parsing XDC File [D:/CAB/TSN/H3/H3.srcs/constrs_1/imports/new/constraints.xdc]
WARNING: [Vivado 12-584] No ports matched 'sw[0]'. [D:/CAB/TSN/H3/H3.srcs/constrs_1/imports/new/constraints.xdc:238]
CRITICAL WARNING: [Common 17-55] 'set_property' expects at least one object. [D:/CAB/TSN/H3/H3.srcs/constrs_1/imports/new/constraints.xdc:238]
Resolution: If [get_<value>] was used to populate the object, check to make sure this command returns at least one valid object.
WARNING: [Vivado 12-584] No ports matched 'sw[1]'. [D:/CAB/TSN/H3/H3.srcs/constrs_1/imports/new/constraints.xdc:239]
CRITICAL WARNING: [Common 17-55] 'set_property' expects at least one object. [D:/CAB/TSN/H3/H3.srcs/constrs_1/imports/new/constraints.xdc:239]
Resolution: If [get_<value>] was used to populate the object, check to make sure this command returns at least one valid object.
WARNING: [Vivado 12-584] No ports matched 'sw[2]'. [D:/CAB/TSN/H3/H3.srcs/constrs_1/imports/new/constraints.xdc:240]
CRITICAL WARNING: [Common 17-55] 'set_property' expects at least one object. [D:/CAB/TSN/H3/H3.srcs/constrs_1/imports/new/constraints.xdc:240]
Resolution: If [get_<value>] was used to populate the object, check to make sure this command returns at least one valid object.
WARNING: [Vivado 12-584] No ports matched 'sw[3]'. [D:/CAB/TSN/H3/H3.srcs/constrs_1/imports/new/constraints.xdc:241]
CRITICAL WARNING: [Common 17-55] 'set_property' expects at least one object. [D:/CAB/TSN/H3/H3.srcs/constrs_1/imports/new/constraints.xdc:241]
Resolution: If [get_<value>] was used to populate the object, check to make sure this command returns at least one valid object.
WARNING: [Vivado 12-584] No ports matched 'sw[4]'. [D:/CAB/TSN/H3/H3.srcs/constrs_1/imports/new/constraints.xdc:242]
CRITICAL WARNING: [Common 17-55] 'set_property' expects at least one object. [D:/CAB/TSN/H3/H3.srcs/constrs_1/imports/new/constraints.xdc:242]
Resolution: If [get_<value>] was used to populate the object, check to make sure this command returns at least one valid object.
WARNING: [Vivado 12-584] No ports matched 'sw[5]'. [D:/CAB/TSN/H3/H3.srcs/constrs_1/imports/new/constraints.xdc:243]
CRITICAL WARNING: [Common 17-55] 'set_property' expects at least one object. [D:/CAB/TSN/H3/H3.srcs/constrs_1/imports/new/constraints.xdc:243]
Resolution: If [get_<value>] was used to populate the object, check to make sure this command returns at least one valid object.
WARNING: [Vivado 12-584] No ports matched 'sw[6]'. [D:/CAB/TSN/H3/H3.srcs/constrs_1/imports/new/constraints.xdc:244]
CRITICAL WARNING: [Common 17-55] 'set_property' expects at least one object. [D:/CAB/TSN/H3/H3.srcs/constrs_1/imports/new/constraints.xdc:244]
Resolution: If [get_<value>] was used to populate the object, check to make sure this command returns at least one valid object.
WARNING: [Vivado 12-584] No ports matched 'sw[7]'. [D:/CAB/TSN/H3/H3.srcs/constrs_1/imports/new/constraints.xdc:245]
CRITICAL WARNING: [Common 17-55] 'set_property' expects at least one object. [D:/CAB/TSN/H3/H3.srcs/constrs_1/imports/new/constraints.xdc:245]
Resolution: If [get_<value>] was used to populate the object, check to make sure this command returns at least one valid object.
WARNING: [Vivado 12-584] No ports matched '[get_ports -of_objects [get_iobanks 33]]'. [D:/CAB/TSN/H3/H3.srcs/constrs_1/imports/new/constraints.xdc:363]
CRITICAL WARNING: [Common 17-55] 'set_property' expects at least one object. [D:/CAB/TSN/H3/H3.srcs/constrs_1/imports/new/constraints.xdc:363]
Resolution: If [get_<value>] was used to populate the object, check to make sure this command returns at least one valid object.
Finished Parsing XDC File [D:/CAB/TSN/H3/H3.srcs/constrs_1/imports/new/constraints.xdc]
INFO: [Opt 31-138] Pushed 0 inverter(s) to 0 load pin(s).
Netlist sorting complete. Time (s): cpu = 00:00:00 ; elapsed = 00:00:00.001 . Memory (MB): peak = 701.352 ; gain = 0.000
INFO: [Project 1-111] Unisim Transformation Summary:
  A total of 1 instances were transformed.
  IOBUF => IOBUF (IBUF, OBUFT): 1 instances

16 Infos, 10 Warnings, 9 Critical Warnings and 0 Errors encountered.
link_design completed successfully
link_design: Time (s): cpu = 00:00:10 ; elapsed = 00:00:20 . Memory (MB): peak = 701.352 ; gain = 373.582
Command: opt_design
Attempting to get a license for feature 'Implementation' and/or device 'xc7z020'
INFO: [Common 17-349] Got license for feature 'Implementation' and/or device 'xc7z020'
Running DRC as a precondition to command opt_design

Starting DRC Task
INFO: [DRC 23-27] Running DRC with 2 threads
INFO: [Project 1-461] DRC finished with 0 Errors
INFO: [Project 1-462] Please refer to the DRC report (report_drc) for more information.

Time (s): cpu = 00:00:02 ; elapsed = 00:00:00.815 . Memory (MB): peak = 710.344 ; gain = 8.992

Starting Cache Timing Information Task
INFO: [Timing 38-35] Done setting XDC timing constraints.
Ending Cache Timing Information Task | Checksum: 1cc9d98cf

Time (s): cpu = 00:00:11 ; elapsed = 00:00:12 . Memory (MB): peak = 1261.910 ; gain = 551.566

Starting Logic Optimization Task

Phase 1 Retarget
INFO: [Opt 31-138] Pushed 0 inverter(s) to 0 load pin(s).
INFO: [Opt 31-49] Retargeted 0 cell(s).
Phase 1 Retarget | Checksum: 1e69ec285

Time (s): cpu = 00:00:00 ; elapsed = 00:00:00.271 . Memory (MB): peak = 1356.316 ; gain = 0.000
INFO: [Opt 31-389] Phase Retarget created 6 cells and removed 36 cells
INFO: [Opt 31-1021] In phase Retarget, 8 netlist objects are constrained preventing optimization. Please run opt_design with -debug_log to get more detail. 

Phase 2 Constant propagation
INFO: [Opt 31-138] Pushed 0 inverter(s) to 0 load pin(s).
Phase 2 Constant propagation | Checksum: 1e69ec285

Time (s): cpu = 00:00:00 ; elapsed = 00:00:00.323 . Memory (MB): peak = 1356.316 ; gain = 0.000
INFO: [Opt 31-389] Phase Constant propagation created 0 cells and removed 0 cells

Phase 3 Sweep
Phase 3 Sweep | Checksum: 17288a782

Time (s): cpu = 00:00:00 ; elapsed = 00:00:00.762 . Memory (MB): peak = 1356.316 ; gain = 0.000
INFO: [Opt 31-389] Phase Sweep created 0 cells and removed 199 cells

Phase 4 BUFG optimization
Phase 4 BUFG optimization | Checksum: 17288a782

Time (s): cpu = 00:00:00 ; elapsed = 00:00:00.830 . Memory (MB): peak = 1356.316 ; gain = 0.000
INFO: [Opt 31-662] Phase BUFG optimization created 0 cells of which 0 are BUFGs and removed 0 cells.

Phase 5 Shift Register Optimization
Phase 5 Shift Register Optimization | Checksum: 129de892b

Time (s): cpu = 00:00:01 ; elapsed = 00:00:01 . Memory (MB): peak = 1356.316 ; gain = 0.000
INFO: [Opt 31-389] Phase Shift Register Optimization created 0 cells and removed 0 cells

Phase 6 Post Processing Netlist
Phase 6 Post Processing Netlist | Checksum: 129de892b

Time (s): cpu = 00:00:01 ; elapsed = 00:00:01 . Memory (MB): peak = 1356.316 ; gain = 0.000
INFO: [Opt 31-389] Phase Post Processing Netlist created 0 cells and removed 0 cells
Opt_design Change Summary
=========================


-------------------------------------------------------------------------------------------------------------------------
|  Phase                        |  #Cells created  |  #Cells Removed  |  #Constrained objects preventing optimizations  |
-------------------------------------------------------------------------------------------------------------------------
|  Retarget                     |               6  |              36  |                                              8  |
|  Constant propagation         |               0  |               0  |                                              0  |
|  Sweep                        |               0  |             199  |                                              0  |
|  BUFG optimization            |               0  |               0  |                                              0  |
|  Shift Register Optimization  |               0  |               0  |                                              0  |
|  Post Processing Netlist      |               0  |               0  |                                              0  |
-------------------------------------------------------------------------------------------------------------------------



Starting Connectivity Check Task

Time (s): cpu = 00:00:00 ; elapsed = 00:00:00.008 . Memory (MB): peak = 1356.316 ; gain = 0.000
Ending Logic Optimization Task | Checksum: 129de892b

Time (s): cpu = 00:00:01 ; elapsed = 00:00:01 . Memory (MB): peak = 1356.316 ; gain = 0.000

Starting Power Optimization Task
INFO: [Pwropt 34-132] Skipping clock gating for clocks with a period < 2.00 ns.
INFO: [Pwropt 34-9] Applying IDT optimizations ...
INFO: [Pwropt 34-10] Applying ODC optimizations ...
INFO: [Timing 38-35] Done setting XDC timing constraints.
INFO: [Physopt 32-619] Estimated Timing Summary | WNS=-3.494 | TNS=-3.494 |
Running Vector-less Activity Propagation...

Finished Running Vector-less Activity Propagation


Starting PowerOpt Patch Enables Task
INFO: [Pwropt 34-162] WRITE_MODE attribute of 0 BRAM(s) out of a total of 1 has been updated to save power. Run report_power_opt to get a complete listing of the BRAMs updated.
INFO: [Pwropt 34-201] Structural ODC has moved 0 WE to EN ports
Number of BRAM Ports augmented: 0 newly gated: 1 Total Ports: 2
Number of Flops added for Enable Generation: 1

Ending PowerOpt Patch Enables Task | Checksum: 1aafe6dd9

Time (s): cpu = 00:00:00 ; elapsed = 00:00:00.025 . Memory (MB): peak = 1486.363 ; gain = 0.000
Ending Power Optimization Task | Checksum: 1aafe6dd9

Time (s): cpu = 00:00:02 ; elapsed = 00:00:02 . Memory (MB): peak = 1486.363 ; gain = 130.047

Starting Final Cleanup Task

Starting Logic Optimization Task
INFO: [Timing 38-35] Done setting XDC timing constraints.
Ending Logic Optimization Task | Checksum: 1988e3a36

Time (s): cpu = 00:00:01 ; elapsed = 00:00:00.364 . Memory (MB): peak = 1486.363 ; gain = 0.000
Ending Final Cleanup Task | Checksum: 1988e3a36

Time (s): cpu = 00:00:02 ; elapsed = 00:00:02 . Memory (MB): peak = 1486.363 ; gain = 0.000

Starting Netlist Obfuscation Task
Netlist sorting complete. Time (s): cpu = 00:00:00 ; elapsed = 00:00:00.001 . Memory (MB): peak = 1486.363 ; gain = 0.000
Ending Netlist Obfuscation Task | Checksum: 1988e3a36

Time (s): cpu = 00:00:00 ; elapsed = 00:00:00.001 . Memory (MB): peak = 1486.363 ; gain = 0.000
INFO: [Common 17-83] Releasing license: Implementation
40 Infos, 10 Warnings, 9 Critical Warnings and 0 Errors encountered.
opt_design completed successfully
opt_design: Time (s): cpu = 00:00:20 ; elapsed = 00:00:20 . Memory (MB): peak = 1486.363 ; gain = 785.012
Netlist sorting complete. Time (s): cpu = 00:00:00 ; elapsed = 00:00:00.001 . Memory (MB): peak = 1486.363 ; gain = 0.000
INFO: [Timing 38-480] Writing timing data to binary archive.
Writing placer database...
Writing XDEF routing.
Writing XDEF routing logical nets.
Writing XDEF routing special nets.
Write XDEF Complete: Time (s): cpu = 00:00:00 ; elapsed = 00:00:13 . Memory (MB): peak = 1486.363 ; gain = 0.000
Netlist sorting complete. Time (s): cpu = 00:00:00 ; elapsed = 00:00:00.003 . Memory (MB): peak = 1486.363 ; gain = 0.000
INFO: [Common 17-1381] The checkpoint 'D:/CAB/TSN/H3/H3.runs/impl_1/h2_blockDesign_wrapper_opt.dcp' has been generated.
write_checkpoint: Time (s): cpu = 00:00:01 ; elapsed = 00:00:16 . Memory (MB): peak = 1486.363 ; gain = 0.000
INFO: [runtcl-4] Executing : report_drc -file h2_blockDesign_wrapper_drc_opted.rpt -pb h2_blockDesign_wrapper_drc_opted.pb -rpx h2_blockDesign_wrapper_drc_opted.rpx
Command: report_drc -file h2_blockDesign_wrapper_drc_opted.rpt -pb h2_blockDesign_wrapper_drc_opted.pb -rpx h2_blockDesign_wrapper_drc_opted.rpx
INFO: [IP_Flow 19-1839] IP Catalog is up to date.
INFO: [DRC 23-27] Running DRC with 2 threads
WARNING: [Designutils 20-3303] unexpected site type 'IOPAD' in HDPYFinalizeIO
WARNING: [Designutils 20-3303] unexpected site type 'IOPAD' in HDPYFinalizeIO
WARNING: [Designutils 20-3303] unexpected site type 'IOPAD' in HDPYFinalizeIO
WARNING: [Designutils 20-3303] unexpected site type 'IOPAD' in HDPYFinalizeIO
WARNING: [Designutils 20-3303] unexpected site type 'IOPAD' in HDPYFinalizeIO
WARNING: [Designutils 20-3303] unexpected site type 'IOPAD' in HDPYFinalizeIO
WARNING: [Designutils 20-3303] unexpected site type 'IOPAD' in HDPYFinalizeIO
WARNING: [Designutils 20-3303] unexpected site type 'IOPAD' in HDPYFinalizeIO
WARNING: [Designutils 20-3303] unexpected site type 'IOPAD' in HDPYFinalizeIO
WARNING: [Designutils 20-3303] unexpected site type 'IOPAD' in HDPYFinalizeIO
WARNING: [Designutils 20-3303] unexpected site type 'IOPAD' in HDPYFinalizeIO
WARNING: [Designutils 20-3303] unexpected site type 'IOPAD' in HDPYFinalizeIO
WARNING: [Designutils 20-3303] unexpected site type 'IOPAD' in HDPYFinalizeIO
WARNING: [Designutils 20-3303] unexpected site type 'IOPAD' in HDPYFinalizeIO
WARNING: [Designutils 20-3303] unexpected site type 'IOPAD' in HDPYFinalizeIO
WARNING: [Designutils 20-3303] unexpected site type 'IOPAD' in HDPYFinalizeIO
WARNING: [Designutils 20-3303] unexpected site type 'IOPAD' in HDPYFinalizeIO
WARNING: [Designutils 20-3303] unexpected site type 'IOPAD' in HDPYFinalizeIO
WARNING: [Designutils 20-3303] unexpected site type 'IOPAD' in HDPYFinalizeIO
WARNING: [Designutils 20-3303] unexpected site type 'IOPAD' in HDPYFinalizeIO
WARNING: [Designutils 20-3303] unexpected site type 'IOPAD' in HDPYFinalizeIO
WARNING: [Designutils 20-3303] unexpected site type 'IOPAD' in HDPYFinalizeIO
WARNING: [Designutils 20-3303] unexpected site type 'IOPAD' in HDPYFinalizeIO
WARNING: [Designutils 20-3303] unexpected site type 'IOPAD' in HDPYFinalizeIO
WARNING: [Designutils 20-3303] unexpected site type 'IOPAD' in HDPYFinalizeIO
WARNING: [Designutils 20-3303] unexpected site type 'IOPAD' in HDPYFinalizeIO
WARNING: [Designutils 20-3303] unexpected site type 'IOPAD' in HDPYFinalizeIO
WARNING: [Designutils 20-3303] unexpected site type 'IOPAD' in HDPYFinalizeIO
WARNING: [Designutils 20-3303] unexpected site type 'IOPAD' in HDPYFinalizeIO
WARNING: [Designutils 20-3303] unexpected site type 'IOPAD' in HDPYFinalizeIO
WARNING: [Designutils 20-3303] unexpected site type 'IOPAD' in HDPYFinalizeIO
WARNING: [Designutils 20-3303] unexpected site type 'IOPAD' in HDPYFinalizeIO
WARNING: [Designutils 20-3303] unexpected site type 'IOPAD' in HDPYFinalizeIO
WARNING: [Designutils 20-3303] unexpected site type 'IOPAD' in HDPYFinalizeIO
WARNING: [Designutils 20-3303] unexpected site type 'IOPAD' in HDPYFinalizeIO
WARNING: [Designutils 20-3303] unexpected site type 'IOPAD' in HDPYFinalizeIO
WARNING: [Designutils 20-3303] unexpected site type 'IOPAD' in HDPYFinalizeIO
WARNING: [Designutils 20-3303] unexpected site type 'IOPAD' in HDPYFinalizeIO
WARNING: [Designutils 20-3303] unexpected site type 'IOPAD' in HDPYFinalizeIO
WARNING: [Designutils 20-3303] unexpected site type 'IOPAD' in HDPYFinalizeIO
WARNING: [Designutils 20-3303] unexpected site type 'IOPAD' in HDPYFinalizeIO
WARNING: [Designutils 20-3303] unexpected site type 'IOPAD' in HDPYFinalizeIO
WARNING: [Designutils 20-3303] unexpected site type 'IOPAD' in HDPYFinalizeIO
WARNING: [Designutils 20-3303] unexpected site type 'IOPAD' in HDPYFinalizeIO
WARNING: [Designutils 20-3303] unexpected site type 'IOPAD' in HDPYFinalizeIO
WARNING: [Designutils 20-3303] unexpected site type 'IOPAD' in HDPYFinalizeIO
WARNING: [Designutils 20-3303] unexpected site type 'IOPAD' in HDPYFinalizeIO
WARNING: [Designutils 20-3303] unexpected site type 'IOPAD' in HDPYFinalizeIO
WARNING: [Designutils 20-3303] unexpected site type 'IOPAD' in HDPYFinalizeIO
WARNING: [Designutils 20-3303] unexpected site type 'IOPAD' in HDPYFinalizeIO
WARNING: [Designutils 20-3303] unexpected site type 'IOPAD' in HDPYFinalizeIO
WARNING: [Designutils 20-3303] unexpected site type 'IOPAD' in HDPYFinalizeIO
WARNING: [Designutils 20-3303] unexpected site type 'IOPAD' in HDPYFinalizeIO
WARNING: [Designutils 20-3303] unexpected site type 'IOPAD' in HDPYFinalizeIO
WARNING: [Designutils 20-3303] unexpected site type 'IOPAD' in HDPYFinalizeIO
WARNING: [Designutils 20-3303] unexpected site type 'IOPAD' in HDPYFinalizeIO
WARNING: [Designutils 20-3303] unexpected site type 'IOPAD' in HDPYFinalizeIO
WARNING: [Designutils 20-3303] unexpected site type 'IOPAD' in HDPYFinalizeIO
WARNING: [Designutils 20-3303] unexpected site type 'IOPAD' in HDPYFinalizeIO
WARNING: [Designutils 20-3303] unexpected site type 'IOPAD' in HDPYFinalizeIO
WARNING: [Designutils 20-3303] unexpected site type 'IOPAD' in HDPYFinalizeIO
WARNING: [Designutils 20-3303] unexpected site type 'IOPAD' in HDPYFinalizeIO
WARNING: [Designutils 20-3303] unexpected site type 'IOPAD' in HDPYFinalizeIO
WARNING: [Designutils 20-3303] unexpected site type 'IOPAD' in HDPYFinalizeIO
WARNING: [Designutils 20-3303] unexpected site type 'IOPAD' in HDPYFinalizeIO
WARNING: [Designutils 20-3303] unexpected site type 'IOPAD' in HDPYFinalizeIO
WARNING: [Designutils 20-3303] unexpected site type 'IOPAD' in HDPYFinalizeIO
WARNING: [Designutils 20-3303] unexpected site type 'IOPAD' in HDPYFinalizeIO
WARNING: [Designutils 20-3303] unexpected site type 'IOPAD' in HDPYFinalizeIO
WARNING: [Designutils 20-3303] unexpected site type 'IOPAD' in HDPYFinalizeIO
WARNING: [Designutils 20-3303] unexpected site type 'IOPAD' in HDPYFinalizeIO
WARNING: [Designutils 20-3303] unexpected site type 'IOPAD' in HDPYFinalizeIO
WARNING: [Designutils 20-3303] unexpected site type 'IOPAD' in HDPYFinalizeIO
WARNING: [Designutils 20-3303] unexpected site type 'IOPAD' in HDPYFinalizeIO
WARNING: [Designutils 20-3303] unexpected site type 'IOPAD' in HDPYFinalizeIO
WARNING: [Designutils 20-3303] unexpected site type 'IOPAD' in HDPYFinalizeIO
WARNING: [Designutils 20-3303] unexpected site type 'IOPAD' in HDPYFinalizeIO
WARNING: [Designutils 20-3303] unexpected site type 'IOPAD' in HDPYFinalizeIO
WARNING: [Designutils 20-3303] unexpected site type 'IOPAD' in HDPYFinalizeIO
WARNING: [Designutils 20-3303] unexpected site type 'IOPAD' in HDPYFinalizeIO
WARNING: [Designutils 20-3303] unexpected site type 'IOPAD' in HDPYFinalizeIO
WARNING: [Designutils 20-3303] unexpected site type 'IOPAD' in HDPYFinalizeIO
WARNING: [Designutils 20-3303] unexpected site type 'IOPAD' in HDPYFinalizeIO
WARNING: [Designutils 20-3303] unexpected site type 'IOPAD' in HDPYFinalizeIO
WARNING: [Designutils 20-3303] unexpected site type 'IOPAD' in HDPYFinalizeIO
WARNING: [Designutils 20-3303] unexpected site type 'IOPAD' in HDPYFinalizeIO
WARNING: [Designutils 20-3303] unexpected site type 'IOPAD' in HDPYFinalizeIO
WARNING: [Designutils 20-3303] unexpected site type 'IOPAD' in HDPYFinalizeIO
WARNING: [Designutils 20-3303] unexpected site type 'IOPAD' in HDPYFinalizeIO
WARNING: [Designutils 20-3303] unexpected site type 'IOPAD' in HDPYFinalizeIO
WARNING: [Designutils 20-3303] unexpected site type 'IOPAD' in HDPYFinalizeIO
WARNING: [Designutils 20-3303] unexpected site type 'IOPAD' in HDPYFinalizeIO
WARNING: [Designutils 20-3303] unexpected site type 'IOPAD' in HDPYFinalizeIO
WARNING: [Designutils 20-3303] unexpected site type 'IOPAD' in HDPYFinalizeIO
WARNING: [Designutils 20-3303] unexpected site type 'IOPAD' in HDPYFinalizeIO
WARNING: [Designutils 20-3303] unexpected site type 'IOPAD' in HDPYFinalizeIO
WARNING: [Designutils 20-3303] unexpected site type 'IOPAD' in HDPYFinalizeIO
WARNING: [Designutils 20-3303] unexpected site type 'IOPAD' in HDPYFinalizeIO
WARNING: [Designutils 20-3303] unexpected site type 'IOPAD' in HDPYFinalizeIO
WARNING: [Designutils 20-3303] unexpected site type 'IOPAD' in HDPYFinalizeIO
INFO: [Common 17-14] Message 'Designutils 20-3303' appears 100 times and further instances of the messages will be disabled. Use the Tcl command set_msg_config to change the current settings.
INFO: [Coretcl 2-168] The results of DRC are in file D:/CAB/TSN/H3/H3.runs/impl_1/h2_blockDesign_wrapper_drc_opted.rpt.
report_drc completed successfully
Command: place_design
Attempting to get a license for feature 'Implementation' and/or device 'xc7z020'
INFO: [Common 17-349] Got license for feature 'Implementation' and/or device 'xc7z020'
INFO: [DRC 23-27] Running DRC with 2 threads
INFO: [Vivado_Tcl 4-198] DRC finished with 0 Errors
INFO: [Vivado_Tcl 4-199] Please refer to the DRC report (report_drc) for more information.
Running DRC as a precondition to command place_design
INFO: [DRC 23-27] Running DRC with 2 threads
INFO: [Vivado_Tcl 4-198] DRC finished with 0 Errors
INFO: [Vivado_Tcl 4-199] Please refer to the DRC report (report_drc) for more information.

Starting Placer Task
INFO: [Place 30-611] Multithreading enabled for place_design using a maximum of 2 CPUs

Phase 1 Placer Initialization

Phase 1.1 Placer Initialization Netlist Sorting
Netlist sorting complete. Time (s): cpu = 00:00:00 ; elapsed = 00:00:00.002 . Memory (MB): peak = 1486.363 ; gain = 0.000
Phase 1.1 Placer Initialization Netlist Sorting | Checksum: bbf873c8

Time (s): cpu = 00:00:00 ; elapsed = 00:00:00.018 . Memory (MB): peak = 1486.363 ; gain = 0.000
Netlist sorting complete. Time (s): cpu = 00:00:00 ; elapsed = 00:00:00.001 . Memory (MB): peak = 1486.363 ; gain = 0.000

Phase 1.2 IO Placement/ Clock Placement/ Build Placer Device
INFO: [Timing 38-35] Done setting XDC timing constraints.
Phase 1.2 IO Placement/ Clock Placement/ Build Placer Device | Checksum: fcaab28a

Time (s): cpu = 00:00:01 ; elapsed = 00:00:03 . Memory (MB): peak = 1486.363 ; gain = 0.000

Phase 1.3 Build Placer Netlist Model
Phase 1.3 Build Placer Netlist Model | Checksum: 1e28739f5

Time (s): cpu = 00:00:02 ; elapsed = 00:00:04 . Memory (MB): peak = 1486.363 ; gain = 0.000

Phase 1.4 Constrain Clocks/Macros
Phase 1.4 Constrain Clocks/Macros | Checksum: 1e28739f5

Time (s): cpu = 00:00:02 ; elapsed = 00:00:04 . Memory (MB): peak = 1486.363 ; gain = 0.000
Phase 1 Placer Initialization | Checksum: 1e28739f5

Time (s): cpu = 00:00:02 ; elapsed = 00:00:04 . Memory (MB): peak = 1486.363 ; gain = 0.000

Phase 2 Global Placement

Phase 2.1 Floorplanning
Phase 2.1 Floorplanning | Checksum: 16aadc87d

Time (s): cpu = 00:00:02 ; elapsed = 00:00:04 . Memory (MB): peak = 1486.363 ; gain = 0.000

Phase 2.2 Physical Synthesis In Placer
INFO: [Physopt 32-65] No nets found for high-fanout optimization.
INFO: [Physopt 32-232] Optimized 0 net. Created 0 new instance.
INFO: [Physopt 32-775] End 1 Pass. Optimized 0 net or cell. Created 0 new cell, deleted 0 existing cell and moved 0 existing cell
INFO: [Physopt 32-456] No candidate cells for DSP register optimization found in the design.
INFO: [Physopt 32-775] End 2 Pass. Optimized 0 net or cell. Created 0 new cell, deleted 0 existing cell and moved 0 existing cell
INFO: [Physopt 32-677] No candidate cells for Shift Register optimization found in the design
INFO: [Physopt 32-775] End 1 Pass. Optimized 0 net or cell. Created 0 new cell, deleted 0 existing cell and moved 0 existing cell
INFO: [Physopt 32-526] No candidate cells for BRAM register optimization found in the design
INFO: [Physopt 32-775] End 1 Pass. Optimized 0 net or cell. Created 0 new cell, deleted 0 existing cell and moved 0 existing cell
INFO: [Physopt 32-949] No candidate nets found for HD net replication
INFO: [Physopt 32-775] End 1 Pass. Optimized 0 net or cell. Created 0 new cell, deleted 0 existing cell and moved 0 existing cell
Netlist sorting complete. Time (s): cpu = 00:00:00 ; elapsed = 00:00:00.002 . Memory (MB): peak = 1486.363 ; gain = 0.000

Summary of Physical Synthesis Optimizations
============================================


----------------------------------------------------------------------------------------------------------------------------------------
|  Optimization                  |  Added Cells  |  Removed Cells  |  Optimized Cells/Nets  |  Dont Touch  |  Iterations  |  Elapsed   |
----------------------------------------------------------------------------------------------------------------------------------------
|  Very High Fanout              |            0  |              0  |                     0  |           0  |           1  |  00:00:00  |
|  DSP Register                  |            0  |              0  |                     0  |           0  |           1  |  00:00:00  |
|  Shift Register                |            0  |              0  |                     0  |           0  |           1  |  00:00:00  |
|  BRAM Register                 |            0  |              0  |                     0  |           0  |           1  |  00:00:00  |
|  HD Interface Net Replication  |            0  |              0  |                     0  |           0  |           1  |  00:00:00  |
|  Total                         |            0  |              0  |                     0  |           0  |           5  |  00:00:00  |
----------------------------------------------------------------------------------------------------------------------------------------


Phase 2.2 Physical Synthesis In Placer | Checksum: 158bae35f

Time (s): cpu = 00:00:09 ; elapsed = 00:00:08 . Memory (MB): peak = 1486.363 ; gain = 0.000
Phase 2 Global Placement | Checksum: 19b28d8fa

Time (s): cpu = 00:00:09 ; elapsed = 00:00:08 . Memory (MB): peak = 1486.363 ; gain = 0.000

Phase 3 Detail Placement

Phase 3.1 Commit Multi Column Macros
Phase 3.1 Commit Multi Column Macros | Checksum: 19b28d8fa

Time (s): cpu = 00:00:09 ; elapsed = 00:00:08 . Memory (MB): peak = 1486.363 ; gain = 0.000

Phase 3.2 Commit Most Macros & LUTRAMs
Phase 3.2 Commit Most Macros & LUTRAMs | Checksum: 158dce741

Time (s): cpu = 00:00:10 ; elapsed = 00:00:09 . Memory (MB): peak = 1486.363 ; gain = 0.000

Phase 3.3 Area Swap Optimization
Phase 3.3 Area Swap Optimization | Checksum: 13d0e1e77

Time (s): cpu = 00:00:10 ; elapsed = 00:00:09 . Memory (MB): peak = 1486.363 ; gain = 0.000

Phase 3.4 Pipeline Register Optimization
Phase 3.4 Pipeline Register Optimization | Checksum: 171ec4932

Time (s): cpu = 00:00:10 ; elapsed = 00:00:09 . Memory (MB): peak = 1486.363 ; gain = 0.000

Phase 3.5 Fast Optimization
Phase 3.5 Fast Optimization | Checksum: 160080feb

Time (s): cpu = 00:00:11 ; elapsed = 00:00:09 . Memory (MB): peak = 1486.363 ; gain = 0.000

Phase 3.6 Small Shape Detail Placement
Phase 3.6 Small Shape Detail Placement | Checksum: 125169c06

Time (s): cpu = 00:00:12 ; elapsed = 00:00:10 . Memory (MB): peak = 1486.363 ; gain = 0.000

Phase 3.7 Re-assign LUT pins
Phase 3.7 Re-assign LUT pins | Checksum: 162e320e6

Time (s): cpu = 00:00:12 ; elapsed = 00:00:10 . Memory (MB): peak = 1486.363 ; gain = 0.000

Phase 3.8 Pipeline Register Optimization
Phase 3.8 Pipeline Register Optimization | Checksum: 195b516a3

Time (s): cpu = 00:00:12 ; elapsed = 00:00:10 . Memory (MB): peak = 1486.363 ; gain = 0.000

Phase 3.9 Fast Optimization
Phase 3.9 Fast Optimization | Checksum: 1bd9064df

Time (s): cpu = 00:00:12 ; elapsed = 00:00:11 . Memory (MB): peak = 1486.363 ; gain = 0.000
Phase 3 Detail Placement | Checksum: 1bd9064df

Time (s): cpu = 00:00:12 ; elapsed = 00:00:11 . Memory (MB): peak = 1486.363 ; gain = 0.000

Phase 4 Post Placement Optimization and Clean-Up

Phase 4.1 Post Commit Optimization
INFO: [Timing 38-35] Done setting XDC timing constraints.

Phase 4.1.1 Post Placement Optimization
Post Placement Optimization Initialization | Checksum: 1e5ffcce3

Phase 4.1.1.1 BUFG Insertion
INFO: [Place 46-46] BUFG insertion identified 0 candidate nets, 0 success, 0 bufg driver replicated, 0 skipped for placement/routing, 0 skipped for timing, 0 skipped for netlist change reason
Phase 4.1.1.1 BUFG Insertion | Checksum: 1e5ffcce3

Time (s): cpu = 00:00:13 ; elapsed = 00:00:11 . Memory (MB): peak = 1486.363 ; gain = 0.000
INFO: [Place 30-746] Post Placement Timing Summary WNS=-2.602. For the most accurate timing information please run report_timing.
Phase 4.1.1 Post Placement Optimization | Checksum: 17406ec88

Time (s): cpu = 00:00:15 ; elapsed = 00:00:13 . Memory (MB): peak = 1486.363 ; gain = 0.000
Phase 4.1 Post Commit Optimization | Checksum: 17406ec88

Time (s): cpu = 00:00:15 ; elapsed = 00:00:13 . Memory (MB): peak = 1486.363 ; gain = 0.000

Phase 4.2 Post Placement Cleanup
Phase 4.2 Post Placement Cleanup | Checksum: 17406ec88

Time (s): cpu = 00:00:15 ; elapsed = 00:00:13 . Memory (MB): peak = 1486.363 ; gain = 0.000

Phase 4.3 Placer Reporting
Phase 4.3 Placer Reporting | Checksum: 17406ec88

Time (s): cpu = 00:00:15 ; elapsed = 00:00:13 . Memory (MB): peak = 1486.363 ; gain = 0.000

Phase 4.4 Final Placement Cleanup
Netlist sorting complete. Time (s): cpu = 00:00:00 ; elapsed = 00:00:00.002 . Memory (MB): peak = 1486.363 ; gain = 0.000
Phase 4.4 Final Placement Cleanup | Checksum: 100fe89c7

Time (s): cpu = 00:00:15 ; elapsed = 00:00:13 . Memory (MB): peak = 1486.363 ; gain = 0.000
Phase 4 Post Placement Optimization and Clean-Up | Checksum: 100fe89c7

Time (s): cpu = 00:00:15 ; elapsed = 00:00:13 . Memory (MB): peak = 1486.363 ; gain = 0.000
Ending Placer Task | Checksum: c3afbb96

Time (s): cpu = 00:00:16 ; elapsed = 00:00:13 . Memory (MB): peak = 1486.363 ; gain = 0.000
INFO: [Common 17-83] Releasing license: Implementation
71 Infos, 110 Warnings, 9 Critical Warnings and 0 Errors encountered.
place_design completed successfully
place_design: Time (s): cpu = 00:00:18 ; elapsed = 00:00:15 . Memory (MB): peak = 1486.363 ; gain = 0.000
Netlist sorting complete. Time (s): cpu = 00:00:00 ; elapsed = 00:00:00.001 . Memory (MB): peak = 1486.363 ; gain = 0.000
INFO: [Timing 38-480] Writing timing data to binary archive.
Writing placer database...
Writing XDEF routing.
Writing XDEF routing logical nets.
Writing XDEF routing special nets.
Write XDEF Complete: Time (s): cpu = 00:00:00 ; elapsed = 00:00:03 . Memory (MB): peak = 1486.363 ; gain = 0.000
