17:40:30 INFO  : Registering command handlers for SDK TCF services
17:40:31 INFO  : Launching XSCT server: xsct.bat -interactive E:\CAB\TSN\H2\H2.sdk\temp_xsdb_launch_script.tcl
17:40:34 INFO  : XSCT server has started successfully.
17:40:38 INFO  : Processing command line option -hwspec E:/CAB/TSN/H2/H2.sdk/h2_blockDesign_wrapper.hdf.
17:40:38 INFO  : Successfully done setting XSCT server connection channel  
17:40:38 INFO  : Successfully done setting SDK workspace  
15:01:21 INFO  : Registering command handlers for SDK TCF services
15:01:22 INFO  : Launching XSCT server: xsct.bat -interactive E:\CAB\TSN\H2\H2.sdk\temp_xsdb_launch_script.tcl
15:01:27 INFO  : XSCT server has started successfully.
15:01:37 INFO  : Processing command line option -hwspec E:/CAB/TSN/H2/H2.sdk/h2_blockDesign_wrapper.hdf.
15:01:39 INFO  : Successfully done setting XSCT server connection channel  
15:01:56 INFO  : Successfully done setting SDK workspace  
15:02:12 INFO  : Checking for hwspec changes in the project h2_blockDesign_wrapper_hw_platform_0.
15:14:33 INFO  : 'targets -set -filter {jtag_cable_name =~ "Digilent Zed 210248BD131E" && level==0} -index 1' command is executed.
15:14:33 INFO  : 'fpga -state' command is executed.
15:14:40 INFO  : Connected to target on host '127.0.0.1' and port '3121'.
15:14:41 INFO  : Jtag cable 'Digilent Zed 210248BD131E' is selected.
15:14:41 INFO  : 'jtag frequency' command is executed.
15:14:41 INFO  : Sourcing of 'E:/CAB/TSN/H2/H2.sdk/h2_blockDesign_wrapper_hw_platform_0/ps7_init.tcl' is done.
15:14:41 INFO  : Context for 'APU' is selected.
15:14:41 INFO  : Hardware design information is loaded from 'E:/CAB/TSN/H2/H2.sdk/h2_blockDesign_wrapper_hw_platform_0/system.hdf'.
15:14:41 INFO  : 'configparams force-mem-access 1' command is executed.
15:14:41 INFO  : Context for 'APU' is selected.
15:14:41 INFO  : 'stop' command is executed.
15:14:41 INFO  : 'ps7_init' command is executed.
15:14:41 INFO  : 'ps7_post_config' command is executed.
15:14:42 INFO  : Context for processor 'ps7_cortexa9_0' is selected.
15:14:42 INFO  : Processor reset is completed for 'ps7_cortexa9_0'.
15:14:42 INFO  : Context for processor 'ps7_cortexa9_0' is selected.
15:14:42 INFO  : The application 'E:/CAB/TSN/H2/H2.sdk/H2/Debug/H2.elf' is downloaded to processor 'ps7_cortexa9_0'.
15:14:42 INFO  : 'configparams force-mem-access 0' command is executed.
15:14:42 INFO  : ----------------XSDB Script----------------
connect -url tcp:127.0.0.1:3121
source E:/CAB/TSN/H2/H2.sdk/h2_blockDesign_wrapper_hw_platform_0/ps7_init.tcl
targets -set -nocase -filter {name =~"APU*" && jtag_cable_name =~ "Digilent Zed 210248BD131E"} -index 0
loadhw -hw E:/CAB/TSN/H2/H2.sdk/h2_blockDesign_wrapper_hw_platform_0/system.hdf -mem-ranges [list {0x40000000 0xbfffffff}]
configparams force-mem-access 1
targets -set -nocase -filter {name =~"APU*" && jtag_cable_name =~ "Digilent Zed 210248BD131E"} -index 0
stop
ps7_init
ps7_post_config
targets -set -nocase -filter {name =~ "ARM*#0" && jtag_cable_name =~ "Digilent Zed 210248BD131E"} -index 0
rst -processor
targets -set -nocase -filter {name =~ "ARM*#0" && jtag_cable_name =~ "Digilent Zed 210248BD131E"} -index 0
dow E:/CAB/TSN/H2/H2.sdk/H2/Debug/H2.elf
configparams force-mem-access 0
----------------End of Script----------------

15:14:42 INFO  : Context for processor 'ps7_cortexa9_0' is selected.
15:14:42 INFO  : 'con' command is executed.
15:14:42 INFO  : ----------------XSDB Script (After Launch)----------------
targets -set -nocase -filter {name =~ "ARM*#0" && jtag_cable_name =~ "Digilent Zed 210248BD131E"} -index 0
con
----------------End of Script----------------

15:14:42 INFO  : Disconnected from the channel tcfchan#1.
15:15:48 INFO  : 'targets -set -filter {jtag_cable_name =~ "Digilent Zed 210248BD131E" && level==0} -index 1' command is executed.
15:15:48 INFO  : 'fpga -state' command is executed.
15:15:50 INFO  : Connected to target on host '127.0.0.1' and port '3121'.
15:15:50 INFO  : Jtag cable 'Digilent Zed 210248BD131E' is selected.
15:15:51 INFO  : 'jtag frequency' command is executed.
15:15:51 INFO  : Sourcing of 'E:/CAB/TSN/H2/H2.sdk/h2_blockDesign_wrapper_hw_platform_0/ps7_init.tcl' is done.
15:15:51 INFO  : Context for 'APU' is selected.
15:15:51 INFO  : Hardware design information is loaded from 'E:/CAB/TSN/H2/H2.sdk/h2_blockDesign_wrapper_hw_platform_0/system.hdf'.
15:15:51 INFO  : 'configparams force-mem-access 1' command is executed.
15:15:51 INFO  : Context for 'APU' is selected.
15:15:51 INFO  : 'stop' command is executed.
15:15:51 INFO  : 'ps7_init' command is executed.
15:15:51 INFO  : 'ps7_post_config' command is executed.
15:15:51 INFO  : Context for processor 'ps7_cortexa9_0' is selected.
15:15:51 INFO  : Processor reset is completed for 'ps7_cortexa9_0'.
15:15:51 INFO  : Context for processor 'ps7_cortexa9_0' is selected.
15:15:52 INFO  : The application 'E:/CAB/TSN/H2/H2.sdk/H2/Debug/H2.elf' is downloaded to processor 'ps7_cortexa9_0'.
15:15:52 INFO  : 'configparams force-mem-access 0' command is executed.
15:15:52 INFO  : ----------------XSDB Script----------------
connect -url tcp:127.0.0.1:3121
source E:/CAB/TSN/H2/H2.sdk/h2_blockDesign_wrapper_hw_platform_0/ps7_init.tcl
targets -set -nocase -filter {name =~"APU*" && jtag_cable_name =~ "Digilent Zed 210248BD131E"} -index 0
loadhw -hw E:/CAB/TSN/H2/H2.sdk/h2_blockDesign_wrapper_hw_platform_0/system.hdf -mem-ranges [list {0x40000000 0xbfffffff}]
configparams force-mem-access 1
targets -set -nocase -filter {name =~"APU*" && jtag_cable_name =~ "Digilent Zed 210248BD131E"} -index 0
stop
ps7_init
ps7_post_config
targets -set -nocase -filter {name =~ "ARM*#0" && jtag_cable_name =~ "Digilent Zed 210248BD131E"} -index 0
rst -processor
targets -set -nocase -filter {name =~ "ARM*#0" && jtag_cable_name =~ "Digilent Zed 210248BD131E"} -index 0
dow E:/CAB/TSN/H2/H2.sdk/H2/Debug/H2.elf
configparams force-mem-access 0
----------------End of Script----------------

15:15:52 INFO  : Context for processor 'ps7_cortexa9_0' is selected.
15:15:52 INFO  : 'con' command is executed.
15:15:52 INFO  : ----------------XSDB Script (After Launch)----------------
targets -set -nocase -filter {name =~ "ARM*#0" && jtag_cable_name =~ "Digilent Zed 210248BD131E"} -index 0
con
----------------End of Script----------------

15:15:52 INFO  : Disconnected from the channel tcfchan#2.
15:17:20 INFO  : 'targets -set -filter {jtag_cable_name =~ "Digilent Zed 210248BD131E" && level==0} -index 1' command is executed.
15:17:20 INFO  : 'fpga -state' command is executed.
15:17:21 INFO  : Connected to target on host '127.0.0.1' and port '3121'.
15:17:22 INFO  : Jtag cable 'Digilent Zed 210248BD131E' is selected.
15:17:22 INFO  : 'jtag frequency' command is executed.
15:17:22 INFO  : Sourcing of 'E:/CAB/TSN/H2/H2.sdk/h2_blockDesign_wrapper_hw_platform_0/ps7_init.tcl' is done.
15:17:22 INFO  : Context for 'APU' is selected.
15:17:22 INFO  : Hardware design information is loaded from 'E:/CAB/TSN/H2/H2.sdk/h2_blockDesign_wrapper_hw_platform_0/system.hdf'.
15:17:22 INFO  : 'configparams force-mem-access 1' command is executed.
15:17:22 INFO  : Context for 'APU' is selected.
15:17:23 INFO  : 'stop' command is executed.
15:17:24 INFO  : 'ps7_init' command is executed.
15:17:24 INFO  : 'ps7_post_config' command is executed.
15:17:24 INFO  : Context for processor 'ps7_cortexa9_0' is selected.
15:17:24 INFO  : Processor reset is completed for 'ps7_cortexa9_0'.
15:17:24 INFO  : Context for processor 'ps7_cortexa9_0' is selected.
15:17:27 ERROR : Memory write error at 0x100000. APB AP transaction error, DAP status f0000021
15:17:27 INFO  : ----------------XSDB Script----------------
connect -url tcp:127.0.0.1:3121
source E:/CAB/TSN/H2/H2.sdk/h2_blockDesign_wrapper_hw_platform_0/ps7_init.tcl
targets -set -nocase -filter {name =~"APU*" && jtag_cable_name =~ "Digilent Zed 210248BD131E"} -index 0
loadhw -hw E:/CAB/TSN/H2/H2.sdk/h2_blockDesign_wrapper_hw_platform_0/system.hdf -mem-ranges [list {0x40000000 0xbfffffff}]
configparams force-mem-access 1
targets -set -nocase -filter {name =~"APU*" && jtag_cable_name =~ "Digilent Zed 210248BD131E"} -index 0
stop
ps7_init
ps7_post_config
targets -set -nocase -filter {name =~ "ARM*#0" && jtag_cable_name =~ "Digilent Zed 210248BD131E"} -index 0
rst -processor
targets -set -nocase -filter {name =~ "ARM*#0" && jtag_cable_name =~ "Digilent Zed 210248BD131E"} -index 0
dow E:/CAB/TSN/H2/H2.sdk/H2/Debug/H2.elf
----------------End of Script----------------

15:17:34 INFO  : 'targets -set -filter {jtag_cable_name =~ "Digilent Zed 210248BD131E" && level==0} -index 1' command is executed.
15:17:34 INFO  : 'fpga -state' command is executed.
15:17:36 INFO  : Connected to target on host '127.0.0.1' and port '3121'.
15:17:36 INFO  : Jtag cable 'Digilent Zed 210248BD131E' is selected.
15:17:36 INFO  : 'jtag frequency' command is executed.
15:17:36 INFO  : Sourcing of 'E:/CAB/TSN/H2/H2.sdk/h2_blockDesign_wrapper_hw_platform_0/ps7_init.tcl' is done.
15:17:36 INFO  : Context for 'APU' is selected.
15:17:36 INFO  : Hardware design information is loaded from 'E:/CAB/TSN/H2/H2.sdk/h2_blockDesign_wrapper_hw_platform_0/system.hdf'.
15:17:36 INFO  : 'configparams force-mem-access 1' command is executed.
15:17:36 INFO  : Context for 'APU' is selected.
15:17:37 INFO  : 'stop' command is executed.
15:17:37 ERROR : AP transaction error, DAP status f0000021
15:17:37 INFO  : ----------------XSDB Script----------------
connect -url tcp:127.0.0.1:3121
source E:/CAB/TSN/H2/H2.sdk/h2_blockDesign_wrapper_hw_platform_0/ps7_init.tcl
targets -set -nocase -filter {name =~"APU*" && jtag_cable_name =~ "Digilent Zed 210248BD131E"} -index 0
loadhw -hw E:/CAB/TSN/H2/H2.sdk/h2_blockDesign_wrapper_hw_platform_0/system.hdf -mem-ranges [list {0x40000000 0xbfffffff}]
configparams force-mem-access 1
targets -set -nocase -filter {name =~"APU*" && jtag_cable_name =~ "Digilent Zed 210248BD131E"} -index 0
stop
ps7_init
----------------End of Script----------------

15:17:47 INFO  : 'targets -set -filter {jtag_cable_name =~ "Digilent Zed 210248BD131E" && level==0} -index 1' command is executed.
15:17:47 INFO  : 'fpga -state' command is executed.
15:17:49 INFO  : Connected to target on host '127.0.0.1' and port '3121'.
15:17:50 INFO  : Jtag cable 'Digilent Zed 210248BD131E' is selected.
15:17:50 INFO  : 'jtag frequency' command is executed.
15:17:50 INFO  : Sourcing of 'E:/CAB/TSN/H2/H2.sdk/h2_blockDesign_wrapper_hw_platform_0/ps7_init.tcl' is done.
15:17:50 INFO  : Context for 'APU' is selected.
15:17:50 INFO  : Hardware design information is loaded from 'E:/CAB/TSN/H2/H2.sdk/h2_blockDesign_wrapper_hw_platform_0/system.hdf'.
15:17:50 INFO  : 'configparams force-mem-access 1' command is executed.
15:17:50 INFO  : Context for 'APU' is selected.
15:17:50 INFO  : 'stop' command is executed.
15:17:50 INFO  : 'ps7_init' command is executed.
15:17:50 INFO  : 'ps7_post_config' command is executed.
15:17:50 INFO  : Context for processor 'ps7_cortexa9_0' is selected.
15:17:51 INFO  : Processor reset is completed for 'ps7_cortexa9_0'.
15:17:51 INFO  : Context for processor 'ps7_cortexa9_0' is selected.
15:17:51 INFO  : The application 'E:/CAB/TSN/H2/H2.sdk/H2/Debug/H2.elf' is downloaded to processor 'ps7_cortexa9_0'.
15:17:51 INFO  : 'configparams force-mem-access 0' command is executed.
15:17:51 INFO  : ----------------XSDB Script----------------
connect -url tcp:127.0.0.1:3121
source E:/CAB/TSN/H2/H2.sdk/h2_blockDesign_wrapper_hw_platform_0/ps7_init.tcl
targets -set -nocase -filter {name =~"APU*" && jtag_cable_name =~ "Digilent Zed 210248BD131E"} -index 0
loadhw -hw E:/CAB/TSN/H2/H2.sdk/h2_blockDesign_wrapper_hw_platform_0/system.hdf -mem-ranges [list {0x40000000 0xbfffffff}]
configparams force-mem-access 1
targets -set -nocase -filter {name =~"APU*" && jtag_cable_name =~ "Digilent Zed 210248BD131E"} -index 0
stop
ps7_init
ps7_post_config
targets -set -nocase -filter {name =~ "ARM*#0" && jtag_cable_name =~ "Digilent Zed 210248BD131E"} -index 0
rst -processor
targets -set -nocase -filter {name =~ "ARM*#0" && jtag_cable_name =~ "Digilent Zed 210248BD131E"} -index 0
dow E:/CAB/TSN/H2/H2.sdk/H2/Debug/H2.elf
configparams force-mem-access 0
----------------End of Script----------------

15:17:51 INFO  : Context for processor 'ps7_cortexa9_0' is selected.
15:17:51 INFO  : 'con' command is executed.
15:17:51 INFO  : ----------------XSDB Script (After Launch)----------------
targets -set -nocase -filter {name =~ "ARM*#0" && jtag_cable_name =~ "Digilent Zed 210248BD131E"} -index 0
con
----------------End of Script----------------

15:17:51 INFO  : Disconnected from the channel tcfchan#3.
15:19:11 INFO  : 'targets -set -filter {jtag_cable_name =~ "Digilent Zed 210248BD131E" && level==0} -index 1' command is executed.
15:19:11 INFO  : 'fpga -state' command is executed.
15:19:14 INFO  : Connected to target on host '127.0.0.1' and port '3121'.
15:19:14 INFO  : Jtag cable 'Digilent Zed 210248BD131E' is selected.
15:19:14 INFO  : 'jtag frequency' command is executed.
15:19:14 INFO  : Sourcing of 'E:/CAB/TSN/H2/H2.sdk/h2_blockDesign_wrapper_hw_platform_0/ps7_init.tcl' is done.
15:19:14 INFO  : Context for 'APU' is selected.
15:19:14 INFO  : Hardware design information is loaded from 'E:/CAB/TSN/H2/H2.sdk/h2_blockDesign_wrapper_hw_platform_0/system.hdf'.
15:19:14 INFO  : 'configparams force-mem-access 1' command is executed.
15:19:15 INFO  : Context for 'APU' is selected.
15:19:15 INFO  : 'stop' command is executed.
15:19:16 INFO  : 'ps7_init' command is executed.
15:19:16 INFO  : 'ps7_post_config' command is executed.
15:19:16 INFO  : Context for processor 'ps7_cortexa9_0' is selected.
15:19:17 INFO  : Processor reset is completed for 'ps7_cortexa9_0'.
15:19:17 INFO  : Context for processor 'ps7_cortexa9_0' is selected.
15:19:19 ERROR : Memory write error at 0x100000. APB AP transaction error, DAP status f0000021
15:19:19 INFO  : ----------------XSDB Script----------------
connect -url tcp:127.0.0.1:3121
source E:/CAB/TSN/H2/H2.sdk/h2_blockDesign_wrapper_hw_platform_0/ps7_init.tcl
targets -set -nocase -filter {name =~"APU*" && jtag_cable_name =~ "Digilent Zed 210248BD131E"} -index 0
loadhw -hw E:/CAB/TSN/H2/H2.sdk/h2_blockDesign_wrapper_hw_platform_0/system.hdf -mem-ranges [list {0x40000000 0xbfffffff}]
configparams force-mem-access 1
targets -set -nocase -filter {name =~"APU*" && jtag_cable_name =~ "Digilent Zed 210248BD131E"} -index 0
stop
ps7_init
ps7_post_config
targets -set -nocase -filter {name =~ "ARM*#0" && jtag_cable_name =~ "Digilent Zed 210248BD131E"} -index 0
rst -processor
targets -set -nocase -filter {name =~ "ARM*#0" && jtag_cable_name =~ "Digilent Zed 210248BD131E"} -index 0
dow E:/CAB/TSN/H2/H2.sdk/H2/Debug/H2.elf
----------------End of Script----------------

15:19:30 INFO  : 'targets -set -filter {jtag_cable_name =~ "Digilent Zed 210248BD131E" && level==0} -index 1' command is executed.
15:19:30 INFO  : 'fpga -state' command is executed.
15:19:31 INFO  : Connected to target on host '127.0.0.1' and port '3121'.
15:19:32 INFO  : Jtag cable 'Digilent Zed 210248BD131E' is selected.
15:19:32 INFO  : 'jtag frequency' command is executed.
15:19:32 INFO  : Sourcing of 'E:/CAB/TSN/H2/H2.sdk/h2_blockDesign_wrapper_hw_platform_0/ps7_init.tcl' is done.
15:19:32 INFO  : Context for 'APU' is selected.
15:19:32 INFO  : Hardware design information is loaded from 'E:/CAB/TSN/H2/H2.sdk/h2_blockDesign_wrapper_hw_platform_0/system.hdf'.
15:19:32 INFO  : 'configparams force-mem-access 1' command is executed.
15:19:32 INFO  : Context for 'APU' is selected.
15:19:32 INFO  : 'stop' command is executed.
15:19:33 INFO  : 'ps7_init' command is executed.
15:19:33 INFO  : 'ps7_post_config' command is executed.
15:19:33 INFO  : Context for processor 'ps7_cortexa9_0' is selected.
15:19:33 INFO  : Processor reset is completed for 'ps7_cortexa9_0'.
15:19:33 INFO  : Context for processor 'ps7_cortexa9_0' is selected.
15:19:33 INFO  : The application 'E:/CAB/TSN/H2/H2.sdk/H2/Debug/H2.elf' is downloaded to processor 'ps7_cortexa9_0'.
15:19:33 INFO  : 'configparams force-mem-access 0' command is executed.
15:19:33 INFO  : ----------------XSDB Script----------------
connect -url tcp:127.0.0.1:3121
source E:/CAB/TSN/H2/H2.sdk/h2_blockDesign_wrapper_hw_platform_0/ps7_init.tcl
targets -set -nocase -filter {name =~"APU*" && jtag_cable_name =~ "Digilent Zed 210248BD131E"} -index 0
loadhw -hw E:/CAB/TSN/H2/H2.sdk/h2_blockDesign_wrapper_hw_platform_0/system.hdf -mem-ranges [list {0x40000000 0xbfffffff}]
configparams force-mem-access 1
targets -set -nocase -filter {name =~"APU*" && jtag_cable_name =~ "Digilent Zed 210248BD131E"} -index 0
stop
ps7_init
ps7_post_config
targets -set -nocase -filter {name =~ "ARM*#0" && jtag_cable_name =~ "Digilent Zed 210248BD131E"} -index 0
rst -processor
targets -set -nocase -filter {name =~ "ARM*#0" && jtag_cable_name =~ "Digilent Zed 210248BD131E"} -index 0
dow E:/CAB/TSN/H2/H2.sdk/H2/Debug/H2.elf
configparams force-mem-access 0
----------------End of Script----------------

15:19:33 INFO  : Memory regions updated for context APU
15:19:33 INFO  : Context for processor 'ps7_cortexa9_0' is selected.
15:19:33 INFO  : 'con' command is executed.
15:19:33 INFO  : ----------------XSDB Script (After Launch)----------------
targets -set -nocase -filter {name =~ "ARM*#0" && jtag_cable_name =~ "Digilent Zed 210248BD131E"} -index 0
con
----------------End of Script----------------

15:19:34 INFO  : Launch script is exported to file 'E:\CAB\TSN\H2\H2.sdk\.sdk\launch_scripts\xilinx_c-c++_application_(system_debugger)\system_debugger_using_debug_h2.elf_on_local.tcl'
15:21:46 INFO  : Disconnected from the channel tcfchan#4.
15:21:48 INFO  : 'targets -set -filter {jtag_cable_name =~ "Digilent Zed 210248BD131E" && level==0} -index 1' command is executed.
15:21:48 INFO  : 'fpga -state' command is executed.
15:21:50 INFO  : Connected to target on host '127.0.0.1' and port '3121'.
15:21:51 INFO  : Jtag cable 'Digilent Zed 210248BD131E' is selected.
15:21:51 INFO  : 'jtag frequency' command is executed.
15:21:51 INFO  : Sourcing of 'E:/CAB/TSN/H2/H2.sdk/h2_blockDesign_wrapper_hw_platform_0/ps7_init.tcl' is done.
15:21:51 INFO  : Context for 'APU' is selected.
15:22:08 INFO  : Hardware design information is loaded from 'E:/CAB/TSN/H2/H2.sdk/h2_blockDesign_wrapper_hw_platform_0/system.hdf'.
15:22:08 INFO  : 'configparams force-mem-access 1' command is executed.
15:22:08 INFO  : Context for 'APU' is selected.
15:22:09 INFO  : 'stop' command is executed.
15:22:10 INFO  : 'ps7_init' command is executed.
15:22:10 INFO  : 'ps7_post_config' command is executed.
15:22:10 INFO  : Context for processor 'ps7_cortexa9_0' is selected.
15:22:10 INFO  : Processor reset is completed for 'ps7_cortexa9_0'.
15:22:10 INFO  : Context for processor 'ps7_cortexa9_0' is selected.
15:22:13 ERROR : Memory write error at 0x100000. APB AP transaction error, DAP status f0000021
15:22:13 INFO  : ----------------XSDB Script----------------
connect -url tcp:127.0.0.1:3121
source E:/CAB/TSN/H2/H2.sdk/h2_blockDesign_wrapper_hw_platform_0/ps7_init.tcl
targets -set -nocase -filter {name =~"APU*" && jtag_cable_name =~ "Digilent Zed 210248BD131E"} -index 0
loadhw -hw E:/CAB/TSN/H2/H2.sdk/h2_blockDesign_wrapper_hw_platform_0/system.hdf -mem-ranges [list {0x40000000 0xbfffffff}]
configparams force-mem-access 1
targets -set -nocase -filter {name =~"APU*" && jtag_cable_name =~ "Digilent Zed 210248BD131E"} -index 0
stop
ps7_init
ps7_post_config
targets -set -nocase -filter {name =~ "ARM*#0" && jtag_cable_name =~ "Digilent Zed 210248BD131E"} -index 0
rst -processor
targets -set -nocase -filter {name =~ "ARM*#0" && jtag_cable_name =~ "Digilent Zed 210248BD131E"} -index 0
dow E:/CAB/TSN/H2/H2.sdk/H2/Debug/H2.elf
----------------End of Script----------------

15:22:49 INFO  : 'targets -set -filter {jtag_cable_name =~ "Digilent Zed 210248BD131E" && level==0} -index 1' command is executed.
15:22:49 INFO  : 'fpga -state' command is executed.
15:22:51 INFO  : Connected to target on host '127.0.0.1' and port '3121'.
15:22:52 INFO  : Jtag cable 'Digilent Zed 210248BD131E' is selected.
15:22:52 INFO  : 'jtag frequency' command is executed.
15:22:52 INFO  : Sourcing of 'E:/CAB/TSN/H2/H2.sdk/h2_blockDesign_wrapper_hw_platform_0/ps7_init.tcl' is done.
15:22:52 INFO  : Context for 'APU' is selected.
15:22:52 INFO  : Hardware design information is loaded from 'E:/CAB/TSN/H2/H2.sdk/h2_blockDesign_wrapper_hw_platform_0/system.hdf'.
15:22:52 INFO  : 'configparams force-mem-access 1' command is executed.
15:22:52 INFO  : Context for 'APU' is selected.
15:22:52 INFO  : 'stop' command is executed.
15:22:52 INFO  : 'ps7_init' command is executed.
15:22:52 INFO  : 'ps7_post_config' command is executed.
15:22:52 INFO  : Context for processor 'ps7_cortexa9_0' is selected.
15:22:53 INFO  : Processor reset is completed for 'ps7_cortexa9_0'.
15:22:53 INFO  : Context for processor 'ps7_cortexa9_0' is selected.
15:22:53 INFO  : The application 'E:/CAB/TSN/H2/H2.sdk/H2/Debug/H2.elf' is downloaded to processor 'ps7_cortexa9_0'.
15:22:53 INFO  : 'configparams force-mem-access 0' command is executed.
15:22:53 INFO  : ----------------XSDB Script----------------
connect -url tcp:127.0.0.1:3121
source E:/CAB/TSN/H2/H2.sdk/h2_blockDesign_wrapper_hw_platform_0/ps7_init.tcl
targets -set -nocase -filter {name =~"APU*" && jtag_cable_name =~ "Digilent Zed 210248BD131E"} -index 0
loadhw -hw E:/CAB/TSN/H2/H2.sdk/h2_blockDesign_wrapper_hw_platform_0/system.hdf -mem-ranges [list {0x40000000 0xbfffffff}]
configparams force-mem-access 1
targets -set -nocase -filter {name =~"APU*" && jtag_cable_name =~ "Digilent Zed 210248BD131E"} -index 0
stop
ps7_init
ps7_post_config
targets -set -nocase -filter {name =~ "ARM*#0" && jtag_cable_name =~ "Digilent Zed 210248BD131E"} -index 0
rst -processor
targets -set -nocase -filter {name =~ "ARM*#0" && jtag_cable_name =~ "Digilent Zed 210248BD131E"} -index 0
dow E:/CAB/TSN/H2/H2.sdk/H2/Debug/H2.elf
configparams force-mem-access 0
----------------End of Script----------------

15:22:53 INFO  : Memory regions updated for context APU
15:22:53 INFO  : Context for processor 'ps7_cortexa9_0' is selected.
15:22:53 INFO  : 'con' command is executed.
15:22:53 INFO  : ----------------XSDB Script (After Launch)----------------
targets -set -nocase -filter {name =~ "ARM*#0" && jtag_cable_name =~ "Digilent Zed 210248BD131E"} -index 0
con
----------------End of Script----------------

15:22:53 INFO  : Launch script is exported to file 'E:\CAB\TSN\H2\H2.sdk\.sdk\launch_scripts\xilinx_c-c++_application_(system_debugger)\system_debugger_using_debug_h2.elf_on_local.tcl'
15:26:36 INFO  : Disconnected from the channel tcfchan#5.
15:26:37 INFO  : 'targets -set -filter {jtag_cable_name =~ "Digilent Zed 210248BD131E" && level==0} -index 1' command is executed.
15:26:37 INFO  : 'fpga -state' command is executed.
15:26:39 INFO  : Connected to target on host '127.0.0.1' and port '3121'.
15:26:40 INFO  : Jtag cable 'Digilent Zed 210248BD131E' is selected.
15:26:40 INFO  : 'jtag frequency' command is executed.
15:26:40 INFO  : Sourcing of 'E:/CAB/TSN/H2/H2.sdk/h2_blockDesign_wrapper_hw_platform_0/ps7_init.tcl' is done.
15:26:40 INFO  : Context for 'APU' is selected.
15:26:57 INFO  : Hardware design information is loaded from 'E:/CAB/TSN/H2/H2.sdk/h2_blockDesign_wrapper_hw_platform_0/system.hdf'.
15:26:57 INFO  : 'configparams force-mem-access 1' command is executed.
15:26:57 INFO  : Context for 'APU' is selected.
15:26:58 INFO  : 'stop' command is executed.
15:26:59 INFO  : 'ps7_init' command is executed.
15:26:59 INFO  : 'ps7_post_config' command is executed.
15:26:59 INFO  : Context for processor 'ps7_cortexa9_0' is selected.
15:27:00 INFO  : Processor reset is completed for 'ps7_cortexa9_0'.
15:27:00 INFO  : Context for processor 'ps7_cortexa9_0' is selected.
15:27:02 ERROR : Memory write error at 0x100000. APB AP transaction error, DAP status f0000021
15:27:02 INFO  : ----------------XSDB Script----------------
connect -url tcp:127.0.0.1:3121
source E:/CAB/TSN/H2/H2.sdk/h2_blockDesign_wrapper_hw_platform_0/ps7_init.tcl
targets -set -nocase -filter {name =~"APU*" && jtag_cable_name =~ "Digilent Zed 210248BD131E"} -index 0
loadhw -hw E:/CAB/TSN/H2/H2.sdk/h2_blockDesign_wrapper_hw_platform_0/system.hdf -mem-ranges [list {0x40000000 0xbfffffff}]
configparams force-mem-access 1
targets -set -nocase -filter {name =~"APU*" && jtag_cable_name =~ "Digilent Zed 210248BD131E"} -index 0
stop
ps7_init
ps7_post_config
targets -set -nocase -filter {name =~ "ARM*#0" && jtag_cable_name =~ "Digilent Zed 210248BD131E"} -index 0
rst -processor
targets -set -nocase -filter {name =~ "ARM*#0" && jtag_cable_name =~ "Digilent Zed 210248BD131E"} -index 0
dow E:/CAB/TSN/H2/H2.sdk/H2/Debug/H2.elf
----------------End of Script----------------

15:28:14 INFO  : 'targets -set -filter {jtag_cable_name =~ "Digilent Zed 210248BD131E" && level==0} -index 1' command is executed.
15:28:14 INFO  : 'fpga -state' command is executed.
15:28:15 INFO  : Connected to target on host '127.0.0.1' and port '3121'.
15:28:16 INFO  : Jtag cable 'Digilent Zed 210248BD131E' is selected.
15:28:16 INFO  : 'jtag frequency' command is executed.
15:28:16 INFO  : Sourcing of 'E:/CAB/TSN/H2/H2.sdk/h2_blockDesign_wrapper_hw_platform_0/ps7_init.tcl' is done.
15:28:16 INFO  : Context for 'APU' is selected.
15:28:16 INFO  : Hardware design information is loaded from 'E:/CAB/TSN/H2/H2.sdk/h2_blockDesign_wrapper_hw_platform_0/system.hdf'.
15:28:16 INFO  : 'configparams force-mem-access 1' command is executed.
15:28:16 INFO  : Context for 'APU' is selected.
15:28:16 INFO  : 'stop' command is executed.
15:28:17 INFO  : 'ps7_init' command is executed.
15:28:17 INFO  : 'ps7_post_config' command is executed.
15:28:17 INFO  : Context for processor 'ps7_cortexa9_0' is selected.
15:28:17 INFO  : Processor reset is completed for 'ps7_cortexa9_0'.
15:28:17 INFO  : Context for processor 'ps7_cortexa9_0' is selected.
15:28:17 INFO  : The application 'E:/CAB/TSN/H2/H2.sdk/H2/Debug/H2.elf' is downloaded to processor 'ps7_cortexa9_0'.
15:28:17 INFO  : 'configparams force-mem-access 0' command is executed.
15:28:17 INFO  : ----------------XSDB Script----------------
connect -url tcp:127.0.0.1:3121
source E:/CAB/TSN/H2/H2.sdk/h2_blockDesign_wrapper_hw_platform_0/ps7_init.tcl
targets -set -nocase -filter {name =~"APU*" && jtag_cable_name =~ "Digilent Zed 210248BD131E"} -index 0
loadhw -hw E:/CAB/TSN/H2/H2.sdk/h2_blockDesign_wrapper_hw_platform_0/system.hdf -mem-ranges [list {0x40000000 0xbfffffff}]
configparams force-mem-access 1
targets -set -nocase -filter {name =~"APU*" && jtag_cable_name =~ "Digilent Zed 210248BD131E"} -index 0
stop
ps7_init
ps7_post_config
targets -set -nocase -filter {name =~ "ARM*#0" && jtag_cable_name =~ "Digilent Zed 210248BD131E"} -index 0
rst -processor
targets -set -nocase -filter {name =~ "ARM*#0" && jtag_cable_name =~ "Digilent Zed 210248BD131E"} -index 0
dow E:/CAB/TSN/H2/H2.sdk/H2/Debug/H2.elf
configparams force-mem-access 0
----------------End of Script----------------

15:28:17 INFO  : Memory regions updated for context APU
15:28:17 INFO  : Context for processor 'ps7_cortexa9_0' is selected.
15:28:17 INFO  : 'con' command is executed.
15:28:17 INFO  : ----------------XSDB Script (After Launch)----------------
targets -set -nocase -filter {name =~ "ARM*#0" && jtag_cable_name =~ "Digilent Zed 210248BD131E"} -index 0
con
----------------End of Script----------------

15:28:17 INFO  : Launch script is exported to file 'E:\CAB\TSN\H2\H2.sdk\.sdk\launch_scripts\xilinx_c-c++_application_(system_debugger)\system_debugger_using_debug_h2.elf_on_local.tcl'
15:29:01 INFO  : Disconnected from the channel tcfchan#6.
15:29:02 INFO  : Connected to target on host '127.0.0.1' and port '3121'.
15:29:03 INFO  : Jtag cable 'Digilent Zed 210248BD131E' is selected.
15:29:03 INFO  : 'jtag frequency' command is executed.
15:29:03 INFO  : Sourcing of 'E:/CAB/TSN/H2/H2.sdk/h2_blockDesign_wrapper_hw_platform_0/ps7_init.tcl' is done.
15:29:03 INFO  : Context for 'APU' is selected.
15:29:03 INFO  : System reset is completed.
15:29:06 INFO  : 'after 3000' command is executed.
15:29:06 INFO  : 'targets -set -filter {jtag_cable_name =~ "Digilent Zed 210248BD131E" && level==0} -index 1' command is executed.
15:29:09 INFO  : FPGA configured successfully with bitstream "E:/CAB/TSN/H2/H2.sdk/h2_blockDesign_wrapper_hw_platform_0/h2_blockDesign_wrapper.bit"
15:29:09 INFO  : Context for 'APU' is selected.
15:29:25 INFO  : Hardware design information is loaded from 'E:/CAB/TSN/H2/H2.sdk/h2_blockDesign_wrapper_hw_platform_0/system.hdf'.
15:29:25 INFO  : 'configparams force-mem-access 1' command is executed.
15:29:25 INFO  : Context for 'APU' is selected.
15:29:25 INFO  : 'ps7_init' command is executed.
15:29:25 INFO  : 'ps7_post_config' command is executed.
15:29:25 INFO  : Context for processor 'ps7_cortexa9_0' is selected.
15:29:25 INFO  : The application 'E:/CAB/TSN/H2/H2.sdk/H2/Debug/H2.elf' is downloaded to processor 'ps7_cortexa9_0'.
15:29:25 INFO  : 'configparams force-mem-access 0' command is executed.
15:29:25 INFO  : ----------------XSDB Script----------------
connect -url tcp:127.0.0.1:3121
source E:/CAB/TSN/H2/H2.sdk/h2_blockDesign_wrapper_hw_platform_0/ps7_init.tcl
targets -set -nocase -filter {name =~"APU*" && jtag_cable_name =~ "Digilent Zed 210248BD131E"} -index 0
rst -system
after 3000
targets -set -filter {jtag_cable_name =~ "Digilent Zed 210248BD131E" && level==0} -index 1
fpga -file E:/CAB/TSN/H2/H2.sdk/h2_blockDesign_wrapper_hw_platform_0/h2_blockDesign_wrapper.bit
targets -set -nocase -filter {name =~"APU*" && jtag_cable_name =~ "Digilent Zed 210248BD131E"} -index 0
loadhw -hw E:/CAB/TSN/H2/H2.sdk/h2_blockDesign_wrapper_hw_platform_0/system.hdf -mem-ranges [list {0x40000000 0xbfffffff}]
configparams force-mem-access 1
targets -set -nocase -filter {name =~"APU*" && jtag_cable_name =~ "Digilent Zed 210248BD131E"} -index 0
ps7_init
ps7_post_config
targets -set -nocase -filter {name =~ "ARM*#0" && jtag_cable_name =~ "Digilent Zed 210248BD131E"} -index 0
dow E:/CAB/TSN/H2/H2.sdk/H2/Debug/H2.elf
configparams force-mem-access 0
----------------End of Script----------------

15:29:25 INFO  : Memory regions updated for context APU
15:29:26 INFO  : Context for processor 'ps7_cortexa9_0' is selected.
15:29:26 INFO  : 'con' command is executed.
15:29:26 INFO  : ----------------XSDB Script (After Launch)----------------
targets -set -nocase -filter {name =~ "ARM*#0" && jtag_cable_name =~ "Digilent Zed 210248BD131E"} -index 0
con
----------------End of Script----------------

15:29:26 INFO  : Launch script is exported to file 'E:\CAB\TSN\H2\H2.sdk\.sdk\launch_scripts\xilinx_c-c++_application_(system_debugger)\system_debugger_using_debug_h2.elf_on_local.tcl'
15:29:58 INFO  : Disconnected from the channel tcfchan#7.
15:29:59 INFO  : Connected to target on host '127.0.0.1' and port '3121'.
15:30:00 INFO  : Jtag cable 'Digilent Zed 210248BD131E' is selected.
15:30:00 INFO  : 'jtag frequency' command is executed.
15:30:00 INFO  : Sourcing of 'E:/CAB/TSN/H2/H2.sdk/h2_blockDesign_wrapper_hw_platform_0/ps7_init.tcl' is done.
15:30:00 INFO  : Context for 'APU' is selected.
15:30:00 INFO  : System reset is completed.
15:30:03 INFO  : 'after 3000' command is executed.
15:30:04 INFO  : 'targets -set -filter {jtag_cable_name =~ "Digilent Zed 210248BD131E" && level==0} -index 1' command is executed.
15:30:06 INFO  : FPGA configured successfully with bitstream "E:/CAB/TSN/H2/H2.sdk/h2_blockDesign_wrapper_hw_platform_0/h2_blockDesign_wrapper.bit"
15:30:06 INFO  : Context for 'APU' is selected.
15:30:24 INFO  : Hardware design information is loaded from 'E:/CAB/TSN/H2/H2.sdk/h2_blockDesign_wrapper_hw_platform_0/system.hdf'.
15:30:24 INFO  : 'configparams force-mem-access 1' command is executed.
15:30:25 INFO  : Context for 'APU' is selected.
15:30:25 INFO  : 'ps7_init' command is executed.
15:30:25 INFO  : 'ps7_post_config' command is executed.
15:30:25 INFO  : Context for processor 'ps7_cortexa9_0' is selected.
15:30:25 INFO  : The application 'E:/CAB/TSN/H2/H2.sdk/H2/Debug/H2.elf' is downloaded to processor 'ps7_cortexa9_0'.
15:30:25 INFO  : 'configparams force-mem-access 0' command is executed.
15:30:25 INFO  : ----------------XSDB Script----------------
connect -url tcp:127.0.0.1:3121
source E:/CAB/TSN/H2/H2.sdk/h2_blockDesign_wrapper_hw_platform_0/ps7_init.tcl
targets -set -nocase -filter {name =~"APU*" && jtag_cable_name =~ "Digilent Zed 210248BD131E"} -index 0
rst -system
after 3000
targets -set -filter {jtag_cable_name =~ "Digilent Zed 210248BD131E" && level==0} -index 1
fpga -file E:/CAB/TSN/H2/H2.sdk/h2_blockDesign_wrapper_hw_platform_0/h2_blockDesign_wrapper.bit
targets -set -nocase -filter {name =~"APU*" && jtag_cable_name =~ "Digilent Zed 210248BD131E"} -index 0
loadhw -hw E:/CAB/TSN/H2/H2.sdk/h2_blockDesign_wrapper_hw_platform_0/system.hdf -mem-ranges [list {0x40000000 0xbfffffff}]
configparams force-mem-access 1
targets -set -nocase -filter {name =~"APU*" && jtag_cable_name =~ "Digilent Zed 210248BD131E"} -index 0
ps7_init
ps7_post_config
targets -set -nocase -filter {name =~ "ARM*#0" && jtag_cable_name =~ "Digilent Zed 210248BD131E"} -index 0
dow E:/CAB/TSN/H2/H2.sdk/H2/Debug/H2.elf
configparams force-mem-access 0
----------------End of Script----------------

15:30:25 INFO  : Memory regions updated for context APU
15:30:25 INFO  : Context for processor 'ps7_cortexa9_0' is selected.
15:30:25 INFO  : 'con' command is executed.
15:30:25 INFO  : ----------------XSDB Script (After Launch)----------------
targets -set -nocase -filter {name =~ "ARM*#0" && jtag_cable_name =~ "Digilent Zed 210248BD131E"} -index 0
con
----------------End of Script----------------

15:30:25 INFO  : Launch script is exported to file 'E:\CAB\TSN\H2\H2.sdk\.sdk\launch_scripts\xilinx_c-c++_application_(system_debugger)\system_debugger_using_debug_h2.elf_on_local.tcl'
15:32:23 INFO  : Disconnected from the channel tcfchan#8.
15:32:24 INFO  : Connected to target on host '127.0.0.1' and port '3121'.
15:32:25 INFO  : Jtag cable 'Digilent Zed 210248BD131E' is selected.
15:32:25 INFO  : 'jtag frequency' command is executed.
15:32:25 INFO  : Sourcing of 'E:/CAB/TSN/H2/H2.sdk/h2_blockDesign_wrapper_hw_platform_0/ps7_init.tcl' is done.
15:32:25 INFO  : Context for 'APU' is selected.
15:32:25 INFO  : System reset is completed.
15:32:28 INFO  : 'after 3000' command is executed.
15:32:28 INFO  : 'targets -set -filter {jtag_cable_name =~ "Digilent Zed 210248BD131E" && level==0} -index 1' command is executed.
15:32:31 INFO  : FPGA configured successfully with bitstream "E:/CAB/TSN/H2/H2.sdk/h2_blockDesign_wrapper_hw_platform_0/h2_blockDesign_wrapper.bit"
15:32:31 INFO  : Context for 'APU' is selected.
15:32:57 INFO  : Hardware design information is loaded from 'E:/CAB/TSN/H2/H2.sdk/h2_blockDesign_wrapper_hw_platform_0/system.hdf'.
15:32:57 INFO  : 'configparams force-mem-access 1' command is executed.
15:32:58 INFO  : Context for 'APU' is selected.
15:32:58 INFO  : 'ps7_init' command is executed.
15:32:58 INFO  : 'ps7_post_config' command is executed.
15:32:58 INFO  : Context for processor 'ps7_cortexa9_0' is selected.
15:32:58 INFO  : The application 'E:/CAB/TSN/H2/H2.sdk/H2/Debug/H2.elf' is downloaded to processor 'ps7_cortexa9_0'.
15:32:58 INFO  : 'configparams force-mem-access 0' command is executed.
15:32:58 INFO  : ----------------XSDB Script----------------
connect -url tcp:127.0.0.1:3121
source E:/CAB/TSN/H2/H2.sdk/h2_blockDesign_wrapper_hw_platform_0/ps7_init.tcl
targets -set -nocase -filter {name =~"APU*" && jtag_cable_name =~ "Digilent Zed 210248BD131E"} -index 0
rst -system
after 3000
targets -set -filter {jtag_cable_name =~ "Digilent Zed 210248BD131E" && level==0} -index 1
fpga -file E:/CAB/TSN/H2/H2.sdk/h2_blockDesign_wrapper_hw_platform_0/h2_blockDesign_wrapper.bit
targets -set -nocase -filter {name =~"APU*" && jtag_cable_name =~ "Digilent Zed 210248BD131E"} -index 0
loadhw -hw E:/CAB/TSN/H2/H2.sdk/h2_blockDesign_wrapper_hw_platform_0/system.hdf -mem-ranges [list {0x40000000 0xbfffffff}]
configparams force-mem-access 1
targets -set -nocase -filter {name =~"APU*" && jtag_cable_name =~ "Digilent Zed 210248BD131E"} -index 0
ps7_init
ps7_post_config
targets -set -nocase -filter {name =~ "ARM*#0" && jtag_cable_name =~ "Digilent Zed 210248BD131E"} -index 0
dow E:/CAB/TSN/H2/H2.sdk/H2/Debug/H2.elf
configparams force-mem-access 0
----------------End of Script----------------

15:32:58 INFO  : Memory regions updated for context APU
15:32:58 INFO  : Context for processor 'ps7_cortexa9_0' is selected.
15:32:58 INFO  : 'con' command is executed.
15:32:58 INFO  : ----------------XSDB Script (After Launch)----------------
targets -set -nocase -filter {name =~ "ARM*#0" && jtag_cable_name =~ "Digilent Zed 210248BD131E"} -index 0
con
----------------End of Script----------------

15:32:58 INFO  : Launch script is exported to file 'E:\CAB\TSN\H2\H2.sdk\.sdk\launch_scripts\xilinx_c-c++_application_(system_debugger)\system_debugger_using_debug_h2.elf_on_local.tcl'
15:50:27 INFO  : Disconnected from the channel tcfchan#9.
15:51:40 INFO  : Registering command handlers for SDK TCF services
15:51:41 INFO  : Launching XSCT server: xsct.bat -interactive E:\CAB\TSN\H2\H2.sdk\temp_xsdb_launch_script.tcl
15:51:44 INFO  : XSCT server has started successfully.
15:51:48 INFO  : Processing command line option -hwspec E:/CAB/TSN/H2/H2.sdk/h2_blockDesign_wrapper.hdf.
15:51:48 INFO  : Successfully done setting XSCT server connection channel  
15:51:48 INFO  : Checking for hwspec changes in the project h2_blockDesign_wrapper_hw_platform_0.
15:51:54 INFO  : SDK has detected change in the last modified timestamps for source hardware specification file Source:1743774542000,  Project:1743521950000
15:51:54 INFO  : The hardware specification for project 'h2_blockDesign_wrapper_hw_platform_0' is different from E:/CAB/TSN/H2/H2.sdk/h2_blockDesign_wrapper.hdf.
15:51:54 INFO  : Successfully done setting SDK workspace  
15:51:54 INFO  : Copied contents of E:/CAB/TSN/H2/H2.sdk/h2_blockDesign_wrapper.hdf into \h2_blockDesign_wrapper_hw_platform_0\system.hdf.
15:52:05 INFO  : Synchronizing projects in the workspace with the hardware platform specification changes.
15:52:37 INFO  : 
15:52:38 INFO  : Updating hardware inferred compiler options for H2.
15:52:38 INFO  : Clearing existing target manager status.
15:53:02 INFO  : Connected to target on host '127.0.0.1' and port '3121'.
15:53:03 INFO  : Jtag cable 'Digilent Zed 210248BD131E' is selected.
15:53:03 INFO  : 'jtag frequency' command is executed.
15:53:03 INFO  : Sourcing of 'E:/CAB/TSN/H2/H2.sdk/h2_blockDesign_wrapper_hw_platform_0/ps7_init.tcl' is done.
15:53:03 INFO  : Context for 'APU' is selected.
15:53:03 INFO  : System reset is completed.
15:53:06 INFO  : 'after 3000' command is executed.
15:53:07 INFO  : 'targets -set -filter {jtag_cable_name =~ "Digilent Zed 210248BD131E" && level==0} -index 1' command is executed.
15:53:09 INFO  : FPGA configured successfully with bitstream "E:/CAB/TSN/H2/H2.sdk/h2_blockDesign_wrapper_hw_platform_0/h2_blockDesign_wrapper.bit"
15:53:09 INFO  : Context for 'APU' is selected.
15:53:09 INFO  : Hardware design information is loaded from 'E:/CAB/TSN/H2/H2.sdk/h2_blockDesign_wrapper_hw_platform_0/system.hdf'.
15:53:09 INFO  : 'configparams force-mem-access 1' command is executed.
15:53:09 INFO  : Context for 'APU' is selected.
15:53:10 INFO  : 'ps7_init' command is executed.
15:53:10 INFO  : 'ps7_post_config' command is executed.
15:53:10 INFO  : Context for processor 'ps7_cortexa9_0' is selected.
15:53:10 INFO  : The application 'E:/CAB/TSN/H2/H2.sdk/H2/Debug/H2.elf' is downloaded to processor 'ps7_cortexa9_0'.
15:53:10 INFO  : 'configparams force-mem-access 0' command is executed.
15:53:10 INFO  : ----------------XSDB Script----------------
connect -url tcp:127.0.0.1:3121
source E:/CAB/TSN/H2/H2.sdk/h2_blockDesign_wrapper_hw_platform_0/ps7_init.tcl
targets -set -nocase -filter {name =~"APU*" && jtag_cable_name =~ "Digilent Zed 210248BD131E"} -index 0
rst -system
after 3000
targets -set -filter {jtag_cable_name =~ "Digilent Zed 210248BD131E" && level==0} -index 1
fpga -file E:/CAB/TSN/H2/H2.sdk/h2_blockDesign_wrapper_hw_platform_0/h2_blockDesign_wrapper.bit
targets -set -nocase -filter {name =~"APU*" && jtag_cable_name =~ "Digilent Zed 210248BD131E"} -index 0
loadhw -hw E:/CAB/TSN/H2/H2.sdk/h2_blockDesign_wrapper_hw_platform_0/system.hdf -mem-ranges [list {0x40000000 0xbfffffff}]
configparams force-mem-access 1
targets -set -nocase -filter {name =~"APU*" && jtag_cable_name =~ "Digilent Zed 210248BD131E"} -index 0
ps7_init
ps7_post_config
targets -set -nocase -filter {name =~ "ARM*#0" && jtag_cable_name =~ "Digilent Zed 210248BD131E"} -index 0
dow E:/CAB/TSN/H2/H2.sdk/H2/Debug/H2.elf
configparams force-mem-access 0
----------------End of Script----------------

15:53:10 INFO  : Memory regions updated for context APU
15:53:10 INFO  : Context for processor 'ps7_cortexa9_0' is selected.
15:53:10 INFO  : 'con' command is executed.
15:53:10 INFO  : ----------------XSDB Script (After Launch)----------------
targets -set -nocase -filter {name =~ "ARM*#0" && jtag_cable_name =~ "Digilent Zed 210248BD131E"} -index 0
con
----------------End of Script----------------

15:53:10 INFO  : Launch script is exported to file 'E:\CAB\TSN\H2\H2.sdk\.sdk\launch_scripts\xilinx_c-c++_application_(system_debugger)\system_debugger_using_debug_h2.elf_on_local.tcl'
15:57:43 INFO  : 'targets -set -filter {jtag_cable_name =~ "Digilent Zed 210248BD131E" && level==0} -index 1' command is executed.
15:57:43 INFO  : 'fpga -state' command is executed.
15:57:43 INFO  : Connected to target on host '127.0.0.1' and port '3121'.
15:57:44 INFO  : Jtag cable 'Digilent Zed 210248BD131E' is selected.
15:57:44 INFO  : 'jtag frequency' command is executed.
15:57:44 INFO  : Sourcing of 'E:/CAB/TSN/H2/H2.sdk/h2_blockDesign_wrapper_hw_platform_0/ps7_init.tcl' is done.
15:57:44 INFO  : Context for 'APU' is selected.
15:57:44 INFO  : Hardware design information is loaded from 'E:/CAB/TSN/H2/H2.sdk/h2_blockDesign_wrapper_hw_platform_0/system.hdf'.
15:57:44 INFO  : 'configparams force-mem-access 1' command is executed.
15:57:44 INFO  : Context for 'APU' is selected.
15:57:44 INFO  : 'stop' command is executed.
15:57:46 INFO  : 'ps7_init' command is executed.
15:57:46 INFO  : 'ps7_post_config' command is executed.
15:57:46 INFO  : Context for processor 'ps7_cortexa9_0' is selected.
15:57:46 INFO  : Processor reset is completed for 'ps7_cortexa9_0'.
15:57:46 INFO  : Context for processor 'ps7_cortexa9_0' is selected.
15:57:46 INFO  : The application 'E:/CAB/TSN/H2/H2.sdk/H2/Debug/H2.elf' is downloaded to processor 'ps7_cortexa9_0'.
15:57:47 INFO  : 'configparams force-mem-access 0' command is executed.
15:57:47 INFO  : ----------------XSDB Script----------------
connect -url tcp:127.0.0.1:3121
source E:/CAB/TSN/H2/H2.sdk/h2_blockDesign_wrapper_hw_platform_0/ps7_init.tcl
targets -set -nocase -filter {name =~"APU*" && jtag_cable_name =~ "Digilent Zed 210248BD131E"} -index 0
loadhw -hw E:/CAB/TSN/H2/H2.sdk/h2_blockDesign_wrapper_hw_platform_0/system.hdf -mem-ranges [list {0x40000000 0xbfffffff}]
configparams force-mem-access 1
targets -set -nocase -filter {name =~"APU*" && jtag_cable_name =~ "Digilent Zed 210248BD131E"} -index 0
stop
ps7_init
ps7_post_config
targets -set -nocase -filter {name =~ "ARM*#0" && jtag_cable_name =~ "Digilent Zed 210248BD131E"} -index 0
rst -processor
targets -set -nocase -filter {name =~ "ARM*#0" && jtag_cable_name =~ "Digilent Zed 210248BD131E"} -index 0
dow E:/CAB/TSN/H2/H2.sdk/H2/Debug/H2.elf
configparams force-mem-access 0
----------------End of Script----------------

15:57:47 INFO  : Context for processor 'ps7_cortexa9_0' is selected.
15:57:47 INFO  : 'con' command is executed.
15:57:47 INFO  : ----------------XSDB Script (After Launch)----------------
targets -set -nocase -filter {name =~ "ARM*#0" && jtag_cable_name =~ "Digilent Zed 210248BD131E"} -index 0
con
----------------End of Script----------------

15:57:47 INFO  : Disconnected from the channel tcfchan#1.
15:58:50 WARN  : channel "tcfchan#1" closed
15:58:51 INFO  : Connected to target on host '127.0.0.1' and port '3121'.
15:58:51 INFO  : Jtag cable 'Digilent Zed 210248BD131E' is selected.
15:58:51 INFO  : 'jtag frequency' command is executed.
15:58:51 INFO  : Sourcing of 'E:/CAB/TSN/H2/H2.sdk/h2_blockDesign_wrapper_hw_platform_0/ps7_init.tcl' is done.
15:58:51 INFO  : Context for 'APU' is selected.
15:58:52 INFO  : System reset is completed.
15:58:55 INFO  : 'after 3000' command is executed.
15:58:55 INFO  : 'targets -set -filter {jtag_cable_name =~ "Digilent Zed 210248BD131E" && level==0} -index 1' command is executed.
15:58:57 INFO  : FPGA configured successfully with bitstream "E:/CAB/TSN/H2/H2.sdk/h2_blockDesign_wrapper_hw_platform_0/h2_blockDesign_wrapper.bit"
15:58:57 INFO  : Context for 'APU' is selected.
15:59:12 INFO  : Hardware design information is loaded from 'E:/CAB/TSN/H2/H2.sdk/h2_blockDesign_wrapper_hw_platform_0/system.hdf'.
15:59:13 INFO  : 'configparams force-mem-access 1' command is executed.
15:59:13 INFO  : Context for 'APU' is selected.
15:59:13 INFO  : 'ps7_init' command is executed.
15:59:13 INFO  : 'ps7_post_config' command is executed.
15:59:13 INFO  : Context for processor 'ps7_cortexa9_0' is selected.
15:59:13 INFO  : The application 'E:/CAB/TSN/H2/H2.sdk/H2/Debug/H2.elf' is downloaded to processor 'ps7_cortexa9_0'.
15:59:13 INFO  : 'configparams force-mem-access 0' command is executed.
15:59:13 INFO  : ----------------XSDB Script----------------
connect -url tcp:127.0.0.1:3121
source E:/CAB/TSN/H2/H2.sdk/h2_blockDesign_wrapper_hw_platform_0/ps7_init.tcl
targets -set -nocase -filter {name =~"APU*" && jtag_cable_name =~ "Digilent Zed 210248BD131E"} -index 0
rst -system
after 3000
targets -set -filter {jtag_cable_name =~ "Digilent Zed 210248BD131E" && level==0} -index 1
fpga -file E:/CAB/TSN/H2/H2.sdk/h2_blockDesign_wrapper_hw_platform_0/h2_blockDesign_wrapper.bit
targets -set -nocase -filter {name =~"APU*" && jtag_cable_name =~ "Digilent Zed 210248BD131E"} -index 0
loadhw -hw E:/CAB/TSN/H2/H2.sdk/h2_blockDesign_wrapper_hw_platform_0/system.hdf -mem-ranges [list {0x40000000 0xbfffffff}]
configparams force-mem-access 1
targets -set -nocase -filter {name =~"APU*" && jtag_cable_name =~ "Digilent Zed 210248BD131E"} -index 0
ps7_init
ps7_post_config
targets -set -nocase -filter {name =~ "ARM*#0" && jtag_cable_name =~ "Digilent Zed 210248BD131E"} -index 0
dow E:/CAB/TSN/H2/H2.sdk/H2/Debug/H2.elf
configparams force-mem-access 0
----------------End of Script----------------

15:59:13 INFO  : Memory regions updated for context APU
15:59:13 INFO  : Context for processor 'ps7_cortexa9_0' is selected.
15:59:13 INFO  : 'con' command is executed.
15:59:13 INFO  : ----------------XSDB Script (After Launch)----------------
targets -set -nocase -filter {name =~ "ARM*#0" && jtag_cable_name =~ "Digilent Zed 210248BD131E"} -index 0
con
----------------End of Script----------------

15:59:17 INFO  : Launch script is exported to file 'E:\CAB\TSN\H2\H2.sdk\.sdk\launch_scripts\xilinx_c-c++_application_(system_debugger)\system_debugger_using_debug_h2.elf_on_local.tcl'
16:51:28 INFO  : Disconnected from the channel tcfchan#2.
16:51:29 INFO  : Connected to target on host '127.0.0.1' and port '3121'.
16:51:29 INFO  : Jtag cable 'Digilent Zed 210248BD131E' is selected.
16:51:29 INFO  : 'jtag frequency' command is executed.
16:51:30 INFO  : Sourcing of 'E:/CAB/TSN/H2/H2.sdk/h2_blockDesign_wrapper_hw_platform_0/ps7_init.tcl' is done.
16:51:30 INFO  : Context for 'APU' is selected.
16:51:30 INFO  : System reset is completed.
16:51:33 INFO  : 'after 3000' command is executed.
16:51:33 INFO  : 'targets -set -filter {jtag_cable_name =~ "Digilent Zed 210248BD131E" && level==0} -index 1' command is executed.
16:51:35 INFO  : FPGA configured successfully with bitstream "E:/CAB/TSN/H2/H2.sdk/h2_blockDesign_wrapper_hw_platform_0/h2_blockDesign_wrapper.bit"
16:51:35 INFO  : Context for 'APU' is selected.
16:51:35 INFO  : Hardware design information is loaded from 'E:/CAB/TSN/H2/H2.sdk/h2_blockDesign_wrapper_hw_platform_0/system.hdf'.
16:51:36 INFO  : 'configparams force-mem-access 1' command is executed.
16:51:36 INFO  : Context for 'APU' is selected.
16:51:36 INFO  : 'ps7_init' command is executed.
16:51:36 INFO  : 'ps7_post_config' command is executed.
16:51:36 INFO  : Context for processor 'ps7_cortexa9_0' is selected.
16:51:36 INFO  : The application 'E:/CAB/TSN/H2/H2.sdk/H2/Debug/H2.elf' is downloaded to processor 'ps7_cortexa9_0'.
16:51:36 INFO  : 'configparams force-mem-access 0' command is executed.
16:51:36 INFO  : ----------------XSDB Script----------------
connect -url tcp:127.0.0.1:3121
source E:/CAB/TSN/H2/H2.sdk/h2_blockDesign_wrapper_hw_platform_0/ps7_init.tcl
targets -set -nocase -filter {name =~"APU*" && jtag_cable_name =~ "Digilent Zed 210248BD131E"} -index 0
rst -system
after 3000
targets -set -filter {jtag_cable_name =~ "Digilent Zed 210248BD131E" && level==0} -index 1
fpga -file E:/CAB/TSN/H2/H2.sdk/h2_blockDesign_wrapper_hw_platform_0/h2_blockDesign_wrapper.bit
targets -set -nocase -filter {name =~"APU*" && jtag_cable_name =~ "Digilent Zed 210248BD131E"} -index 0
loadhw -hw E:/CAB/TSN/H2/H2.sdk/h2_blockDesign_wrapper_hw_platform_0/system.hdf -mem-ranges [list {0x40000000 0xbfffffff}]
configparams force-mem-access 1
targets -set -nocase -filter {name =~"APU*" && jtag_cable_name =~ "Digilent Zed 210248BD131E"} -index 0
ps7_init
ps7_post_config
targets -set -nocase -filter {name =~ "ARM*#0" && jtag_cable_name =~ "Digilent Zed 210248BD131E"} -index 0
dow E:/CAB/TSN/H2/H2.sdk/H2/Debug/H2.elf
configparams force-mem-access 0
----------------End of Script----------------

16:51:36 INFO  : Memory regions updated for context APU
16:51:36 INFO  : Context for processor 'ps7_cortexa9_0' is selected.
16:51:36 INFO  : 'con' command is executed.
16:51:36 INFO  : ----------------XSDB Script (After Launch)----------------
targets -set -nocase -filter {name =~ "ARM*#0" && jtag_cable_name =~ "Digilent Zed 210248BD131E"} -index 0
con
----------------End of Script----------------

16:51:36 INFO  : Launch script is exported to file 'E:\CAB\TSN\H2\H2.sdk\.sdk\launch_scripts\xilinx_c-c++_application_(system_debugger)\system_debugger_using_debug_h2.elf_on_local.tcl'
17:24:04 INFO  : SDK has detected change in the last modified timestamps for source hardware specification file Source:1743780228000,  Project:1743774542000
17:24:04 INFO  : Project h2_blockDesign_wrapper_hw_platform_0's source hardware specification located at E:/CAB/TSN/H2/H2.sdk/h2_blockDesign_wrapper.hdf is now different from the local copy.
		 The local copy will be replaced with the source specification and your workspace will be updated.
17:24:21 INFO  : Copied contents of E:/CAB/TSN/H2/H2.sdk/h2_blockDesign_wrapper.hdf into \h2_blockDesign_wrapper_hw_platform_0\system.hdf.
17:24:26 INFO  : Synchronizing projects in the workspace with the hardware platform specification changes.
17:24:54 INFO  : 
17:24:55 INFO  : Updating hardware inferred compiler options for H2.
17:24:55 INFO  : Clearing existing target manager status.
17:25:21 INFO  : Disconnected from the channel tcfchan#3.
17:25:23 INFO  : Connected to target on host '127.0.0.1' and port '3121'.
17:25:23 INFO  : Jtag cable 'Digilent Zed 210248BD131E' is selected.
17:25:23 INFO  : 'jtag frequency' command is executed.
17:25:23 INFO  : Sourcing of 'E:/CAB/TSN/H2/H2.sdk/h2_blockDesign_wrapper_hw_platform_0/ps7_init.tcl' is done.
17:25:24 INFO  : Context for 'APU' is selected.
17:25:24 INFO  : System reset is completed.
17:25:27 INFO  : 'after 3000' command is executed.
17:25:27 INFO  : 'targets -set -filter {jtag_cable_name =~ "Digilent Zed 210248BD131E" && level==0} -index 1' command is executed.
17:25:29 INFO  : FPGA configured successfully with bitstream "E:/CAB/TSN/H2/H2.sdk/h2_blockDesign_wrapper_hw_platform_0/h2_blockDesign_wrapper.bit"
17:25:29 INFO  : Context for 'APU' is selected.
17:25:29 INFO  : Hardware design information is loaded from 'E:/CAB/TSN/H2/H2.sdk/h2_blockDesign_wrapper_hw_platform_0/system.hdf'.
17:25:29 INFO  : 'configparams force-mem-access 1' command is executed.
17:25:29 INFO  : Context for 'APU' is selected.
17:25:30 INFO  : 'ps7_init' command is executed.
17:25:30 INFO  : 'ps7_post_config' command is executed.
17:25:30 INFO  : Context for processor 'ps7_cortexa9_0' is selected.
17:25:30 INFO  : The application 'E:/CAB/TSN/H2/H2.sdk/H2/Debug/H2.elf' is downloaded to processor 'ps7_cortexa9_0'.
17:25:30 INFO  : 'configparams force-mem-access 0' command is executed.
17:25:30 INFO  : ----------------XSDB Script----------------
connect -url tcp:127.0.0.1:3121
source E:/CAB/TSN/H2/H2.sdk/h2_blockDesign_wrapper_hw_platform_0/ps7_init.tcl
targets -set -nocase -filter {name =~"APU*" && jtag_cable_name =~ "Digilent Zed 210248BD131E"} -index 0
rst -system
after 3000
targets -set -filter {jtag_cable_name =~ "Digilent Zed 210248BD131E" && level==0} -index 1
fpga -file E:/CAB/TSN/H2/H2.sdk/h2_blockDesign_wrapper_hw_platform_0/h2_blockDesign_wrapper.bit
targets -set -nocase -filter {name =~"APU*" && jtag_cable_name =~ "Digilent Zed 210248BD131E"} -index 0
loadhw -hw E:/CAB/TSN/H2/H2.sdk/h2_blockDesign_wrapper_hw_platform_0/system.hdf -mem-ranges [list {0x40000000 0xbfffffff}]
configparams force-mem-access 1
targets -set -nocase -filter {name =~"APU*" && jtag_cable_name =~ "Digilent Zed 210248BD131E"} -index 0
ps7_init
ps7_post_config
targets -set -nocase -filter {name =~ "ARM*#0" && jtag_cable_name =~ "Digilent Zed 210248BD131E"} -index 0
dow E:/CAB/TSN/H2/H2.sdk/H2/Debug/H2.elf
configparams force-mem-access 0
----------------End of Script----------------

17:25:30 INFO  : Memory regions updated for context APU
17:25:30 INFO  : Context for processor 'ps7_cortexa9_0' is selected.
17:25:30 INFO  : 'con' command is executed.
17:25:30 INFO  : ----------------XSDB Script (After Launch)----------------
targets -set -nocase -filter {name =~ "ARM*#0" && jtag_cable_name =~ "Digilent Zed 210248BD131E"} -index 0
con
----------------End of Script----------------

17:25:32 INFO  : Launch script is exported to file 'E:\CAB\TSN\H2\H2.sdk\.sdk\launch_scripts\xilinx_c-c++_application_(system_debugger)\system_debugger_using_debug_h2.elf_on_local.tcl'
17:27:03 INFO  : Disconnected from the channel tcfchan#4.
17:27:07 INFO  : Connected to target on host '127.0.0.1' and port '3121'.
17:27:08 INFO  : Jtag cable 'Digilent Zed 210248BD131E' is selected.
17:27:08 INFO  : 'jtag frequency' command is executed.
17:27:08 INFO  : Sourcing of 'E:/CAB/TSN/H2/H2.sdk/h2_blockDesign_wrapper_hw_platform_0/ps7_init.tcl' is done.
17:27:08 INFO  : Context for 'APU' is selected.
17:27:08 INFO  : System reset is completed.
17:27:11 INFO  : 'after 3000' command is executed.
17:27:11 INFO  : 'targets -set -filter {jtag_cable_name =~ "Digilent Zed 210248BD131E" && level==0} -index 1' command is executed.
17:27:14 INFO  : FPGA configured successfully with bitstream "E:/CAB/TSN/H2/H2.sdk/h2_blockDesign_wrapper_hw_platform_0/h2_blockDesign_wrapper.bit"
17:27:14 INFO  : Context for 'APU' is selected.
17:27:14 INFO  : Hardware design information is loaded from 'E:/CAB/TSN/H2/H2.sdk/h2_blockDesign_wrapper_hw_platform_0/system.hdf'.
17:27:14 INFO  : 'configparams force-mem-access 1' command is executed.
17:27:14 INFO  : Context for 'APU' is selected.
17:27:14 INFO  : 'ps7_init' command is executed.
17:27:14 INFO  : 'ps7_post_config' command is executed.
17:27:15 INFO  : Context for processor 'ps7_cortexa9_0' is selected.
17:27:15 INFO  : The application 'E:/CAB/TSN/H2/H2.sdk/H2/Debug/H2.elf' is downloaded to processor 'ps7_cortexa9_0'.
17:27:15 INFO  : 'configparams force-mem-access 0' command is executed.
17:27:15 INFO  : ----------------XSDB Script----------------
connect -url tcp:127.0.0.1:3121
source E:/CAB/TSN/H2/H2.sdk/h2_blockDesign_wrapper_hw_platform_0/ps7_init.tcl
targets -set -nocase -filter {name =~"APU*" && jtag_cable_name =~ "Digilent Zed 210248BD131E"} -index 0
rst -system
after 3000
targets -set -filter {jtag_cable_name =~ "Digilent Zed 210248BD131E" && level==0} -index 1
fpga -file E:/CAB/TSN/H2/H2.sdk/h2_blockDesign_wrapper_hw_platform_0/h2_blockDesign_wrapper.bit
targets -set -nocase -filter {name =~"APU*" && jtag_cable_name =~ "Digilent Zed 210248BD131E"} -index 0
loadhw -hw E:/CAB/TSN/H2/H2.sdk/h2_blockDesign_wrapper_hw_platform_0/system.hdf -mem-ranges [list {0x40000000 0xbfffffff}]
configparams force-mem-access 1
targets -set -nocase -filter {name =~"APU*" && jtag_cable_name =~ "Digilent Zed 210248BD131E"} -index 0
ps7_init
ps7_post_config
targets -set -nocase -filter {name =~ "ARM*#0" && jtag_cable_name =~ "Digilent Zed 210248BD131E"} -index 0
dow E:/CAB/TSN/H2/H2.sdk/H2/Debug/H2.elf
configparams force-mem-access 0
----------------End of Script----------------

17:27:15 INFO  : Memory regions updated for context APU
17:27:15 INFO  : Context for processor 'ps7_cortexa9_0' is selected.
17:27:15 INFO  : 'con' command is executed.
17:27:15 INFO  : ----------------XSDB Script (After Launch)----------------
targets -set -nocase -filter {name =~ "ARM*#0" && jtag_cable_name =~ "Digilent Zed 210248BD131E"} -index 0
con
----------------End of Script----------------

17:27:15 INFO  : Launch script is exported to file 'E:\CAB\TSN\H2\H2.sdk\.sdk\launch_scripts\xilinx_c-c++_application_(system_debugger)\system_debugger_using_debug_h2.elf_on_local.tcl'
17:38:21 INFO  : Disconnected from the channel tcfchan#5.
17:39:30 INFO  : Registering command handlers for SDK TCF services
17:39:33 INFO  : Launching XSCT server: xsct.bat -interactive E:\CAB\TSN\H2\H2.sdk\temp_xsdb_launch_script.tcl
17:39:35 INFO  : XSCT server has started successfully.
17:39:36 INFO  : Processing command line option -hwspec E:/CAB/TSN/H2/H2.sdk/h2_blockDesign_wrapper.hdf.
17:39:36 INFO  : Successfully done setting XSCT server connection channel  
17:39:36 INFO  : Checking for hwspec changes in the project h2_blockDesign_wrapper_hw_platform_0.
17:39:40 INFO  : SDK has detected change in the last modified timestamps for source hardware specification file Source:1743780992000,  Project:1743780228000
17:39:40 INFO  : The hardware specification for project 'h2_blockDesign_wrapper_hw_platform_0' is different from E:/CAB/TSN/H2/H2.sdk/h2_blockDesign_wrapper.hdf.
17:39:40 INFO  : Successfully done setting SDK workspace  
17:39:42 INFO  : Copied contents of E:/CAB/TSN/H2/H2.sdk/h2_blockDesign_wrapper.hdf into \h2_blockDesign_wrapper_hw_platform_0\system.hdf.
17:40:00 INFO  : Synchronizing projects in the workspace with the hardware platform specification changes.
17:40:30 INFO  : 
17:40:31 INFO  : Updating hardware inferred compiler options for H2.
17:40:31 INFO  : Clearing existing target manager status.
17:42:58 INFO  : Connected to target on host '127.0.0.1' and port '3121'.
17:42:59 INFO  : Jtag cable 'Digilent Zed 210248BD131E' is selected.
17:42:59 INFO  : 'jtag frequency' command is executed.
17:42:59 INFO  : Sourcing of 'E:/CAB/TSN/H2/H2.sdk/h2_blockDesign_wrapper_hw_platform_0/ps7_init.tcl' is done.
17:42:59 INFO  : Context for 'APU' is selected.
17:42:59 INFO  : System reset is completed.
17:43:02 INFO  : 'after 3000' command is executed.
17:43:03 INFO  : 'targets -set -filter {jtag_cable_name =~ "Digilent Zed 210248BD131E" && level==0} -index 1' command is executed.
17:43:05 INFO  : FPGA configured successfully with bitstream "E:/CAB/TSN/H2/H2.sdk/h2_blockDesign_wrapper_hw_platform_0/h2_blockDesign_wrapper.bit"
17:43:05 INFO  : Context for 'APU' is selected.
17:43:05 INFO  : Hardware design information is loaded from 'E:/CAB/TSN/H2/H2.sdk/h2_blockDesign_wrapper_hw_platform_0/system.hdf'.
17:43:05 INFO  : 'configparams force-mem-access 1' command is executed.
17:43:05 INFO  : Context for 'APU' is selected.
17:43:06 INFO  : 'ps7_init' command is executed.
17:43:06 INFO  : 'ps7_post_config' command is executed.
17:43:06 INFO  : Context for processor 'ps7_cortexa9_0' is selected.
17:43:06 INFO  : The application 'E:/CAB/TSN/H2/H2.sdk/H2/Debug/H2.elf' is downloaded to processor 'ps7_cortexa9_0'.
17:43:06 INFO  : 'configparams force-mem-access 0' command is executed.
17:43:06 INFO  : ----------------XSDB Script----------------
connect -url tcp:127.0.0.1:3121
source E:/CAB/TSN/H2/H2.sdk/h2_blockDesign_wrapper_hw_platform_0/ps7_init.tcl
targets -set -nocase -filter {name =~"APU*" && jtag_cable_name =~ "Digilent Zed 210248BD131E"} -index 0
rst -system
after 3000
targets -set -filter {jtag_cable_name =~ "Digilent Zed 210248BD131E" && level==0} -index 1
fpga -file E:/CAB/TSN/H2/H2.sdk/h2_blockDesign_wrapper_hw_platform_0/h2_blockDesign_wrapper.bit
targets -set -nocase -filter {name =~"APU*" && jtag_cable_name =~ "Digilent Zed 210248BD131E"} -index 0
loadhw -hw E:/CAB/TSN/H2/H2.sdk/h2_blockDesign_wrapper_hw_platform_0/system.hdf -mem-ranges [list {0x40000000 0xbfffffff}]
configparams force-mem-access 1
targets -set -nocase -filter {name =~"APU*" && jtag_cable_name =~ "Digilent Zed 210248BD131E"} -index 0
ps7_init
ps7_post_config
targets -set -nocase -filter {name =~ "ARM*#0" && jtag_cable_name =~ "Digilent Zed 210248BD131E"} -index 0
dow E:/CAB/TSN/H2/H2.sdk/H2/Debug/H2.elf
configparams force-mem-access 0
----------------End of Script----------------

17:43:06 INFO  : Memory regions updated for context APU
17:43:06 INFO  : Context for processor 'ps7_cortexa9_0' is selected.
17:43:06 INFO  : 'con' command is executed.
17:43:06 INFO  : ----------------XSDB Script (After Launch)----------------
targets -set -nocase -filter {name =~ "ARM*#0" && jtag_cable_name =~ "Digilent Zed 210248BD131E"} -index 0
con
----------------End of Script----------------

17:43:06 INFO  : Launch script is exported to file 'E:\CAB\TSN\H2\H2.sdk\.sdk\launch_scripts\xilinx_c-c++_application_(system_debugger)\system_debugger_using_debug_h2.elf_on_local.tcl'
17:57:20 INFO  : Disconnected from the channel tcfchan#1.
17:57:23 INFO  : Connected to target on host '127.0.0.1' and port '3121'.
17:57:24 INFO  : Jtag cable 'Digilent Zed 210248BD131E' is selected.
17:57:24 INFO  : 'jtag frequency' command is executed.
17:57:24 INFO  : Sourcing of 'E:/CAB/TSN/H2/H2.sdk/h2_blockDesign_wrapper_hw_platform_0/ps7_init.tcl' is done.
17:57:24 INFO  : Context for 'APU' is selected.
17:57:24 INFO  : System reset is completed.
17:57:27 INFO  : 'after 3000' command is executed.
17:57:27 INFO  : 'targets -set -filter {jtag_cable_name =~ "Digilent Zed 210248BD131E" && level==0} -index 1' command is executed.
17:57:29 INFO  : FPGA configured successfully with bitstream "E:/CAB/TSN/H2/H2.sdk/h2_blockDesign_wrapper_hw_platform_0/h2_blockDesign_wrapper.bit"
17:57:30 INFO  : Context for 'APU' is selected.
17:57:44 INFO  : Hardware design information is loaded from 'E:/CAB/TSN/H2/H2.sdk/h2_blockDesign_wrapper_hw_platform_0/system.hdf'.
17:57:44 INFO  : 'configparams force-mem-access 1' command is executed.
17:57:44 INFO  : Context for 'APU' is selected.
17:57:44 INFO  : 'ps7_init' command is executed.
17:57:44 INFO  : 'ps7_post_config' command is executed.
17:57:44 INFO  : Context for processor 'ps7_cortexa9_0' is selected.
17:57:44 INFO  : The application 'E:/CAB/TSN/H2/H2.sdk/H2/Debug/H2.elf' is downloaded to processor 'ps7_cortexa9_0'.
17:57:44 INFO  : 'configparams force-mem-access 0' command is executed.
17:57:44 INFO  : ----------------XSDB Script----------------
connect -url tcp:127.0.0.1:3121
source E:/CAB/TSN/H2/H2.sdk/h2_blockDesign_wrapper_hw_platform_0/ps7_init.tcl
targets -set -nocase -filter {name =~"APU*" && jtag_cable_name =~ "Digilent Zed 210248BD131E"} -index 0
rst -system
after 3000
targets -set -filter {jtag_cable_name =~ "Digilent Zed 210248BD131E" && level==0} -index 1
fpga -file E:/CAB/TSN/H2/H2.sdk/h2_blockDesign_wrapper_hw_platform_0/h2_blockDesign_wrapper.bit
targets -set -nocase -filter {name =~"APU*" && jtag_cable_name =~ "Digilent Zed 210248BD131E"} -index 0
loadhw -hw E:/CAB/TSN/H2/H2.sdk/h2_blockDesign_wrapper_hw_platform_0/system.hdf -mem-ranges [list {0x40000000 0xbfffffff}]
configparams force-mem-access 1
targets -set -nocase -filter {name =~"APU*" && jtag_cable_name =~ "Digilent Zed 210248BD131E"} -index 0
ps7_init
ps7_post_config
targets -set -nocase -filter {name =~ "ARM*#0" && jtag_cable_name =~ "Digilent Zed 210248BD131E"} -index 0
dow E:/CAB/TSN/H2/H2.sdk/H2/Debug/H2.elf
configparams force-mem-access 0
----------------End of Script----------------

17:57:44 INFO  : Memory regions updated for context APU
17:57:45 INFO  : Context for processor 'ps7_cortexa9_0' is selected.
17:57:45 INFO  : 'con' command is executed.
17:57:45 INFO  : ----------------XSDB Script (After Launch)----------------
targets -set -nocase -filter {name =~ "ARM*#0" && jtag_cable_name =~ "Digilent Zed 210248BD131E"} -index 0
con
----------------End of Script----------------

17:57:45 INFO  : Launch script is exported to file 'E:\CAB\TSN\H2\H2.sdk\.sdk\launch_scripts\xilinx_c-c++_application_(system_debugger)\system_debugger_using_debug_h2.elf_on_local.tcl'
17:58:12 INFO  : Disconnected from the channel tcfchan#2.
15:08:28 INFO  : Registering command handlers for SDK TCF services
15:08:29 INFO  : Launching XSCT server: xsct.bat -interactive E:\CAB\TSN\H2\H2.sdk\temp_xsdb_launch_script.tcl
15:08:32 INFO  : XSCT server has started successfully.
15:08:40 INFO  : Processing command line option -hwspec E:/CAB/TSN/H2/H2.sdk/h2_blockDesign_wrapper.hdf.
15:08:40 INFO  : Successfully done setting XSCT server connection channel  
15:08:40 INFO  : Checking for hwspec changes in the project h2_blockDesign_wrapper_hw_platform_0.
15:08:48 INFO  : Successfully done setting SDK workspace  
15:09:00 INFO  : SDK has detected change in the last modified timestamps for source hardware specification file Source:1743938824000,  Project:1743780992000
15:09:00 INFO  : The hardware specification for project 'h2_blockDesign_wrapper_hw_platform_0' is different from E:/CAB/TSN/H2/H2.sdk/h2_blockDesign_wrapper.hdf.
15:09:32 INFO  : Copied contents of E:/CAB/TSN/H2/H2.sdk/h2_blockDesign_wrapper.hdf into \h2_blockDesign_wrapper_hw_platform_0\system.hdf.
15:10:19 INFO  : Synchronizing projects in the workspace with the hardware platform specification changes.
15:12:15 INFO  : 
15:12:16 INFO  : Updating hardware inferred compiler options for H2.
15:12:16 INFO  : Clearing existing target manager status.
15:15:11 INFO  : 'targets -set -filter {jtag_cable_name =~ "Digilent Zed 210248B1878A" && level==0} -index 1' command is executed.
15:15:11 INFO  : 'fpga -state' command is executed.
15:15:15 INFO  : Connected to target on host '127.0.0.1' and port '3121'.
15:15:16 INFO  : Jtag cable 'Digilent Zed 210248B1878A' is selected.
15:15:16 INFO  : 'jtag frequency' command is executed.
15:15:16 INFO  : Sourcing of 'E:/CAB/TSN/H2/H2.sdk/h2_blockDesign_wrapper_hw_platform_0/ps7_init.tcl' is done.
15:15:16 INFO  : Context for 'APU' is selected.
15:15:16 INFO  : Hardware design information is loaded from 'E:/CAB/TSN/H2/H2.sdk/h2_blockDesign_wrapper_hw_platform_0/system.hdf'.
15:15:16 INFO  : 'configparams force-mem-access 1' command is executed.
15:15:16 INFO  : Context for 'APU' is selected.
15:15:16 INFO  : 'stop' command is executed.
15:15:17 INFO  : 'ps7_init' command is executed.
15:15:17 INFO  : 'ps7_post_config' command is executed.
15:15:17 INFO  : Context for processor 'ps7_cortexa9_0' is selected.
15:15:17 INFO  : Processor reset is completed for 'ps7_cortexa9_0'.
15:15:17 INFO  : Context for processor 'ps7_cortexa9_0' is selected.
15:15:17 INFO  : The application 'E:/CAB/TSN/H2/H2.sdk/H2/Debug/H2.elf' is downloaded to processor 'ps7_cortexa9_0'.
15:15:17 INFO  : 'configparams force-mem-access 0' command is executed.
15:15:17 INFO  : ----------------XSDB Script----------------
connect -url tcp:127.0.0.1:3121
source E:/CAB/TSN/H2/H2.sdk/h2_blockDesign_wrapper_hw_platform_0/ps7_init.tcl
targets -set -nocase -filter {name =~"APU*" && jtag_cable_name =~ "Digilent Zed 210248B1878A"} -index 0
loadhw -hw E:/CAB/TSN/H2/H2.sdk/h2_blockDesign_wrapper_hw_platform_0/system.hdf -mem-ranges [list {0x40000000 0xbfffffff}]
configparams force-mem-access 1
targets -set -nocase -filter {name =~"APU*" && jtag_cable_name =~ "Digilent Zed 210248B1878A"} -index 0
stop
ps7_init
ps7_post_config
targets -set -nocase -filter {name =~ "ARM*#0" && jtag_cable_name =~ "Digilent Zed 210248B1878A"} -index 0
rst -processor
targets -set -nocase -filter {name =~ "ARM*#0" && jtag_cable_name =~ "Digilent Zed 210248B1878A"} -index 0
dow E:/CAB/TSN/H2/H2.sdk/H2/Debug/H2.elf
configparams force-mem-access 0
----------------End of Script----------------

15:15:17 INFO  : Context for processor 'ps7_cortexa9_0' is selected.
15:15:17 INFO  : 'con' command is executed.
15:15:17 INFO  : ----------------XSDB Script (After Launch)----------------
targets -set -nocase -filter {name =~ "ARM*#0" && jtag_cable_name =~ "Digilent Zed 210248B1878A"} -index 0
con
----------------End of Script----------------

15:15:17 INFO  : Disconnected from the channel tcfchan#1.
15:16:20 INFO  : Connected to target on host '127.0.0.1' and port '3121'.
15:16:21 INFO  : Jtag cable 'Digilent Zed 210248B1878A' is selected.
15:16:21 INFO  : 'jtag frequency' command is executed.
15:16:21 INFO  : Sourcing of 'E:/CAB/TSN/H2/H2.sdk/h2_blockDesign_wrapper_hw_platform_0/ps7_init.tcl' is done.
15:16:22 INFO  : Context for 'APU' is selected.
15:16:22 INFO  : System reset is completed.
15:16:25 INFO  : 'after 3000' command is executed.
15:16:25 INFO  : 'targets -set -filter {jtag_cable_name =~ "Digilent Zed 210248B1878A" && level==0} -index 1' command is executed.
15:16:27 INFO  : FPGA configured successfully with bitstream "E:/CAB/TSN/H2/H2.sdk/h2_blockDesign_wrapper_hw_platform_0/h2_blockDesign_wrapper.bit"
15:16:27 INFO  : Context for 'APU' is selected.
15:16:27 INFO  : Hardware design information is loaded from 'E:/CAB/TSN/H2/H2.sdk/h2_blockDesign_wrapper_hw_platform_0/system.hdf'.
15:16:28 INFO  : 'configparams force-mem-access 1' command is executed.
15:16:28 INFO  : Context for 'APU' is selected.
15:16:28 INFO  : 'ps7_init' command is executed.
15:16:28 INFO  : 'ps7_post_config' command is executed.
15:16:28 INFO  : Context for processor 'ps7_cortexa9_0' is selected.
15:16:28 INFO  : The application 'E:/CAB/TSN/H2/H2.sdk/H2/Debug/H2.elf' is downloaded to processor 'ps7_cortexa9_0'.
15:16:28 INFO  : 'configparams force-mem-access 0' command is executed.
15:16:28 INFO  : ----------------XSDB Script----------------
connect -url tcp:127.0.0.1:3121
source E:/CAB/TSN/H2/H2.sdk/h2_blockDesign_wrapper_hw_platform_0/ps7_init.tcl
targets -set -nocase -filter {name =~"APU*" && jtag_cable_name =~ "Digilent Zed 210248B1878A"} -index 0
rst -system
after 3000
targets -set -filter {jtag_cable_name =~ "Digilent Zed 210248B1878A" && level==0} -index 1
fpga -file E:/CAB/TSN/H2/H2.sdk/h2_blockDesign_wrapper_hw_platform_0/h2_blockDesign_wrapper.bit
targets -set -nocase -filter {name =~"APU*" && jtag_cable_name =~ "Digilent Zed 210248B1878A"} -index 0
loadhw -hw E:/CAB/TSN/H2/H2.sdk/h2_blockDesign_wrapper_hw_platform_0/system.hdf -mem-ranges [list {0x40000000 0xbfffffff}]
configparams force-mem-access 1
targets -set -nocase -filter {name =~"APU*" && jtag_cable_name =~ "Digilent Zed 210248B1878A"} -index 0
ps7_init
ps7_post_config
targets -set -nocase -filter {name =~ "ARM*#0" && jtag_cable_name =~ "Digilent Zed 210248B1878A"} -index 0
dow E:/CAB/TSN/H2/H2.sdk/H2/Debug/H2.elf
configparams force-mem-access 0
----------------End of Script----------------

15:16:28 INFO  : Context for processor 'ps7_cortexa9_0' is selected.
15:16:28 INFO  : 'con' command is executed.
15:16:28 INFO  : ----------------XSDB Script (After Launch)----------------
targets -set -nocase -filter {name =~ "ARM*#0" && jtag_cable_name =~ "Digilent Zed 210248B1878A"} -index 0
con
----------------End of Script----------------

15:16:28 INFO  : Disconnected from the channel tcfchan#2.
15:20:58 INFO  : Connected to target on host '127.0.0.1' and port '3121'.
15:20:59 INFO  : Jtag cable 'Digilent Zed 210248B1878A' is selected.
15:20:59 INFO  : 'jtag frequency' command is executed.
15:20:59 INFO  : Sourcing of 'E:/CAB/TSN/H2/H2.sdk/h2_blockDesign_wrapper_hw_platform_0/ps7_init.tcl' is done.
15:20:59 INFO  : Context for 'APU' is selected.
15:20:59 INFO  : System reset is completed.
15:21:02 INFO  : 'after 3000' command is executed.
15:21:03 INFO  : 'targets -set -filter {jtag_cable_name =~ "Digilent Zed 210248B1878A" && level==0} -index 1' command is executed.
15:21:05 INFO  : FPGA configured successfully with bitstream "E:/CAB/TSN/H2/H2.sdk/h2_blockDesign_wrapper_hw_platform_0/h2_blockDesign_wrapper.bit"
15:21:05 INFO  : Context for 'APU' is selected.
15:21:05 INFO  : Hardware design information is loaded from 'E:/CAB/TSN/H2/H2.sdk/h2_blockDesign_wrapper_hw_platform_0/system.hdf'.
15:21:05 INFO  : 'configparams force-mem-access 1' command is executed.
15:21:05 INFO  : Context for 'APU' is selected.
15:21:07 INFO  : 'ps7_init' command is executed.
15:21:08 INFO  : 'ps7_post_config' command is executed.
15:21:08 INFO  : Context for processor 'ps7_cortexa9_0' is selected.
15:21:08 INFO  : The application 'E:/CAB/TSN/H2/H2.sdk/H2/Debug/H2.elf' is downloaded to processor 'ps7_cortexa9_0'.
15:21:08 INFO  : 'configparams force-mem-access 0' command is executed.
15:21:08 INFO  : ----------------XSDB Script----------------
connect -url tcp:127.0.0.1:3121
source E:/CAB/TSN/H2/H2.sdk/h2_blockDesign_wrapper_hw_platform_0/ps7_init.tcl
targets -set -nocase -filter {name =~"APU*" && jtag_cable_name =~ "Digilent Zed 210248B1878A"} -index 0
rst -system
after 3000
targets -set -filter {jtag_cable_name =~ "Digilent Zed 210248B1878A" && level==0} -index 1
fpga -file E:/CAB/TSN/H2/H2.sdk/h2_blockDesign_wrapper_hw_platform_0/h2_blockDesign_wrapper.bit
targets -set -nocase -filter {name =~"APU*" && jtag_cable_name =~ "Digilent Zed 210248B1878A"} -index 0
loadhw -hw E:/CAB/TSN/H2/H2.sdk/h2_blockDesign_wrapper_hw_platform_0/system.hdf -mem-ranges [list {0x40000000 0xbfffffff}]
configparams force-mem-access 1
targets -set -nocase -filter {name =~"APU*" && jtag_cable_name =~ "Digilent Zed 210248B1878A"} -index 0
ps7_init
ps7_post_config
targets -set -nocase -filter {name =~ "ARM*#0" && jtag_cable_name =~ "Digilent Zed 210248B1878A"} -index 0
dow E:/CAB/TSN/H2/H2.sdk/H2/Debug/H2.elf
configparams force-mem-access 0
----------------End of Script----------------

15:21:10 INFO  : Context for processor 'ps7_cortexa9_0' is selected.
15:21:12 INFO  : 'con' command is executed.
15:21:12 INFO  : ----------------XSDB Script (After Launch)----------------
targets -set -nocase -filter {name =~ "ARM*#0" && jtag_cable_name =~ "Digilent Zed 210248B1878A"} -index 0
con
----------------End of Script----------------

15:21:14 INFO  : Disconnected from the channel tcfchan#3.
