#-----------------------------------------------------------
# Vivado v2022.2 (64-bit)
# SW Build 3671981 on Fri Oct 14 04:59:54 MDT 2022
# IP Build 3669848 on Fri Oct 14 08:30:02 MDT 2022
# Start of session at: Tue Apr 29 17:34:22 2025
# Process ID: 212125
# Current directory: /home/labo1/vivado_2022_2_neorv32
# Command line: vivado
# Log file: /home/labo1/vivado_2022_2_neorv32/vivado.log
# Journal file: /home/labo1/vivado_2022_2_neorv32/vivado.jou
# Running On: asictools, OS: Linux, CPU Frequency: 2400.000 MHz, CPU Physical cores: 16, Host memory: 134580 MB
#-----------------------------------------------------------
start_gui
open_project /home/labo1/vivado_2022_2_neorv32/basic_riscv.xpr
update_compile_order -fileset sources_1
reset_run synth_1
launch_runs impl_1 -to_step write_bitstream -jobs 12
wait_on_run impl_1
reset_run impl_1
reset_run synth_1
launch_runs impl_1 -to_step write_bitstream -jobs 12
wait_on_run impl_1
reset_run synth_1
launch_runs impl_1 -to_step write_bitstream -jobs 12
wait_on_run impl_1
open_run impl_1
reset_run synth_1
launch_runs impl_1 -to_step write_bitstream -jobs 12
wait_on_run impl_1
close_design
