17:04:15 INFO  : Registering command handlers for SDK TCF services
17:04:15 INFO  : Launching XSCT server: xsct.bat -interactive E:\CAB\LAB_1\lab1\lab1.sdk\temp_xsdb_launch_script.tcl
17:04:19 INFO  : XSCT server has started successfully.
17:04:22 INFO  : Processing command line option -hwspec E:/CAB/LAB_1/lab1/lab1.sdk/system_wrapper.hdf.
17:04:22 INFO  : Successfully done setting XSCT server connection channel  
17:04:22 INFO  : Successfully done setting SDK workspace  
17:13:07 INFO  : Connected to target on host '127.0.0.1' and port '3121'.
17:13:08 INFO  : Jtag cable 'Digilent Zed 210248B1878A' is selected.
17:13:08 INFO  : 'jtag frequency' command is executed.
17:13:08 INFO  : Sourcing of 'E:/CAB/LAB_1/lab1/lab1.sdk/system_wrapper_hw_platform_0/ps7_init.tcl' is done.
17:13:08 INFO  : Context for 'APU' is selected.
17:13:09 INFO  : Hardware design information is loaded from 'E:/CAB/LAB_1/lab1/lab1.sdk/system_wrapper_hw_platform_0/system.hdf'.
17:13:09 INFO  : 'configparams force-mem-access 1' command is executed.
17:13:09 INFO  : Context for 'APU' is selected.
17:13:09 INFO  : 'stop' command is executed.
17:13:09 INFO  : 'ps7_init' command is executed.
17:13:09 INFO  : 'ps7_post_config' command is executed.
17:13:09 INFO  : Context for processor 'ps7_cortexa9_0' is selected.
17:13:09 INFO  : Processor reset is completed for 'ps7_cortexa9_0'.
17:13:09 INFO  : Context for processor 'ps7_cortexa9_0' is selected.
17:13:09 INFO  : The application 'E:/CAB/LAB_1/lab1/lab1.sdk/mem_test/Debug/mem_test.elf' is downloaded to processor 'ps7_cortexa9_0'.
17:13:09 INFO  : 'configparams force-mem-access 0' command is executed.
17:13:09 INFO  : ----------------XSDB Script----------------
connect -url tcp:127.0.0.1:3121
source E:/CAB/LAB_1/lab1/lab1.sdk/system_wrapper_hw_platform_0/ps7_init.tcl
targets -set -nocase -filter {name =~"APU*" && jtag_cable_name =~ "Digilent Zed 210248B1878A"} -index 0
loadhw -hw E:/CAB/LAB_1/lab1/lab1.sdk/system_wrapper_hw_platform_0/system.hdf -mem-ranges [list {0x40000000 0xbfffffff}]
configparams force-mem-access 1
targets -set -nocase -filter {name =~"APU*" && jtag_cable_name =~ "Digilent Zed 210248B1878A"} -index 0
stop
ps7_init
ps7_post_config
targets -set -nocase -filter {name =~ "ARM*#0" && jtag_cable_name =~ "Digilent Zed 210248B1878A"} -index 0
rst -processor
targets -set -nocase -filter {name =~ "ARM*#0" && jtag_cable_name =~ "Digilent Zed 210248B1878A"} -index 0
dow E:/CAB/LAB_1/lab1/lab1.sdk/mem_test/Debug/mem_test.elf
configparams force-mem-access 0
----------------End of Script----------------

17:13:09 INFO  : Context for processor 'ps7_cortexa9_0' is selected.
17:13:10 INFO  : 'con' command is executed.
17:13:10 INFO  : ----------------XSDB Script (After Launch)----------------
targets -set -nocase -filter {name =~ "ARM*#0" && jtag_cable_name =~ "Digilent Zed 210248B1878A"} -index 0
con
----------------End of Script----------------

17:13:10 INFO  : Disconnected from the channel tcfchan#1.
17:13:47 INFO  : Connected to target on host '127.0.0.1' and port '3121'.
17:13:48 INFO  : Jtag cable 'Digilent Zed 210248B1878A' is selected.
17:13:48 INFO  : 'jtag frequency' command is executed.
17:13:48 INFO  : Sourcing of 'E:/CAB/LAB_1/lab1/lab1.sdk/system_wrapper_hw_platform_0/ps7_init.tcl' is done.
17:13:48 INFO  : Context for 'APU' is selected.
17:13:48 INFO  : Hardware design information is loaded from 'E:/CAB/LAB_1/lab1/lab1.sdk/system_wrapper_hw_platform_0/system.hdf'.
17:13:48 INFO  : 'configparams force-mem-access 1' command is executed.
17:13:48 INFO  : Context for 'APU' is selected.
17:13:48 INFO  : 'stop' command is executed.
17:13:48 INFO  : 'ps7_init' command is executed.
17:13:48 INFO  : 'ps7_post_config' command is executed.
17:13:48 INFO  : Context for processor 'ps7_cortexa9_0' is selected.
17:13:48 INFO  : Processor reset is completed for 'ps7_cortexa9_0'.
17:13:48 INFO  : Context for processor 'ps7_cortexa9_0' is selected.
17:13:49 INFO  : The application 'E:/CAB/LAB_1/lab1/lab1.sdk/mem_test/Debug/mem_test.elf' is downloaded to processor 'ps7_cortexa9_0'.
17:13:49 INFO  : 'configparams force-mem-access 0' command is executed.
17:13:49 INFO  : ----------------XSDB Script----------------
connect -url tcp:127.0.0.1:3121
source E:/CAB/LAB_1/lab1/lab1.sdk/system_wrapper_hw_platform_0/ps7_init.tcl
targets -set -nocase -filter {name =~"APU*" && jtag_cable_name =~ "Digilent Zed 210248B1878A"} -index 0
loadhw -hw E:/CAB/LAB_1/lab1/lab1.sdk/system_wrapper_hw_platform_0/system.hdf -mem-ranges [list {0x40000000 0xbfffffff}]
configparams force-mem-access 1
targets -set -nocase -filter {name =~"APU*" && jtag_cable_name =~ "Digilent Zed 210248B1878A"} -index 0
stop
ps7_init
ps7_post_config
targets -set -nocase -filter {name =~ "ARM*#0" && jtag_cable_name =~ "Digilent Zed 210248B1878A"} -index 0
rst -processor
targets -set -nocase -filter {name =~ "ARM*#0" && jtag_cable_name =~ "Digilent Zed 210248B1878A"} -index 0
dow E:/CAB/LAB_1/lab1/lab1.sdk/mem_test/Debug/mem_test.elf
configparams force-mem-access 0
----------------End of Script----------------

17:13:49 INFO  : Context for processor 'ps7_cortexa9_0' is selected.
17:13:49 INFO  : 'con' command is executed.
17:13:49 INFO  : ----------------XSDB Script (After Launch)----------------
targets -set -nocase -filter {name =~ "ARM*#0" && jtag_cable_name =~ "Digilent Zed 210248B1878A"} -index 0
con
----------------End of Script----------------

17:13:49 INFO  : Disconnected from the channel tcfchan#2.
17:14:32 INFO  : Connected to target on host '127.0.0.1' and port '3121'.
17:14:33 INFO  : Jtag cable 'Digilent Zed 210248B1878A' is selected.
17:14:33 INFO  : 'jtag frequency' command is executed.
17:14:33 INFO  : Sourcing of 'E:/CAB/LAB_1/lab1/lab1.sdk/system_wrapper_hw_platform_0/ps7_init.tcl' is done.
17:14:33 INFO  : Context for 'APU' is selected.
17:14:33 INFO  : Hardware design information is loaded from 'E:/CAB/LAB_1/lab1/lab1.sdk/system_wrapper_hw_platform_0/system.hdf'.
17:14:33 INFO  : 'configparams force-mem-access 1' command is executed.
17:14:33 INFO  : Context for 'APU' is selected.
17:14:33 INFO  : 'stop' command is executed.
17:14:34 INFO  : 'ps7_init' command is executed.
17:14:34 INFO  : 'ps7_post_config' command is executed.
17:14:34 INFO  : Context for processor 'ps7_cortexa9_0' is selected.
17:14:34 INFO  : Processor reset is completed for 'ps7_cortexa9_0'.
17:14:34 INFO  : Context for processor 'ps7_cortexa9_0' is selected.
17:14:34 INFO  : The application 'E:/CAB/LAB_1/lab1/lab1.sdk/mem_test/Debug/mem_test.elf' is downloaded to processor 'ps7_cortexa9_0'.
17:14:34 INFO  : 'configparams force-mem-access 0' command is executed.
17:14:34 INFO  : ----------------XSDB Script----------------
connect -url tcp:127.0.0.1:3121
source E:/CAB/LAB_1/lab1/lab1.sdk/system_wrapper_hw_platform_0/ps7_init.tcl
targets -set -nocase -filter {name =~"APU*" && jtag_cable_name =~ "Digilent Zed 210248B1878A"} -index 0
loadhw -hw E:/CAB/LAB_1/lab1/lab1.sdk/system_wrapper_hw_platform_0/system.hdf -mem-ranges [list {0x40000000 0xbfffffff}]
configparams force-mem-access 1
targets -set -nocase -filter {name =~"APU*" && jtag_cable_name =~ "Digilent Zed 210248B1878A"} -index 0
stop
ps7_init
ps7_post_config
targets -set -nocase -filter {name =~ "ARM*#0" && jtag_cable_name =~ "Digilent Zed 210248B1878A"} -index 0
rst -processor
targets -set -nocase -filter {name =~ "ARM*#0" && jtag_cable_name =~ "Digilent Zed 210248B1878A"} -index 0
dow E:/CAB/LAB_1/lab1/lab1.sdk/mem_test/Debug/mem_test.elf
configparams force-mem-access 0
----------------End of Script----------------

17:14:34 INFO  : Context for processor 'ps7_cortexa9_0' is selected.
17:14:34 INFO  : 'con' command is executed.
17:14:34 INFO  : ----------------XSDB Script (After Launch)----------------
targets -set -nocase -filter {name =~ "ARM*#0" && jtag_cable_name =~ "Digilent Zed 210248B1878A"} -index 0
con
----------------End of Script----------------

17:14:34 INFO  : Disconnected from the channel tcfchan#3.
17:17:34 INFO  : Connected to target on host '127.0.0.1' and port '3121'.
17:17:36 INFO  : Jtag cable 'Digilent Zed 210248B1878A' is selected.
17:17:36 INFO  : 'jtag frequency' command is executed.
17:17:36 INFO  : Sourcing of 'E:/CAB/LAB_1/lab1/lab1.sdk/system_wrapper_hw_platform_0/ps7_init.tcl' is done.
17:17:36 INFO  : Context for 'APU' is selected.
17:17:36 INFO  : Hardware design information is loaded from 'E:/CAB/LAB_1/lab1/lab1.sdk/system_wrapper_hw_platform_0/system.hdf'.
17:17:36 INFO  : 'configparams force-mem-access 1' command is executed.
17:17:36 INFO  : Context for 'APU' is selected.
17:17:36 INFO  : 'stop' command is executed.
17:17:36 INFO  : 'ps7_init' command is executed.
17:17:36 INFO  : 'ps7_post_config' command is executed.
17:17:36 INFO  : Context for processor 'ps7_cortexa9_0' is selected.
17:17:36 INFO  : Processor reset is completed for 'ps7_cortexa9_0'.
17:17:38 INFO  : Context for processor 'ps7_cortexa9_0' is selected.
17:17:38 INFO  : The application 'E:/CAB/LAB_1/lab1/lab1.sdk/mem_test/Debug/mem_test.elf' is downloaded to processor 'ps7_cortexa9_0'.
17:17:38 INFO  : 'configparams force-mem-access 0' command is executed.
17:17:38 INFO  : ----------------XSDB Script----------------
connect -url tcp:127.0.0.1:3121
source E:/CAB/LAB_1/lab1/lab1.sdk/system_wrapper_hw_platform_0/ps7_init.tcl
targets -set -nocase -filter {name =~"APU*" && jtag_cable_name =~ "Digilent Zed 210248B1878A"} -index 0
loadhw -hw E:/CAB/LAB_1/lab1/lab1.sdk/system_wrapper_hw_platform_0/system.hdf -mem-ranges [list {0x40000000 0xbfffffff}]
configparams force-mem-access 1
targets -set -nocase -filter {name =~"APU*" && jtag_cable_name =~ "Digilent Zed 210248B1878A"} -index 0
stop
ps7_init
ps7_post_config
targets -set -nocase -filter {name =~ "ARM*#0" && jtag_cable_name =~ "Digilent Zed 210248B1878A"} -index 0
rst -processor
targets -set -nocase -filter {name =~ "ARM*#0" && jtag_cable_name =~ "Digilent Zed 210248B1878A"} -index 0
dow E:/CAB/LAB_1/lab1/lab1.sdk/mem_test/Debug/mem_test.elf
configparams force-mem-access 0
----------------End of Script----------------

17:17:38 INFO  : Context for processor 'ps7_cortexa9_0' is selected.
17:17:38 INFO  : 'con' command is executed.
17:17:38 INFO  : ----------------XSDB Script (After Launch)----------------
targets -set -nocase -filter {name =~ "ARM*#0" && jtag_cable_name =~ "Digilent Zed 210248B1878A"} -index 0
con
----------------End of Script----------------

17:17:38 INFO  : Disconnected from the channel tcfchan#4.
