17:01:03 INFO  : Registering command handlers for SDK TCF services
17:01:04 INFO  : Launching XSCT server: xsct.bat -interactive E:\CAB\LAB\temp_xsdb_launch_script.tcl
17:01:07 INFO  : XSCT server has started successfully.
17:01:07 INFO  : Successfully done setting XSCT server connection channel  
17:01:11 INFO  : Processing command line option -hwspec E:/CAB/LAB.
17:01:11 INFO  : Successfully done setting SDK workspace  
17:01:11 ERROR : Error occurred while creating hardware platform LAB_hw_platform_0 from sysdef
java.io.FileNotFoundException: E:\CAB\LAB (Acceso denegado)
	at java.io.FileInputStream.open0(Native Method)
	at java.io.FileInputStream.open(FileInputStream.java:195)
	at java.io.FileInputStream.<init>(FileInputStream.java:138)
	at java.io.FileInputStream.<init>(FileInputStream.java:93)
	at com.xilinx.sdk.hw.internal.HwProjectCreator.createHwProjectFromZip(HwProjectCreator.java:100)
	at com.xilinx.sdk.hw.HwProjectUtil.internalCreate(HwProjectUtil.java:277)
	at com.xilinx.sdk.hw.HwProjectUtil.makeNewHardwareProject(HwProjectUtil.java:221)
	at com.xilinx.sdk.hw.HwProjectUtil.makeNewHardwareProject(HwProjectUtil.java:208)
	at com.xilinx.sdk.hw.HwProjectUtil.makeNewHardwareProject(HwProjectUtil.java:182)
	at com.xilinx.sdk.startup.InitSDK.processHwSpecArgumentTask(InitSDK.java:515)
	at com.xilinx.sdk.startup.InitSDK.access$8(InitSDK.java:497)
	at com.xilinx.sdk.startup.InitSDK$12.run(InitSDK.java:448)
	at org.eclipse.core.internal.jobs.Worker.run(Worker.java:55)
17:01:11 ERROR : Unable to create Hardware Specification Project with specification file: E:/CAB/LAB
