
*** Running vivado
    with args -log neorv32_ProcessorTop_Minimal.vds -m64 -product Vivado -mode batch -messageDb vivado.pb -notrace -source neorv32_ProcessorTop_Minimal.tcl


****** Vivado v2022.2 (64-bit)
  **** SW Build 3671981 on Fri Oct 14 04:59:54 MDT 2022
  **** IP Build 3669848 on Fri Oct 14 08:30:02 MDT 2022
    ** Copyright 1986-2022 Xilinx, Inc. All Rights Reserved.

source neorv32_ProcessorTop_Minimal.tcl -notrace
Command: read_checkpoint -auto_incremental -incremental /home/labo1/vivado_2022_2_neorv32/basic_riscv.srcs/utils_1/imports/synth_1/neorv32_ProcessorTop_Minimal.dcp
INFO: [Vivado 12-5825] Read reference checkpoint from /home/labo1/vivado_2022_2_neorv32/basic_riscv.srcs/utils_1/imports/synth_1/neorv32_ProcessorTop_Minimal.dcp for incremental synthesis
INFO: [Vivado 12-7989] Please ensure there are no constraint changes
Command: synth_design -top neorv32_ProcessorTop_Minimal -part xc7z020clg484-1
Starting synth_design
Attempting to get a license for feature 'Synthesis' and/or device 'xc7z020'
INFO: [Common 17-349] Got license for feature 'Synthesis' and/or device 'xc7z020'
INFO: [Device 21-403] Loading part xc7z020clg484-1
INFO: [Designutils 20-5440] No compile time benefit to using incremental synthesis; A full resynthesis will be run
INFO: [Designutils 20-4379] Flow is switching to default flow due to incremental criteria not met. If you would like to alter this behaviour and have the flow terminate instead, please set the following parameter config_implementation {autoIncr.Synth.RejectBehavior Terminate}
INFO: [Synth 8-7079] Multithreading enabled for synth_design using a maximum of 4 processes.
INFO: [Synth 8-7078] Launching helper process for spawning children vivado processes
INFO: [Synth 8-7075] Helper process launched with PID 360905
INFO: [Synth 8-11241] undeclared symbol 'REGCCE', assumed default net type 'wire' [/eda/Xilinx/Vivado/2022.2/data/verilog/src/unimacro/BRAM_SINGLE_MACRO.v:2170]
---------------------------------------------------------------------------------
Starting RTL Elaboration : Time (s): cpu = 00:00:02 ; elapsed = 00:00:02 . Memory (MB): peak = 2209.465 ; gain = 370.691 ; free physical = 78073 ; free virtual = 123671
Synthesis current peak Physical Memory [PSS] (MB): peak = 1203.994; parent = 1062.471; children = 141.523
Synthesis current peak Virtual Memory [VSS] (MB): peak = 3815.320; parent = 2212.438; children = 1602.883
---------------------------------------------------------------------------------
INFO: [Synth 8-638] synthesizing module 'neorv32_ProcessorTop_Minimal' [/home/labo1/neorv32/rtl/processor_templates/neorv32_ProcessorTop_Minimal.vhd:44]
INFO: [Synth 8-638] synthesizing module 'neorv32_top' [/home/labo1/neorv32/rtl/core/neorv32_top.vhd:246]
	Parameter CLOCK_FREQUENCY bound to: 100000000 - type: integer 
	Parameter BOOT_MODE_SELECT bound to: 2 - type: integer 
	Parameter RISCV_ISA_Zicntr bound to: 1 - type: bool 
	Parameter MEM_INT_IMEM_EN bound to: 1 - type: bool 
	Parameter MEM_INT_IMEM_SIZE bound to: 8192 - type: integer 
	Parameter MEM_INT_DMEM_EN bound to: 1 - type: bool 
	Parameter MEM_INT_DMEM_SIZE bound to: 65536 - type: integer 
	Parameter IO_CLINT_EN bound to: 1 - type: bool 
	Parameter IO_UART0_EN bound to: 1 - type: bool 
	Parameter IO_PWM_NUM_CH bound to: 3 - type: integer 
INFO: [Synth 8-638] synthesizing module 'neorv32_sys_reset' [/home/labo1/neorv32/rtl/core/neorv32_sys.vhd:34]
INFO: [Synth 8-256] done synthesizing module 'neorv32_sys_reset' (0#1) [/home/labo1/neorv32/rtl/core/neorv32_sys.vhd:34]
INFO: [Synth 8-638] synthesizing module 'neorv32_sys_clock' [/home/labo1/neorv32/rtl/core/neorv32_sys.vhd:113]
	Parameter NUM_EN bound to: 11 - type: integer 
INFO: [Synth 8-256] done synthesizing module 'neorv32_sys_clock' (0#1) [/home/labo1/neorv32/rtl/core/neorv32_sys.vhd:113]
INFO: [Synth 8-638] synthesizing module 'neorv32_cpu' [/home/labo1/neorv32/rtl/core/neorv32_cpu.vhd:94]
	Parameter HART_ID bound to: 0 - type: integer 
	Parameter BOOT_ADDR bound to: 32'b00000000000000000000000000000000 
	Parameter DEBUG_PARK_ADDR bound to: 32'b11111111111111111111111000010000 
	Parameter DEBUG_EXC_ADDR bound to: 32'b11111111111111111111111000000000 
	Parameter ICC_EN bound to: 0 - type: bool 
	Parameter RISCV_ISA_C bound to: 0 - type: bool 
	Parameter RISCV_ISA_E bound to: 0 - type: bool 
	Parameter RISCV_ISA_M bound to: 0 - type: bool 
	Parameter RISCV_ISA_U bound to: 0 - type: bool 
	Parameter RISCV_ISA_Zaamo bound to: 0 - type: bool 
	Parameter RISCV_ISA_Zalrsc bound to: 0 - type: bool 
	Parameter RISCV_ISA_Zba bound to: 0 - type: bool 
	Parameter RISCV_ISA_Zbb bound to: 0 - type: bool 
	Parameter RISCV_ISA_Zbkb bound to: 0 - type: bool 
	Parameter RISCV_ISA_Zbkc bound to: 0 - type: bool 
	Parameter RISCV_ISA_Zbkx bound to: 0 - type: bool 
	Parameter RISCV_ISA_Zbs bound to: 0 - type: bool 
	Parameter RISCV_ISA_Zfinx bound to: 0 - type: bool 
	Parameter RISCV_ISA_Zicntr bound to: 1 - type: bool 
	Parameter RISCV_ISA_Zicond bound to: 0 - type: bool 
	Parameter RISCV_ISA_Zihpm bound to: 0 - type: bool 
	Parameter RISCV_ISA_Zknd bound to: 0 - type: bool 
	Parameter RISCV_ISA_Zkne bound to: 0 - type: bool 
	Parameter RISCV_ISA_Zknh bound to: 0 - type: bool 
	Parameter RISCV_ISA_Zksed bound to: 0 - type: bool 
	Parameter RISCV_ISA_Zksh bound to: 0 - type: bool 
	Parameter RISCV_ISA_Zmmul bound to: 0 - type: bool 
	Parameter RISCV_ISA_Zxcfu bound to: 0 - type: bool 
	Parameter RISCV_ISA_Sdext bound to: 0 - type: bool 
	Parameter RISCV_ISA_Sdtrig bound to: 0 - type: bool 
	Parameter RISCV_ISA_Smpmp bound to: 0 - type: bool 
	Parameter CPU_FAST_MUL_EN bound to: 0 - type: bool 
	Parameter CPU_FAST_SHIFT_EN bound to: 0 - type: bool 
	Parameter CPU_RF_HW_RST_EN bound to: 0 - type: bool 
	Parameter PMP_NUM_REGIONS bound to: 0 - type: integer 
	Parameter PMP_MIN_GRANULARITY bound to: 4 - type: integer 
	Parameter PMP_TOR_MODE_EN bound to: 0 - type: bool 
	Parameter PMP_NAP_MODE_EN bound to: 0 - type: bool 
	Parameter HPM_NUM_CNTS bound to: 0 - type: integer 
	Parameter HPM_CNT_WIDTH bound to: 40 - type: integer 
INFO: [Synth 8-638] synthesizing module 'neorv32_cpu_frontend' [/home/labo1/neorv32/rtl/core/neorv32_cpu_frontend.vhd:39]
	Parameter RVC_EN bound to: 0 - type: bool 
INFO: [Synth 8-638] synthesizing module 'neorv32_fifo' [/home/labo1/neorv32/rtl/core/neorv32_fifo.vhd:44]
	Parameter FIFO_DEPTH bound to: 2 - type: integer 
	Parameter FIFO_WIDTH bound to: 17 - type: integer 
	Parameter FIFO_RSYNC bound to: 0 - type: bool 
	Parameter FIFO_SAFE bound to: 0 - type: bool 
	Parameter FULL_RESET bound to: 0 - type: bool 
INFO: [Synth 8-256] done synthesizing module 'neorv32_fifo' (0#1) [/home/labo1/neorv32/rtl/core/neorv32_fifo.vhd:44]
INFO: [Synth 8-256] done synthesizing module 'neorv32_cpu_frontend' (0#1) [/home/labo1/neorv32/rtl/core/neorv32_cpu_frontend.vhd:39]
INFO: [Synth 8-638] synthesizing module 'neorv32_cpu_control' [/home/labo1/neorv32/rtl/core/neorv32_cpu_control.vhd:97]
	Parameter HART_ID bound to: 0 - type: integer 
	Parameter BOOT_ADDR bound to: 32'b00000000000000000000000000000000 
	Parameter DEBUG_PARK_ADDR bound to: 32'b11111111111111111111111000010000 
	Parameter DEBUG_EXC_ADDR bound to: 32'b11111111111111111111111000000000 
	Parameter RISCV_ISA_A bound to: 0 - type: bool 
	Parameter RISCV_ISA_B bound to: 0 - type: bool 
	Parameter RISCV_ISA_C bound to: 0 - type: bool 
	Parameter RISCV_ISA_E bound to: 0 - type: bool 
	Parameter RISCV_ISA_M bound to: 0 - type: bool 
	Parameter RISCV_ISA_U bound to: 0 - type: bool 
	Parameter RISCV_ISA_Zaamo bound to: 0 - type: bool 
	Parameter RISCV_ISA_Zalrsc bound to: 0 - type: bool 
	Parameter RISCV_ISA_Zba bound to: 0 - type: bool 
	Parameter RISCV_ISA_Zbb bound to: 0 - type: bool 
	Parameter RISCV_ISA_Zbkb bound to: 0 - type: bool 
	Parameter RISCV_ISA_Zbkc bound to: 0 - type: bool 
	Parameter RISCV_ISA_Zbkx bound to: 0 - type: bool 
	Parameter RISCV_ISA_Zbs bound to: 0 - type: bool 
	Parameter RISCV_ISA_Zfinx bound to: 0 - type: bool 
	Parameter RISCV_ISA_Zicntr bound to: 1 - type: bool 
	Parameter RISCV_ISA_Zicond bound to: 0 - type: bool 
	Parameter RISCV_ISA_Zihpm bound to: 0 - type: bool 
	Parameter RISCV_ISA_Zkn bound to: 0 - type: bool 
	Parameter RISCV_ISA_Zknd bound to: 0 - type: bool 
	Parameter RISCV_ISA_Zkne bound to: 0 - type: bool 
	Parameter RISCV_ISA_Zknh bound to: 0 - type: bool 
	Parameter RISCV_ISA_Zks bound to: 0 - type: bool 
	Parameter RISCV_ISA_Zksed bound to: 0 - type: bool 
	Parameter RISCV_ISA_Zksh bound to: 0 - type: bool 
	Parameter RISCV_ISA_Zkt bound to: 0 - type: bool 
	Parameter RISCV_ISA_Zmmul bound to: 0 - type: bool 
	Parameter RISCV_ISA_Zxcfu bound to: 0 - type: bool 
	Parameter RISCV_ISA_Sdext bound to: 0 - type: bool 
	Parameter RISCV_ISA_Sdtrig bound to: 0 - type: bool 
	Parameter RISCV_ISA_Smpmp bound to: 0 - type: bool 
	Parameter CPU_FAST_MUL_EN bound to: 0 - type: bool 
	Parameter CPU_FAST_SHIFT_EN bound to: 0 - type: bool 
	Parameter CPU_RF_HW_RST_EN bound to: 0 - type: bool 
INFO: [Synth 8-256] done synthesizing module 'neorv32_cpu_control' (0#1) [/home/labo1/neorv32/rtl/core/neorv32_cpu_control.vhd:97]
INFO: [Synth 8-638] synthesizing module 'neorv32_cpu_counters' [/home/labo1/neorv32/rtl/core/neorv32_cpu_counters.vhd:39]
	Parameter ZICNTR_EN bound to: 1 - type: bool 
	Parameter ZIHPM_EN bound to: 0 - type: bool 
	Parameter HPM_NUM bound to: 0 - type: integer 
	Parameter HPM_WIDTH bound to: 40 - type: integer 
	Parameter CNT_WIDTH bound to: 64 - type: integer 
INFO: [Synth 8-3491] module 'neorv32_cpu_counters_cnt' declared at '/home/labo1/neorv32/rtl/core/neorv32_cpu_counters.vhd:263' bound to instance 'cycle_inst' of component 'neorv32_cpu_counters_cnt' [/home/labo1/neorv32/rtl/core/neorv32_cpu_counters.vhd:124]
INFO: [Synth 8-638] synthesizing module 'neorv32_cpu_counters_cnt' [/home/labo1/neorv32/rtl/core/neorv32_cpu_counters.vhd:281]
	Parameter CNT_WIDTH bound to: 64 - type: integer 
INFO: [Synth 8-256] done synthesizing module 'neorv32_cpu_counters_cnt' (0#1) [/home/labo1/neorv32/rtl/core/neorv32_cpu_counters.vhd:281]
	Parameter CNT_WIDTH bound to: 64 - type: integer 
INFO: [Synth 8-3491] module 'neorv32_cpu_counters_cnt' declared at '/home/labo1/neorv32/rtl/core/neorv32_cpu_counters.vhd:263' bound to instance 'instret_inst' of component 'neorv32_cpu_counters_cnt' [/home/labo1/neorv32/rtl/core/neorv32_cpu_counters.vhd:143]
INFO: [Synth 8-256] done synthesizing module 'neorv32_cpu_counters' (0#1) [/home/labo1/neorv32/rtl/core/neorv32_cpu_counters.vhd:39]
INFO: [Synth 8-638] synthesizing module 'neorv32_cpu_regfile' [/home/labo1/neorv32/rtl/core/neorv32_cpu_regfile.vhd:52]
	Parameter RST_EN bound to: 0 - type: bool 
	Parameter RVE_EN bound to: 0 - type: bool 
	Parameter RS3_EN bound to: 0 - type: bool 
INFO: [Synth 8-256] done synthesizing module 'neorv32_cpu_regfile' (0#1) [/home/labo1/neorv32/rtl/core/neorv32_cpu_regfile.vhd:52]
INFO: [Synth 8-638] synthesizing module 'neorv32_cpu_alu' [/home/labo1/neorv32/rtl/core/neorv32_cpu_alu.vhd:60]
	Parameter RISCV_ISA_M bound to: 0 - type: bool 
	Parameter RISCV_ISA_Zba bound to: 0 - type: bool 
	Parameter RISCV_ISA_Zbb bound to: 0 - type: bool 
	Parameter RISCV_ISA_Zbkb bound to: 0 - type: bool 
	Parameter RISCV_ISA_Zbkc bound to: 0 - type: bool 
	Parameter RISCV_ISA_Zbkx bound to: 0 - type: bool 
	Parameter RISCV_ISA_Zbs bound to: 0 - type: bool 
	Parameter RISCV_ISA_Zfinx bound to: 0 - type: bool 
	Parameter RISCV_ISA_Zicond bound to: 0 - type: bool 
	Parameter RISCV_ISA_Zknd bound to: 0 - type: bool 
	Parameter RISCV_ISA_Zkne bound to: 0 - type: bool 
	Parameter RISCV_ISA_Zknh bound to: 0 - type: bool 
	Parameter RISCV_ISA_Zksed bound to: 0 - type: bool 
	Parameter RISCV_ISA_Zksh bound to: 0 - type: bool 
	Parameter RISCV_ISA_Zmmul bound to: 0 - type: bool 
	Parameter RISCV_ISA_Zxcfu bound to: 0 - type: bool 
	Parameter FAST_MUL_EN bound to: 0 - type: bool 
	Parameter FAST_SHIFT_EN bound to: 0 - type: bool 
INFO: [Synth 8-226] default block is never used [/home/labo1/neorv32/rtl/core/neorv32_cpu_alu.vhd:127]
INFO: [Synth 8-638] synthesizing module 'neorv32_cpu_cp_shifter' [/home/labo1/neorv32/rtl/core/neorv32_cpu_cp_shifter.vhd:39]
	Parameter FAST_SHIFT_EN bound to: 0 - type: bool 
INFO: [Synth 8-256] done synthesizing module 'neorv32_cpu_cp_shifter' (0#1) [/home/labo1/neorv32/rtl/core/neorv32_cpu_cp_shifter.vhd:39]
INFO: [Synth 8-256] done synthesizing module 'neorv32_cpu_alu' (0#1) [/home/labo1/neorv32/rtl/core/neorv32_cpu_alu.vhd:60]
INFO: [Synth 8-638] synthesizing module 'neorv32_cpu_lsu' [/home/labo1/neorv32/rtl/core/neorv32_cpu_lsu.vhd:37]
INFO: [Synth 8-256] done synthesizing module 'neorv32_cpu_lsu' (0#1) [/home/labo1/neorv32/rtl/core/neorv32_cpu_lsu.vhd:37]
INFO: [Synth 8-256] done synthesizing module 'neorv32_cpu' (0#1) [/home/labo1/neorv32/rtl/core/neorv32_cpu.vhd:94]
INFO: [Synth 8-638] synthesizing module 'neorv32_bus_switch' [/home/labo1/neorv32/rtl/core/neorv32_bus.vhd:35]
	Parameter ROUND_ROBIN_EN bound to: 0 - type: bool 
	Parameter PORT_A_READ_ONLY bound to: 0 - type: bool 
	Parameter PORT_B_READ_ONLY bound to: 1 - type: bool 
INFO: [Synth 8-256] done synthesizing module 'neorv32_bus_switch' (0#1) [/home/labo1/neorv32/rtl/core/neorv32_bus.vhd:35]
INFO: [Synth 8-638] synthesizing module 'neorv32_bus_gateway' [/home/labo1/neorv32/rtl/core/neorv32_bus.vhd:315]
	Parameter TIMEOUT bound to: 16 - type: integer 
	Parameter A_EN bound to: 1 - type: bool 
	Parameter A_BASE bound to: 32'b00000000000000000000000000000000 
	Parameter A_SIZE bound to: 8192 - type: integer 
	Parameter B_EN bound to: 1 - type: bool 
	Parameter B_BASE bound to: 32'b10000000000000000000000000000000 
	Parameter B_SIZE bound to: 65536 - type: integer 
	Parameter C_EN bound to: 1 - type: bool 
	Parameter C_BASE bound to: 32'b11111111111000000000000000000000 
	Parameter C_SIZE bound to: 2097152 - type: integer 
	Parameter X_EN bound to: 0 - type: bool 
INFO: [Synth 8-256] done synthesizing module 'neorv32_bus_gateway' (0#1) [/home/labo1/neorv32/rtl/core/neorv32_bus.vhd:315]
INFO: [Synth 8-638] synthesizing module 'neorv32_imem' [/home/labo1/neorv32/rtl/core/neorv32_imem.vhd:35]
	Parameter IMEM_SIZE bound to: 8192 - type: integer 
	Parameter IMEM_INIT bound to: 1 - type: bool 
INFO: [Synth 8-256] done synthesizing module 'neorv32_imem' (0#1) [/home/labo1/neorv32/rtl/core/neorv32_imem.vhd:35]
INFO: [Synth 8-638] synthesizing module 'neorv32_dmem' [/home/labo1/neorv32/rtl/core/neorv32_dmem.vhd:33]
	Parameter DMEM_SIZE bound to: 65536 - type: integer 
INFO: [Synth 8-256] done synthesizing module 'neorv32_dmem' (0#1) [/home/labo1/neorv32/rtl/core/neorv32_dmem.vhd:33]
INFO: [Synth 8-638] synthesizing module 'neorv32_bus_io_switch' [/home/labo1/neorv32/rtl/core/neorv32_bus.vhd:530]
	Parameter INREG_EN bound to: 1 - type: bool 
	Parameter OUTREG_EN bound to: 1 - type: bool 
	Parameter DEV_SIZE bound to: 65536 - type: integer 
	Parameter DEV_00_EN bound to: 0 - type: bool 
	Parameter DEV_00_BASE bound to: 32'b11111111111000000000000000000000 
	Parameter DEV_01_EN bound to: 0 - type: bool 
	Parameter DEV_01_BASE bound to: 0 - type: integer 
	Parameter DEV_02_EN bound to: 0 - type: bool 
	Parameter DEV_02_BASE bound to: 0 - type: integer 
	Parameter DEV_03_EN bound to: 0 - type: bool 
	Parameter DEV_03_BASE bound to: 0 - type: integer 
	Parameter DEV_04_EN bound to: 0 - type: bool 
	Parameter DEV_04_BASE bound to: 0 - type: integer 
	Parameter DEV_05_EN bound to: 0 - type: bool 
	Parameter DEV_05_BASE bound to: 0 - type: integer 
	Parameter DEV_06_EN bound to: 0 - type: bool 
	Parameter DEV_06_BASE bound to: 0 - type: integer 
	Parameter DEV_07_EN bound to: 0 - type: bool 
	Parameter DEV_07_BASE bound to: 0 - type: integer 
	Parameter DEV_08_EN bound to: 0 - type: bool 
	Parameter DEV_08_BASE bound to: 0 - type: integer 
	Parameter DEV_09_EN bound to: 0 - type: bool 
	Parameter DEV_09_BASE bound to: 0 - type: integer 
	Parameter DEV_10_EN bound to: 0 - type: bool 
	Parameter DEV_10_BASE bound to: 32'b11111111111010100000000000000000 
	Parameter DEV_11_EN bound to: 0 - type: bool 
	Parameter DEV_11_BASE bound to: 32'b11111111111010110000000000000000 
	Parameter DEV_12_EN bound to: 0 - type: bool 
	Parameter DEV_12_BASE bound to: 32'b11111111111011000000000000000000 
	Parameter DEV_13_EN bound to: 0 - type: bool 
	Parameter DEV_13_BASE bound to: 32'b11111111111011010000000000000000 
	Parameter DEV_14_EN bound to: 0 - type: bool 
	Parameter DEV_14_BASE bound to: 32'b11111111111011100000000000000000 
	Parameter DEV_15_EN bound to: 0 - type: bool 
	Parameter DEV_15_BASE bound to: 0 - type: integer 
	Parameter DEV_16_EN bound to: 1 - type: bool 
	Parameter DEV_16_BASE bound to: 32'b11111111111100000000000000000000 
	Parameter DEV_17_EN bound to: 0 - type: bool 
	Parameter DEV_17_BASE bound to: 32'b11111111111100010000000000000000 
	Parameter DEV_18_EN bound to: 0 - type: bool 
	Parameter DEV_18_BASE bound to: 32'b11111111111100100000000000000000 
	Parameter DEV_19_EN bound to: 0 - type: bool 
	Parameter DEV_19_BASE bound to: 32'b11111111111100110000000000000000 
	Parameter DEV_20_EN bound to: 1 - type: bool 
	Parameter DEV_20_BASE bound to: 32'b11111111111101000000000000000000 
	Parameter DEV_21_EN bound to: 1 - type: bool 
	Parameter DEV_21_BASE bound to: 32'b11111111111101010000000000000000 
	Parameter DEV_22_EN bound to: 0 - type: bool 
	Parameter DEV_22_BASE bound to: 32'b11111111111101100000000000000000 
	Parameter DEV_23_EN bound to: 0 - type: bool 
	Parameter DEV_23_BASE bound to: 32'b11111111111101110000000000000000 
	Parameter DEV_24_EN bound to: 0 - type: bool 
	Parameter DEV_24_BASE bound to: 32'b11111111111110000000000000000000 
	Parameter DEV_25_EN bound to: 0 - type: bool 
	Parameter DEV_25_BASE bound to: 32'b11111111111110010000000000000000 
	Parameter DEV_26_EN bound to: 0 - type: bool 
	Parameter DEV_26_BASE bound to: 32'b11111111111110100000000000000000 
	Parameter DEV_27_EN bound to: 0 - type: bool 
	Parameter DEV_27_BASE bound to: 32'b11111111111110110000000000000000 
	Parameter DEV_28_EN bound to: 0 - type: bool 
	Parameter DEV_28_BASE bound to: 32'b11111111111111000000000000000000 
	Parameter DEV_29_EN bound to: 0 - type: bool 
	Parameter DEV_29_BASE bound to: 32'b11111111111111010000000000000000 
	Parameter DEV_30_EN bound to: 1 - type: bool 
	Parameter DEV_30_BASE bound to: 32'b11111111111111100000000000000000 
	Parameter DEV_31_EN bound to: 0 - type: bool 
	Parameter DEV_31_BASE bound to: 32'b11111111111111110000000000000000 
	Parameter REQ_REG_EN bound to: 1 - type: bool 
	Parameter RSP_REG_EN bound to: 1 - type: bool 
INFO: [Synth 8-3491] module 'neorv32_bus_reg' declared at '/home/labo1/neorv32/rtl/core/neorv32_bus.vhd:187' bound to instance 'neorv32_bus_reg_inst' of component 'neorv32_bus_reg' [/home/labo1/neorv32/rtl/core/neorv32_bus.vhd:589]
INFO: [Synth 8-638] synthesizing module 'neorv32_bus_reg' [/home/labo1/neorv32/rtl/core/neorv32_bus.vhd:204]
	Parameter REQ_REG_EN bound to: 1 - type: bool 
	Parameter RSP_REG_EN bound to: 1 - type: bool 
INFO: [Synth 8-256] done synthesizing module 'neorv32_bus_reg' (0#1) [/home/labo1/neorv32/rtl/core/neorv32_bus.vhd:204]
INFO: [Synth 8-256] done synthesizing module 'neorv32_bus_io_switch' (0#1) [/home/labo1/neorv32/rtl/core/neorv32_bus.vhd:530]
INFO: [Synth 8-638] synthesizing module 'neorv32_clint' [/home/labo1/neorv32/rtl/core/neorv32_clint.vhd:36]
	Parameter NUM_HARTS bound to: 1 - type: integer 
INFO: [Synth 8-3491] module 'neorv32_clint_mtime' declared at '/home/labo1/neorv32/rtl/core/neorv32_clint.vhd:225' bound to instance 'neorv32_clint_mtime_inst' of component 'neorv32_clint_mtime' [/home/labo1/neorv32/rtl/core/neorv32_clint.vhd:104]
INFO: [Synth 8-638] synthesizing module 'neorv32_clint_mtime' [/home/labo1/neorv32/rtl/core/neorv32_clint.vhd:238]
INFO: [Synth 8-256] done synthesizing module 'neorv32_clint_mtime' (0#1) [/home/labo1/neorv32/rtl/core/neorv32_clint.vhd:238]
INFO: [Synth 8-3491] module 'neorv32_clint_mtimecmp' declared at '/home/labo1/neorv32/rtl/core/neorv32_clint.vhd:306' bound to instance 'neorv32_clint_mtimecmp_inst' of component 'neorv32_clint_mtimecmp' [/home/labo1/neorv32/rtl/core/neorv32_clint.vhd:137]
INFO: [Synth 8-638] synthesizing module 'neorv32_clint_mtimecmp' [/home/labo1/neorv32/rtl/core/neorv32_clint.vhd:320]
INFO: [Synth 8-256] done synthesizing module 'neorv32_clint_mtimecmp' (0#1) [/home/labo1/neorv32/rtl/core/neorv32_clint.vhd:320]
INFO: [Synth 8-3491] module 'neorv32_clint_swi' declared at '/home/labo1/neorv32/rtl/core/neorv32_clint.vhd:389' bound to instance 'neorv32_clint_swi_inst' of component 'neorv32_clint_swi' [/home/labo1/neorv32/rtl/core/neorv32_clint.vhd:161]
INFO: [Synth 8-638] synthesizing module 'neorv32_clint_swi' [/home/labo1/neorv32/rtl/core/neorv32_clint.vhd:401]
INFO: [Synth 8-256] done synthesizing module 'neorv32_clint_swi' (0#1) [/home/labo1/neorv32/rtl/core/neorv32_clint.vhd:401]
INFO: [Synth 8-256] done synthesizing module 'neorv32_clint' (0#1) [/home/labo1/neorv32/rtl/core/neorv32_clint.vhd:36]
INFO: [Synth 8-638] synthesizing module 'neorv32_uart' [/home/labo1/neorv32/rtl/core/neorv32_uart.vhd:47]
	Parameter SIM_MODE_EN bound to: 1 - type: bool 
	Parameter SIM_LOG_FILE bound to: neorv32.uart0_sim_mode.out - type: string 
	Parameter UART_RX_FIFO bound to: 1 - type: integer 
	Parameter UART_TX_FIFO bound to: 1 - type: integer 
INFO: [Synth 8-638] synthesizing module 'neorv32_fifo__parameterized0' [/home/labo1/neorv32/rtl/core/neorv32_fifo.vhd:44]
	Parameter FIFO_DEPTH bound to: 1 - type: integer 
	Parameter FIFO_WIDTH bound to: 8 - type: integer 
	Parameter FIFO_RSYNC bound to: 1 - type: bool 
	Parameter FIFO_SAFE bound to: 1 - type: bool 
	Parameter FULL_RESET bound to: 0 - type: bool 
INFO: [Synth 8-256] done synthesizing module 'neorv32_fifo__parameterized0' (0#1) [/home/labo1/neorv32/rtl/core/neorv32_fifo.vhd:44]
INFO: [Synth 8-256] done synthesizing module 'neorv32_uart' (0#1) [/home/labo1/neorv32/rtl/core/neorv32_uart.vhd:47]
INFO: [Synth 8-638] synthesizing module 'neorv32_pwm' [/home/labo1/neorv32/rtl/core/neorv32_pwm.vhd:37]
	Parameter NUM_CHANNELS bound to: 3 - type: integer 
INFO: [Synth 8-3491] module 'neorv32_pwm_channel' declared at '/home/labo1/neorv32/rtl/core/neorv32_pwm.vhd:142' bound to instance 'neorv32_pwm_channel_inst' of component 'neorv32_pwm_channel' [/home/labo1/neorv32/rtl/core/neorv32_pwm.vhd:95]
INFO: [Synth 8-638] synthesizing module 'neorv32_pwm_channel' [/home/labo1/neorv32/rtl/core/neorv32_pwm.vhd:156]
INFO: [Synth 8-256] done synthesizing module 'neorv32_pwm_channel' (0#1) [/home/labo1/neorv32/rtl/core/neorv32_pwm.vhd:156]
INFO: [Synth 8-3491] module 'neorv32_pwm_channel' declared at '/home/labo1/neorv32/rtl/core/neorv32_pwm.vhd:142' bound to instance 'neorv32_pwm_channel_inst' of component 'neorv32_pwm_channel' [/home/labo1/neorv32/rtl/core/neorv32_pwm.vhd:95]
INFO: [Synth 8-3491] module 'neorv32_pwm_channel' declared at '/home/labo1/neorv32/rtl/core/neorv32_pwm.vhd:142' bound to instance 'neorv32_pwm_channel_inst' of component 'neorv32_pwm_channel' [/home/labo1/neorv32/rtl/core/neorv32_pwm.vhd:95]
INFO: [Synth 8-256] done synthesizing module 'neorv32_pwm' (0#1) [/home/labo1/neorv32/rtl/core/neorv32_pwm.vhd:37]
INFO: [Synth 8-638] synthesizing module 'neorv32_sysinfo' [/home/labo1/neorv32/rtl/core/neorv32_sysinfo.vhd:69]
	Parameter NUM_HARTS bound to: 1 - type: integer 
	Parameter CLOCK_FREQUENCY bound to: 100000000 - type: integer 
	Parameter BOOT_MODE_SELECT bound to: 2 - type: integer 
	Parameter INT_BOOTLOADER_EN bound to: 0 - type: bool 
	Parameter MEM_INT_IMEM_EN bound to: 1 - type: bool 
	Parameter MEM_INT_IMEM_ROM bound to: 1 - type: bool 
	Parameter MEM_INT_IMEM_SIZE bound to: 8192 - type: integer 
	Parameter MEM_INT_DMEM_EN bound to: 1 - type: bool 
	Parameter MEM_INT_DMEM_SIZE bound to: 65536 - type: integer 
	Parameter ICACHE_EN bound to: 0 - type: bool 
	Parameter ICACHE_NUM_BLOCKS bound to: 4 - type: integer 
	Parameter ICACHE_BLOCK_SIZE bound to: 64 - type: integer 
	Parameter DCACHE_EN bound to: 0 - type: bool 
	Parameter DCACHE_NUM_BLOCKS bound to: 4 - type: integer 
	Parameter DCACHE_BLOCK_SIZE bound to: 64 - type: integer 
	Parameter XBUS_EN bound to: 0 - type: bool 
	Parameter XBUS_CACHE_EN bound to: 0 - type: bool 
	Parameter XBUS_CACHE_NUM_BLOCKS bound to: 64 - type: integer 
	Parameter XBUS_CACHE_BLOCK_SIZE bound to: 32 - type: integer 
	Parameter OCD_EN bound to: 0 - type: bool 
	Parameter OCD_AUTH bound to: 0 - type: bool 
	Parameter IO_GPIO_EN bound to: 0 - type: bool 
	Parameter IO_CLINT_EN bound to: 1 - type: bool 
	Parameter IO_UART0_EN bound to: 1 - type: bool 
	Parameter IO_UART1_EN bound to: 0 - type: bool 
	Parameter IO_SPI_EN bound to: 0 - type: bool 
	Parameter IO_SDI_EN bound to: 0 - type: bool 
	Parameter IO_TWI_EN bound to: 0 - type: bool 
	Parameter IO_TWD_EN bound to: 0 - type: bool 
	Parameter IO_PWM_EN bound to: 1 - type: bool 
	Parameter IO_WDT_EN bound to: 0 - type: bool 
	Parameter IO_TRNG_EN bound to: 0 - type: bool 
	Parameter IO_CFS_EN bound to: 0 - type: bool 
	Parameter IO_NEOLED_EN bound to: 0 - type: bool 
	Parameter IO_GPTMR_EN bound to: 0 - type: bool 
	Parameter IO_ONEWIRE_EN bound to: 0 - type: bool 
	Parameter IO_DMA_EN bound to: 0 - type: bool 
	Parameter IO_SLINK_EN bound to: 0 - type: bool 
	Parameter IO_CRC_EN bound to: 0 - type: bool 
	Parameter IO_HWSPINLOCK_EN bound to: 0 - type: bool 
INFO: [Synth 8-256] done synthesizing module 'neorv32_sysinfo' (0#1) [/home/labo1/neorv32/rtl/core/neorv32_sysinfo.vhd:69]
INFO: [Synth 8-256] done synthesizing module 'neorv32_top' (0#1) [/home/labo1/neorv32/rtl/core/neorv32_top.vhd:246]
INFO: [Synth 8-256] done synthesizing module 'neorv32_ProcessorTop_Minimal' (0#1) [/home/labo1/neorv32/rtl/processor_templates/neorv32_ProcessorTop_Minimal.vhd:44]
WARNING: [Synth 8-3936] Found unconnected internal register 'fifo_read_async.fifo_read_async_large.r_pnt_ff_reg' and it is trimmed from '2' to '1' bits. [/home/labo1/neorv32/rtl/core/neorv32_fifo.vhd:210]
WARNING: [Synth 8-6014] Unused sequential element ctrl_reg[if_reset] was removed.  [/home/labo1/neorv32/rtl/core/neorv32_cpu_control.vhd:270]
WARNING: [Synth 8-6014] Unused sequential element ctrl_reg[if_ack] was removed.  [/home/labo1/neorv32/rtl/core/neorv32_cpu_control.vhd:270]
WARNING: [Synth 8-6014] Unused sequential element ctrl_reg[pc_cur] was removed.  [/home/labo1/neorv32/rtl/core/neorv32_cpu_control.vhd:270]
WARNING: [Synth 8-6014] Unused sequential element ctrl_reg[pc_nxt] was removed.  [/home/labo1/neorv32/rtl/core/neorv32_cpu_control.vhd:270]
WARNING: [Synth 8-6014] Unused sequential element ctrl_reg[pc_ret] was removed.  [/home/labo1/neorv32/rtl/core/neorv32_cpu_control.vhd:270]
WARNING: [Synth 8-6014] Unused sequential element ctrl_reg[rf_rs1] was removed.  [/home/labo1/neorv32/rtl/core/neorv32_cpu_control.vhd:270]
WARNING: [Synth 8-6014] Unused sequential element ctrl_reg[rf_rs2] was removed.  [/home/labo1/neorv32/rtl/core/neorv32_cpu_control.vhd:270]
WARNING: [Synth 8-6014] Unused sequential element ctrl_reg[rf_rd] was removed.  [/home/labo1/neorv32/rtl/core/neorv32_cpu_control.vhd:270]
WARNING: [Synth 8-6014] Unused sequential element ctrl_reg[alu_imm] was removed.  [/home/labo1/neorv32/rtl/core/neorv32_cpu_control.vhd:270]
WARNING: [Synth 8-6014] Unused sequential element ctrl_reg[lsu_mo_we] was removed.  [/home/labo1/neorv32/rtl/core/neorv32_cpu_control.vhd:270]
WARNING: [Synth 8-6014] Unused sequential element ctrl_reg[lsu_priv] was removed.  [/home/labo1/neorv32/rtl/core/neorv32_cpu_control.vhd:270]
WARNING: [Synth 8-6014] Unused sequential element ctrl_reg[csr_we] was removed.  [/home/labo1/neorv32/rtl/core/neorv32_cpu_control.vhd:270]
WARNING: [Synth 8-6014] Unused sequential element ctrl_reg[csr_re] was removed.  [/home/labo1/neorv32/rtl/core/neorv32_cpu_control.vhd:270]
WARNING: [Synth 8-6014] Unused sequential element ctrl_reg[csr_addr] was removed.  [/home/labo1/neorv32/rtl/core/neorv32_cpu_control.vhd:270]
WARNING: [Synth 8-6014] Unused sequential element ctrl_reg[csr_wdata] was removed.  [/home/labo1/neorv32/rtl/core/neorv32_cpu_control.vhd:270]
WARNING: [Synth 8-6014] Unused sequential element ctrl_reg[cnt_halt] was removed.  [/home/labo1/neorv32/rtl/core/neorv32_cpu_control.vhd:270]
WARNING: [Synth 8-6014] Unused sequential element ctrl_reg[cnt_event] was removed.  [/home/labo1/neorv32/rtl/core/neorv32_cpu_control.vhd:270]
WARNING: [Synth 8-6014] Unused sequential element ctrl_reg[ir_funct3] was removed.  [/home/labo1/neorv32/rtl/core/neorv32_cpu_control.vhd:270]
WARNING: [Synth 8-6014] Unused sequential element ctrl_reg[ir_funct12] was removed.  [/home/labo1/neorv32/rtl/core/neorv32_cpu_control.vhd:270]
WARNING: [Synth 8-6014] Unused sequential element ctrl_reg[ir_opcode] was removed.  [/home/labo1/neorv32/rtl/core/neorv32_cpu_control.vhd:270]
WARNING: [Synth 8-6014] Unused sequential element ctrl_reg[cpu_priv] was removed.  [/home/labo1/neorv32/rtl/core/neorv32_cpu_control.vhd:270]
WARNING: [Synth 8-6014] Unused sequential element ctrl_reg[cpu_sleep] was removed.  [/home/labo1/neorv32/rtl/core/neorv32_cpu_control.vhd:270]
WARNING: [Synth 8-6014] Unused sequential element ctrl_reg[cpu_trap] was removed.  [/home/labo1/neorv32/rtl/core/neorv32_cpu_control.vhd:270]
WARNING: [Synth 8-6014] Unused sequential element ctrl_reg[cpu_debug] was removed.  [/home/labo1/neorv32/rtl/core/neorv32_cpu_control.vhd:270]
WARNING: [Synth 8-6014] Unused sequential element csr_reg[mcounteren_cy] was removed.  [/home/labo1/neorv32/rtl/core/neorv32_cpu_control.vhd:1112]
WARNING: [Synth 8-6014] Unused sequential element csr_reg[mcounteren_ir] was removed.  [/home/labo1/neorv32/rtl/core/neorv32_cpu_control.vhd:1112]
WARNING: [Synth 8-6014] Unused sequential element csr_reg[dcsr_ebreaku] was removed.  [/home/labo1/neorv32/rtl/core/neorv32_cpu_control.vhd:1112]
WARNING: [Synth 8-6014] Unused sequential element csr_reg[dpc] was removed.  [/home/labo1/neorv32/rtl/core/neorv32_cpu_control.vhd:1112]
WARNING: [Synth 8-6014] Unused sequential element csr_reg[dscratch0] was removed.  [/home/labo1/neorv32/rtl/core/neorv32_cpu_control.vhd:1112]
WARNING: [Synth 8-6014] Unused sequential element csr_reg[tdata1_execute] was removed.  [/home/labo1/neorv32/rtl/core/neorv32_cpu_control.vhd:1112]
WARNING: [Synth 8-6014] Unused sequential element csr_reg[tdata2] was removed.  [/home/labo1/neorv32/rtl/core/neorv32_cpu_control.vhd:1112]
WARNING: [Synth 8-6014] Unused sequential element prio_reg was removed.  [/home/labo1/neorv32/rtl/core/neorv32_bus.vhd:49]
WARNING: [Synth 8-6014] Unused sequential element tx_engine_reg[done] was removed.  [/home/labo1/neorv32/rtl/core/neorv32_uart.vhd:328]
WARNING: [Synth 8-7129] Port bus_req_i[addr][31] in module neorv32_sysinfo is either unconnected or has no load
WARNING: [Synth 8-7129] Port bus_req_i[addr][30] in module neorv32_sysinfo is either unconnected or has no load
WARNING: [Synth 8-7129] Port bus_req_i[addr][29] in module neorv32_sysinfo is either unconnected or has no load
WARNING: [Synth 8-7129] Port bus_req_i[addr][28] in module neorv32_sysinfo is either unconnected or has no load
WARNING: [Synth 8-7129] Port bus_req_i[addr][27] in module neorv32_sysinfo is either unconnected or has no load
WARNING: [Synth 8-7129] Port bus_req_i[addr][26] in module neorv32_sysinfo is either unconnected or has no load
WARNING: [Synth 8-7129] Port bus_req_i[addr][25] in module neorv32_sysinfo is either unconnected or has no load
WARNING: [Synth 8-7129] Port bus_req_i[addr][24] in module neorv32_sysinfo is either unconnected or has no load
WARNING: [Synth 8-7129] Port bus_req_i[addr][23] in module neorv32_sysinfo is either unconnected or has no load
WARNING: [Synth 8-7129] Port bus_req_i[addr][22] in module neorv32_sysinfo is either unconnected or has no load
WARNING: [Synth 8-7129] Port bus_req_i[addr][21] in module neorv32_sysinfo is either unconnected or has no load
WARNING: [Synth 8-7129] Port bus_req_i[addr][20] in module neorv32_sysinfo is either unconnected or has no load
WARNING: [Synth 8-7129] Port bus_req_i[addr][19] in module neorv32_sysinfo is either unconnected or has no load
WARNING: [Synth 8-7129] Port bus_req_i[addr][18] in module neorv32_sysinfo is either unconnected or has no load
WARNING: [Synth 8-7129] Port bus_req_i[addr][17] in module neorv32_sysinfo is either unconnected or has no load
WARNING: [Synth 8-7129] Port bus_req_i[addr][16] in module neorv32_sysinfo is either unconnected or has no load
WARNING: [Synth 8-7129] Port bus_req_i[addr][15] in module neorv32_sysinfo is either unconnected or has no load
WARNING: [Synth 8-7129] Port bus_req_i[addr][14] in module neorv32_sysinfo is either unconnected or has no load
WARNING: [Synth 8-7129] Port bus_req_i[addr][13] in module neorv32_sysinfo is either unconnected or has no load
WARNING: [Synth 8-7129] Port bus_req_i[addr][12] in module neorv32_sysinfo is either unconnected or has no load
WARNING: [Synth 8-7129] Port bus_req_i[addr][11] in module neorv32_sysinfo is either unconnected or has no load
WARNING: [Synth 8-7129] Port bus_req_i[addr][10] in module neorv32_sysinfo is either unconnected or has no load
WARNING: [Synth 8-7129] Port bus_req_i[addr][9] in module neorv32_sysinfo is either unconnected or has no load
WARNING: [Synth 8-7129] Port bus_req_i[addr][8] in module neorv32_sysinfo is either unconnected or has no load
WARNING: [Synth 8-7129] Port bus_req_i[addr][7] in module neorv32_sysinfo is either unconnected or has no load
WARNING: [Synth 8-7129] Port bus_req_i[addr][6] in module neorv32_sysinfo is either unconnected or has no load
WARNING: [Synth 8-7129] Port bus_req_i[addr][5] in module neorv32_sysinfo is either unconnected or has no load
WARNING: [Synth 8-7129] Port bus_req_i[addr][4] in module neorv32_sysinfo is either unconnected or has no load
WARNING: [Synth 8-7129] Port bus_req_i[addr][1] in module neorv32_sysinfo is either unconnected or has no load
WARNING: [Synth 8-7129] Port bus_req_i[addr][0] in module neorv32_sysinfo is either unconnected or has no load
WARNING: [Synth 8-7129] Port bus_req_i[ben][3] in module neorv32_sysinfo is either unconnected or has no load
WARNING: [Synth 8-7129] Port bus_req_i[ben][2] in module neorv32_sysinfo is either unconnected or has no load
WARNING: [Synth 8-7129] Port bus_req_i[ben][1] in module neorv32_sysinfo is either unconnected or has no load
WARNING: [Synth 8-7129] Port bus_req_i[ben][0] in module neorv32_sysinfo is either unconnected or has no load
WARNING: [Synth 8-7129] Port bus_req_i[src] in module neorv32_sysinfo is either unconnected or has no load
WARNING: [Synth 8-7129] Port bus_req_i[lock] in module neorv32_sysinfo is either unconnected or has no load
WARNING: [Synth 8-7129] Port bus_req_i[priv] in module neorv32_sysinfo is either unconnected or has no load
WARNING: [Synth 8-7129] Port bus_req_i[debug] in module neorv32_sysinfo is either unconnected or has no load
WARNING: [Synth 8-7129] Port bus_req_i[amo] in module neorv32_sysinfo is either unconnected or has no load
WARNING: [Synth 8-7129] Port bus_req_i[amoop][3] in module neorv32_sysinfo is either unconnected or has no load
WARNING: [Synth 8-7129] Port bus_req_i[amoop][2] in module neorv32_sysinfo is either unconnected or has no load
WARNING: [Synth 8-7129] Port bus_req_i[amoop][1] in module neorv32_sysinfo is either unconnected or has no load
WARNING: [Synth 8-7129] Port bus_req_i[amoop][0] in module neorv32_sysinfo is either unconnected or has no load
WARNING: [Synth 8-7129] Port bus_req_i[fence] in module neorv32_sysinfo is either unconnected or has no load
WARNING: [Synth 8-7129] Port wdata_i[26] in module neorv32_pwm_channel is either unconnected or has no load
WARNING: [Synth 8-7129] Port wdata_i[25] in module neorv32_pwm_channel is either unconnected or has no load
WARNING: [Synth 8-7129] Port wdata_i[24] in module neorv32_pwm_channel is either unconnected or has no load
WARNING: [Synth 8-7129] Port wdata_i[23] in module neorv32_pwm_channel is either unconnected or has no load
WARNING: [Synth 8-7129] Port wdata_i[22] in module neorv32_pwm_channel is either unconnected or has no load
WARNING: [Synth 8-7129] Port wdata_i[21] in module neorv32_pwm_channel is either unconnected or has no load
WARNING: [Synth 8-7129] Port wdata_i[20] in module neorv32_pwm_channel is either unconnected or has no load
WARNING: [Synth 8-7129] Port wdata_i[19] in module neorv32_pwm_channel is either unconnected or has no load
WARNING: [Synth 8-7129] Port wdata_i[18] in module neorv32_pwm_channel is either unconnected or has no load
WARNING: [Synth 8-7129] Port bus_req_i[addr][31] in module neorv32_pwm is either unconnected or has no load
WARNING: [Synth 8-7129] Port bus_req_i[addr][30] in module neorv32_pwm is either unconnected or has no load
WARNING: [Synth 8-7129] Port bus_req_i[addr][29] in module neorv32_pwm is either unconnected or has no load
WARNING: [Synth 8-7129] Port bus_req_i[addr][28] in module neorv32_pwm is either unconnected or has no load
WARNING: [Synth 8-7129] Port bus_req_i[addr][27] in module neorv32_pwm is either unconnected or has no load
WARNING: [Synth 8-7129] Port bus_req_i[addr][26] in module neorv32_pwm is either unconnected or has no load
WARNING: [Synth 8-7129] Port bus_req_i[addr][25] in module neorv32_pwm is either unconnected or has no load
WARNING: [Synth 8-7129] Port bus_req_i[addr][24] in module neorv32_pwm is either unconnected or has no load
WARNING: [Synth 8-7129] Port bus_req_i[addr][23] in module neorv32_pwm is either unconnected or has no load
WARNING: [Synth 8-7129] Port bus_req_i[addr][22] in module neorv32_pwm is either unconnected or has no load
WARNING: [Synth 8-7129] Port bus_req_i[addr][21] in module neorv32_pwm is either unconnected or has no load
WARNING: [Synth 8-7129] Port bus_req_i[addr][20] in module neorv32_pwm is either unconnected or has no load
WARNING: [Synth 8-7129] Port bus_req_i[addr][19] in module neorv32_pwm is either unconnected or has no load
WARNING: [Synth 8-7129] Port bus_req_i[addr][18] in module neorv32_pwm is either unconnected or has no load
WARNING: [Synth 8-7129] Port bus_req_i[addr][17] in module neorv32_pwm is either unconnected or has no load
WARNING: [Synth 8-7129] Port bus_req_i[addr][16] in module neorv32_pwm is either unconnected or has no load
WARNING: [Synth 8-7129] Port bus_req_i[addr][15] in module neorv32_pwm is either unconnected or has no load
WARNING: [Synth 8-7129] Port bus_req_i[addr][14] in module neorv32_pwm is either unconnected or has no load
WARNING: [Synth 8-7129] Port bus_req_i[addr][13] in module neorv32_pwm is either unconnected or has no load
WARNING: [Synth 8-7129] Port bus_req_i[addr][12] in module neorv32_pwm is either unconnected or has no load
WARNING: [Synth 8-7129] Port bus_req_i[addr][11] in module neorv32_pwm is either unconnected or has no load
WARNING: [Synth 8-7129] Port bus_req_i[addr][10] in module neorv32_pwm is either unconnected or has no load
WARNING: [Synth 8-7129] Port bus_req_i[addr][9] in module neorv32_pwm is either unconnected or has no load
WARNING: [Synth 8-7129] Port bus_req_i[addr][8] in module neorv32_pwm is either unconnected or has no load
WARNING: [Synth 8-7129] Port bus_req_i[addr][7] in module neorv32_pwm is either unconnected or has no load
WARNING: [Synth 8-7129] Port bus_req_i[addr][6] in module neorv32_pwm is either unconnected or has no load
WARNING: [Synth 8-7129] Port bus_req_i[addr][1] in module neorv32_pwm is either unconnected or has no load
WARNING: [Synth 8-7129] Port bus_req_i[addr][0] in module neorv32_pwm is either unconnected or has no load
WARNING: [Synth 8-7129] Port bus_req_i[ben][3] in module neorv32_pwm is either unconnected or has no load
WARNING: [Synth 8-7129] Port bus_req_i[ben][2] in module neorv32_pwm is either unconnected or has no load
WARNING: [Synth 8-7129] Port bus_req_i[ben][1] in module neorv32_pwm is either unconnected or has no load
WARNING: [Synth 8-7129] Port bus_req_i[ben][0] in module neorv32_pwm is either unconnected or has no load
WARNING: [Synth 8-7129] Port bus_req_i[src] in module neorv32_pwm is either unconnected or has no load
WARNING: [Synth 8-7129] Port bus_req_i[lock] in module neorv32_pwm is either unconnected or has no load
WARNING: [Synth 8-7129] Port bus_req_i[priv] in module neorv32_pwm is either unconnected or has no load
WARNING: [Synth 8-7129] Port bus_req_i[debug] in module neorv32_pwm is either unconnected or has no load
WARNING: [Synth 8-7129] Port bus_req_i[amo] in module neorv32_pwm is either unconnected or has no load
WARNING: [Synth 8-7129] Port bus_req_i[amoop][3] in module neorv32_pwm is either unconnected or has no load
WARNING: [Synth 8-7129] Port bus_req_i[amoop][2] in module neorv32_pwm is either unconnected or has no load
WARNING: [Synth 8-7129] Port bus_req_i[amoop][1] in module neorv32_pwm is either unconnected or has no load
WARNING: [Synth 8-7129] Port bus_req_i[amoop][0] in module neorv32_pwm is either unconnected or has no load
WARNING: [Synth 8-7129] Port bus_req_i[fence] in module neorv32_pwm is either unconnected or has no load
WARNING: [Synth 8-7129] Port bus_req_i[addr][31] in module neorv32_uart is either unconnected or has no load
WARNING: [Synth 8-7129] Port bus_req_i[addr][30] in module neorv32_uart is either unconnected or has no load
WARNING: [Synth 8-7129] Port bus_req_i[addr][29] in module neorv32_uart is either unconnected or has no load
WARNING: [Synth 8-7129] Port bus_req_i[addr][28] in module neorv32_uart is either unconnected or has no load
WARNING: [Synth 8-7129] Port bus_req_i[addr][27] in module neorv32_uart is either unconnected or has no load
INFO: [Common 17-14] Message 'Synth 8-7129' appears 100 times and further instances of the messages will be disabled. Use the Tcl command set_msg_config to change the current settings.
---------------------------------------------------------------------------------
Finished RTL Elaboration : Time (s): cpu = 00:00:03 ; elapsed = 00:00:04 . Memory (MB): peak = 2314.402 ; gain = 475.629 ; free physical = 78134 ; free virtual = 123734
Synthesis current peak Physical Memory [PSS] (MB): peak = 1203.994; parent = 1062.471; children = 141.523
Synthesis current peak Virtual Memory [VSS] (MB): peak = 3917.289; parent = 2314.406; children = 1602.883
---------------------------------------------------------------------------------
---------------------------------------------------------------------------------
Start Handling Custom Attributes
---------------------------------------------------------------------------------
---------------------------------------------------------------------------------
Finished Handling Custom Attributes : Time (s): cpu = 00:00:03 ; elapsed = 00:00:04 . Memory (MB): peak = 2329.246 ; gain = 490.473 ; free physical = 78134 ; free virtual = 123734
Synthesis current peak Physical Memory [PSS] (MB): peak = 1203.994; parent = 1062.471; children = 141.523
Synthesis current peak Virtual Memory [VSS] (MB): peak = 3932.133; parent = 2329.250; children = 1602.883
---------------------------------------------------------------------------------
---------------------------------------------------------------------------------
Finished RTL Optimization Phase 1 : Time (s): cpu = 00:00:03 ; elapsed = 00:00:04 . Memory (MB): peak = 2329.246 ; gain = 490.473 ; free physical = 78134 ; free virtual = 123734
Synthesis current peak Physical Memory [PSS] (MB): peak = 1203.994; parent = 1062.471; children = 141.523
Synthesis current peak Virtual Memory [VSS] (MB): peak = 3932.133; parent = 2329.250; children = 1602.883
---------------------------------------------------------------------------------
Netlist sorting complete. Time (s): cpu = 00:00:00.03 ; elapsed = 00:00:00.03 . Memory (MB): peak = 2329.246 ; gain = 0.000 ; free physical = 78126 ; free virtual = 123726
INFO: [Project 1-570] Preparing netlist for logic optimization

Processing XDC Constraints
Initializing timing engine
Parsing XDC File [/home/labo1/vivado_2022_2_neorv32/basic_riscv.srcs/constrs_1/new/constraints.xdc]
WARNING: [Vivado 12-584] No ports matched 'pwm_o[3]'. [/home/labo1/vivado_2022_2_neorv32/basic_riscv.srcs/constrs_1/new/constraints.xdc:178]
CRITICAL WARNING: [Common 17-55] 'set_property' expects at least one object. [/home/labo1/vivado_2022_2_neorv32/basic_riscv.srcs/constrs_1/new/constraints.xdc:178]
Resolution: If [get_<value>] was used to populate the object, check to make sure this command returns at least one valid object.
WARNING: [Vivado 12-584] No ports matched '[get_ports -of_objects [get_iobanks 33]]'. [/home/labo1/vivado_2022_2_neorv32/basic_riscv.srcs/constrs_1/new/constraints.xdc:362]
WARNING: [Vivado 12-584] No ports matched '[get_ports -of_objects [get_iobanks 34]]'. [/home/labo1/vivado_2022_2_neorv32/basic_riscv.srcs/constrs_1/new/constraints.xdc:367]
WARNING: [Vivado 12-584] No ports matched '[get_ports -of_objects [get_iobanks 35]]'. [/home/labo1/vivado_2022_2_neorv32/basic_riscv.srcs/constrs_1/new/constraints.xdc:372]
WARNING: [Vivado 12-584] No ports matched '[get_ports -of_objects [get_iobanks 13]]'. [/home/labo1/vivado_2022_2_neorv32/basic_riscv.srcs/constrs_1/new/constraints.xdc:375]
Finished Parsing XDC File [/home/labo1/vivado_2022_2_neorv32/basic_riscv.srcs/constrs_1/new/constraints.xdc]
INFO: [Project 1-236] Implementation specific constraints were found while reading constraint file [/home/labo1/vivado_2022_2_neorv32/basic_riscv.srcs/constrs_1/new/constraints.xdc]. These constraints will be ignored for synthesis but will be used in implementation. Impacted constraints are listed in the file [.Xil/neorv32_ProcessorTop_Minimal_propImpl.xdc].
Resolution: To avoid this warning, move constraints listed in [.Xil/neorv32_ProcessorTop_Minimal_propImpl.xdc] to another XDC file and exclude this new file from synthesis with the used_in_synthesis property (File Properties dialog in GUI) and re-run elaboration/synthesis.
Completed Processing XDC Constraints

Netlist sorting complete. Time (s): cpu = 00:00:00 ; elapsed = 00:00:00 . Memory (MB): peak = 2486.996 ; gain = 0.000 ; free physical = 78035 ; free virtual = 123635
INFO: [Project 1-111] Unisim Transformation Summary:
No Unisim elements were transformed.

Constraint Validation Runtime : Time (s): cpu = 00:00:00.01 ; elapsed = 00:00:00.01 . Memory (MB): peak = 2486.996 ; gain = 0.000 ; free physical = 78035 ; free virtual = 123635
INFO: [Designutils 20-5440] No compile time benefit to using incremental synthesis; A full resynthesis will be run
INFO: [Designutils 20-4379] Flow is switching to default flow due to incremental criteria not met. If you would like to alter this behaviour and have the flow terminate instead, please set the following parameter config_implementation {autoIncr.Synth.RejectBehavior Terminate}
INFO: [Synth 8-11241] undeclared symbol 'REGCCE', assumed default net type 'wire' [/eda/Xilinx/Vivado/2022.2/data/verilog/src/unimacro/BRAM_SINGLE_MACRO.v:2170]
---------------------------------------------------------------------------------
Finished Constraint Validation : Time (s): cpu = 00:00:07 ; elapsed = 00:00:08 . Memory (MB): peak = 2486.996 ; gain = 648.223 ; free physical = 78101 ; free virtual = 123701
Synthesis current peak Physical Memory [PSS] (MB): peak = 1203.994; parent = 1062.471; children = 141.523
Synthesis current peak Virtual Memory [VSS] (MB): peak = 4057.867; parent = 2454.984; children = 1602.883
---------------------------------------------------------------------------------
---------------------------------------------------------------------------------
Start Loading Part and Timing Information
---------------------------------------------------------------------------------
Loading part: xc7z020clg484-1
---------------------------------------------------------------------------------
Finished Loading Part and Timing Information : Time (s): cpu = 00:00:07 ; elapsed = 00:00:08 . Memory (MB): peak = 2486.996 ; gain = 648.223 ; free physical = 78103 ; free virtual = 123703
Synthesis current peak Physical Memory [PSS] (MB): peak = 1203.994; parent = 1062.471; children = 141.523
Synthesis current peak Virtual Memory [VSS] (MB): peak = 4057.867; parent = 2454.984; children = 1602.883
---------------------------------------------------------------------------------
---------------------------------------------------------------------------------
Start Applying 'set_property' XDC Constraints
---------------------------------------------------------------------------------
---------------------------------------------------------------------------------
Finished applying 'set_property' XDC Constraints : Time (s): cpu = 00:00:07 ; elapsed = 00:00:08 . Memory (MB): peak = 2486.996 ; gain = 648.223 ; free physical = 78103 ; free virtual = 123703
Synthesis current peak Physical Memory [PSS] (MB): peak = 1203.994; parent = 1062.471; children = 141.523
Synthesis current peak Virtual Memory [VSS] (MB): peak = 4057.867; parent = 2454.984; children = 1602.883
---------------------------------------------------------------------------------
INFO: [Synth 8-802] inferred FSM for state register 'fetch_reg[state]' in module 'neorv32_cpu_frontend'
INFO: [Synth 8-802] inferred FSM for state register 'exe_engine_reg[state]' in module 'neorv32_cpu_control'
INFO: [Synth 8-802] inferred FSM for state register 'state_reg' in module 'neorv32_bus_switch'
---------------------------------------------------------------------------------------------------
                   State |                     New Encoding |                Previous Encoding 
---------------------------------------------------------------------------------------------------
                  iSTATE |                               10 |                               00
*
               s_request |                               00 |                               01
               s_pending |                               01 |                               10
---------------------------------------------------------------------------------------------------
INFO: [Synth 8-3354] encoded FSM with state register 'fetch_reg[state]' using encoding 'sequential' in module 'neorv32_cpu_frontend'
---------------------------------------------------------------------------------------------------
                   State |                     New Encoding |                Previous Encoding 
---------------------------------------------------------------------------------------------------
              ex_restart |                             0001 |                             0011
             ex_branched |                             0011 |                             1001
             ex_dispatch |                             0000 |                             0000
           ex_trap_enter |                             0111 |                             0001
              ex_execute |                             1000 |                             0101
             ex_alu_wait |                             1010 |                             0110
              ex_mem_req |                             0110 |                             1011
              ex_mem_rsp |                             0101 |                             1100
               ex_branch |                             1011 |                             1000
                ex_fence |                             1001 |                             0111
                  iSTATE |                             1100 |                             1010
*
            ex_trap_exit |                             0100 |                             0010
                ex_sleep |                             0010 |                             0100
---------------------------------------------------------------------------------------------------
INFO: [Synth 8-3354] encoded FSM with state register 'exe_engine_reg[state]' using encoding 'sequential' in module 'neorv32_cpu_control'
---------------------------------------------------------------------------------------------------
                   State |                     New Encoding |                Previous Encoding 
---------------------------------------------------------------------------------------------------
                  iSTATE |                               00 |                               00
*
                s_busy_a |                               01 |                               01
                s_busy_b |                               10 |                               10
---------------------------------------------------------------------------------------------------
INFO: [Synth 8-3354] encoded FSM with state register 'state_reg' using encoding 'sequential' in module 'neorv32_bus_switch'
---------------------------------------------------------------------------------
Finished RTL Optimization Phase 2 : Time (s): cpu = 00:00:08 ; elapsed = 00:00:09 . Memory (MB): peak = 2486.996 ; gain = 648.223 ; free physical = 78079 ; free virtual = 123680
Synthesis current peak Physical Memory [PSS] (MB): peak = 1203.994; parent = 1062.471; children = 141.523
Synthesis current peak Virtual Memory [VSS] (MB): peak = 4057.867; parent = 2454.984; children = 1602.883
---------------------------------------------------------------------------------
---------------------------------------------------------------------------------
Start RTL Component Statistics 
---------------------------------------------------------------------------------
Detailed RTL Component Info : 
+---Adders : 
	   2 Input   33 Bit       Adders := 3     
	   3 Input   33 Bit       Adders := 1     
	   2 Input   32 Bit       Adders := 2     
	   2 Input   10 Bit       Adders := 6     
	   2 Input    8 Bit       Adders := 3     
	   2 Input    5 Bit       Adders := 2     
	   2 Input    4 Bit       Adders := 2     
	   2 Input    2 Bit       Adders := 4     
	   3 Input    2 Bit       Adders := 2     
	   2 Input    1 Bit       Adders := 4     
+---XORs : 
	   2 Input     32 Bit         XORs := 1     
	   2 Input      1 Bit         XORs := 2     
+---Registers : 
	               64 Bit    Registers := 2     
	               32 Bit    Registers := 27    
	               21 Bit    Registers := 2     
	               16 Bit    Registers := 3     
	               12 Bit    Registers := 2     
	               11 Bit    Registers := 1     
	               10 Bit    Registers := 10    
	                9 Bit    Registers := 2     
	                8 Bit    Registers := 12    
	                7 Bit    Registers := 1     
	                6 Bit    Registers := 1     
	                5 Bit    Registers := 2     
	                4 Bit    Registers := 8     
	                3 Bit    Registers := 7     
	                2 Bit    Registers := 8     
	                1 Bit    Registers := 112   
+---RAMs : 
	             128K Bit	(16384 X 8 bit)          RAMs := 4     
	             1024 Bit	(32 X 32 bit)          RAMs := 1     
	               34 Bit	(2 X 17 bit)          RAMs := 2     
+---ROMs : 
	                    ROMs := 1     
+---Muxes : 
	   3 Input   64 Bit        Muxes := 1     
	   2 Input   33 Bit        Muxes := 1     
	   3 Input   32 Bit        Muxes := 1     
	   2 Input   32 Bit        Muxes := 42    
	  16 Input   32 Bit        Muxes := 1     
	   6 Input   32 Bit        Muxes := 1     
	  13 Input   32 Bit        Muxes := 2     
	   4 Input   32 Bit        Muxes := 2     
	   3 Input   16 Bit        Muxes := 1     
	   2 Input   10 Bit        Muxes := 12    
	   4 Input   10 Bit        Muxes := 1     
	   2 Input    9 Bit        Muxes := 1     
	   4 Input    9 Bit        Muxes := 1     
	   2 Input    8 Bit        Muxes := 3     
	   2 Input    6 Bit        Muxes := 1     
	   2 Input    5 Bit        Muxes := 3     
	   2 Input    4 Bit        Muxes := 11    
	  30 Input    4 Bit        Muxes := 1     
	  13 Input    4 Bit        Muxes := 1     
	   9 Input    4 Bit        Muxes := 1     
	   5 Input    4 Bit        Muxes := 1     
	  11 Input    4 Bit        Muxes := 1     
	   4 Input    4 Bit        Muxes := 1     
	   7 Input    3 Bit        Muxes := 1     
	   4 Input    3 Bit        Muxes := 1     
	   6 Input    3 Bit        Muxes := 1     
	  13 Input    3 Bit        Muxes := 1     
	   2 Input    2 Bit        Muxes := 8     
	   3 Input    2 Bit        Muxes := 2     
	   9 Input    2 Bit        Muxes := 1     
	   4 Input    2 Bit        Muxes := 2     
	   2 Input    1 Bit        Muxes := 93    
	   3 Input    1 Bit        Muxes := 9     
	  10 Input    1 Bit        Muxes := 2     
	   9 Input    1 Bit        Muxes := 7     
	   5 Input    1 Bit        Muxes := 2     
	  13 Input    1 Bit        Muxes := 26    
	   4 Input    1 Bit        Muxes := 4     
---------------------------------------------------------------------------------
Finished RTL Component Statistics 
---------------------------------------------------------------------------------
---------------------------------------------------------------------------------
Start Part Resource Summary
---------------------------------------------------------------------------------
Part Resources:
DSPs: 220 (col length:60)
BRAMs: 280 (col length: RAMB18 60 RAMB36 30)
---------------------------------------------------------------------------------
Finished Part Resource Summary
---------------------------------------------------------------------------------
---------------------------------------------------------------------------------
Start Cross Boundary and Area Optimization
---------------------------------------------------------------------------------
WARNING: [Synth 8-7080] Parallel synthesis criteria is not met
---------------------------------------------------------------------------------
Finished Cross Boundary and Area Optimization : Time (s): cpu = 00:00:15 ; elapsed = 00:00:16 . Memory (MB): peak = 2486.996 ; gain = 648.223 ; free physical = 78016 ; free virtual = 123630
Synthesis current peak Physical Memory [PSS] (MB): peak = 1210.112; parent = 1068.688; children = 141.523
Synthesis current peak Virtual Memory [VSS] (MB): peak = 4057.867; parent = 2454.984; children = 1602.883
---------------------------------------------------------------------------------
---------------------------------------------------------------------------------
Start ROM, RAM, DSP, Shift Register and Retiming Reporting
---------------------------------------------------------------------------------

ROM: Preliminary Mapping Report
+-------------+-------------------------------------+---------------+----------------+
|Module Name  | RTL Object                          | Depth x Width | Implemented As | 
+-------------+-------------------------------------+---------------+----------------+
|neorv32_imem | imem_rom.imem_rom_default.rdata_reg | 2048x32       | Block RAM      | 
+-------------+-------------------------------------+---------------+----------------+


Block RAM: Preliminary Mapping Report (see note below)
+----------------------------------------------------------------------------+----------------------------------------------------------+------------------------+---+---+------------------------+---+---+------------------+--------+--------+
|Module Name                                                                 | RTL Object                                               | PORT A (Depth x Width) | W | R | PORT B (Depth x Width) | W | R | Ports driving FF | RAMB18 | RAMB36 | 
+----------------------------------------------------------------------------+----------------------------------------------------------+------------------------+---+---+------------------------+---+---+------------------+--------+--------+
|neorv32_inst/\core_complex_gen[0].neorv32_cpu_inst                          | neorv32_cpu_regfile_inst/register_file_fpga.reg_file_reg | 32 x 32(READ_FIRST)    | W | R | 32 x 32(WRITE_FIRST)   |   | R | Port A and B     | 0      | 1      | 
|neorv32_inst/\memory_system.neorv32_int_dmem_enabled.neorv32_int_dmem_inst  | dmem_ram_default.mem_ram_b0_reg                          | 16 K x 8(READ_FIRST)   | W | R |                        |   |   | Port A           | 0      | 4      | 
|neorv32_inst/\memory_system.neorv32_int_dmem_enabled.neorv32_int_dmem_inst  | dmem_ram_default.mem_ram_b1_reg                          | 16 K x 8(READ_FIRST)   | W | R |                        |   |   | Port A           | 0      | 4      | 
|neorv32_inst/\memory_system.neorv32_int_dmem_enabled.neorv32_int_dmem_inst  | dmem_ram_default.mem_ram_b2_reg                          | 16 K x 8(READ_FIRST)   | W | R |                        |   |   | Port A           | 0      | 4      | 
|neorv32_inst/\memory_system.neorv32_int_dmem_enabled.neorv32_int_dmem_inst  | dmem_ram_default.mem_ram_b3_reg                          | 16 K x 8(READ_FIRST)   | W | R |                        |   |   | Port A           | 0      | 4      | 
+----------------------------------------------------------------------------+----------------------------------------------------------+------------------------+---+---+------------------------+---+---+------------------+--------+--------+

Note: The table above is a preliminary report that shows the Block RAMs at the current stage of the synthesis flow. Some Block RAMs may be reimplemented as non Block RAM primitives later in the synthesis flow. Multiple instantiated Block RAMs are reported only once. 

Distributed RAM: Preliminary Mapping Report (see note below)
+----------------------------------------------------+-------------------------------------------------------------------------------------------------------------------------+-----------+----------------------+-------------+
|Module Name                                         | RTL Object                                                                                                              | Inference | Size (Depth x Width) | Primitives  | 
+----------------------------------------------------+-------------------------------------------------------------------------------------------------------------------------+-----------+----------------------+-------------+
|neorv32_inst/\core_complex_gen[0].neorv32_cpu_inst  | neorv32_cpu_frontend_inst/prefetch_buffer[0].prefetch_buffer_inst/memory_no_reset.fifo_write_noreset_large.fifo_mem_reg | Implied   | 2 x 17               | RAM32M x 3  | 
|neorv32_inst/\core_complex_gen[0].neorv32_cpu_inst  | neorv32_cpu_frontend_inst/prefetch_buffer[1].prefetch_buffer_inst/memory_no_reset.fifo_write_noreset_large.fifo_mem_reg | Implied   | 2 x 16               | RAM32M x 3  | 
+----------------------------------------------------+-------------------------------------------------------------------------------------------------------------------------+-----------+----------------------+-------------+

Note: The table above is a preliminary report that shows the Distributed RAMs at the current stage of the synthesis flow. Some Distributed RAMs may be reimplemented as non Distributed RAM primitives later in the synthesis flow. Multiple instantiated RAMs are reported only once.
---------------------------------------------------------------------------------
Finished ROM, RAM, DSP, Shift Register and Retiming Reporting
---------------------------------------------------------------------------------
---------------------------------------------------------------------------------
Start Applying XDC Timing Constraints
---------------------------------------------------------------------------------
---------------------------------------------------------------------------------
Finished Applying XDC Timing Constraints : Time (s): cpu = 00:00:17 ; elapsed = 00:00:18 . Memory (MB): peak = 2486.996 ; gain = 648.223 ; free physical = 77863 ; free virtual = 123476
Synthesis current peak Physical Memory [PSS] (MB): peak = 1330.222; parent = 1188.797; children = 141.523
Synthesis current peak Virtual Memory [VSS] (MB): peak = 4057.867; parent = 2454.984; children = 1602.883
---------------------------------------------------------------------------------
---------------------------------------------------------------------------------
Start Timing Optimization
---------------------------------------------------------------------------------
---------------------------------------------------------------------------------
Finished Timing Optimization : Time (s): cpu = 00:00:17 ; elapsed = 00:00:19 . Memory (MB): peak = 2486.996 ; gain = 648.223 ; free physical = 77863 ; free virtual = 123476
Synthesis current peak Physical Memory [PSS] (MB): peak = 1330.784; parent = 1189.359; children = 141.523
Synthesis current peak Virtual Memory [VSS] (MB): peak = 4057.867; parent = 2454.984; children = 1602.883
---------------------------------------------------------------------------------
---------------------------------------------------------------------------------
Start ROM, RAM, DSP, Shift Register and Retiming Reporting
---------------------------------------------------------------------------------

Block RAM: Final Mapping Report
+----------------------------------------------------------------------------+----------------------------------------------------------+------------------------+---+---+------------------------+---+---+------------------+--------+--------+
|Module Name                                                                 | RTL Object                                               | PORT A (Depth x Width) | W | R | PORT B (Depth x Width) | W | R | Ports driving FF | RAMB18 | RAMB36 | 
+----------------------------------------------------------------------------+----------------------------------------------------------+------------------------+---+---+------------------------+---+---+------------------+--------+--------+
|neorv32_inst/\core_complex_gen[0].neorv32_cpu_inst                          | neorv32_cpu_regfile_inst/register_file_fpga.reg_file_reg | 32 x 32(READ_FIRST)    | W | R | 32 x 32(WRITE_FIRST)   |   | R | Port A and B     | 0      | 1      | 
|neorv32_inst/\memory_system.neorv32_int_dmem_enabled.neorv32_int_dmem_inst  | dmem_ram_default.mem_ram_b0_reg                          | 16 K x 8(READ_FIRST)   | W | R |                        |   |   | Port A           | 0      | 4      | 
|neorv32_inst/\memory_system.neorv32_int_dmem_enabled.neorv32_int_dmem_inst  | dmem_ram_default.mem_ram_b1_reg                          | 16 K x 8(READ_FIRST)   | W | R |                        |   |   | Port A           | 0      | 4      | 
|neorv32_inst/\memory_system.neorv32_int_dmem_enabled.neorv32_int_dmem_inst  | dmem_ram_default.mem_ram_b2_reg                          | 16 K x 8(READ_FIRST)   | W | R |                        |   |   | Port A           | 0      | 4      | 
|neorv32_inst/\memory_system.neorv32_int_dmem_enabled.neorv32_int_dmem_inst  | dmem_ram_default.mem_ram_b3_reg                          | 16 K x 8(READ_FIRST)   | W | R |                        |   |   | Port A           | 0      | 4      | 
+----------------------------------------------------------------------------+----------------------------------------------------------+------------------------+---+---+------------------------+---+---+------------------+--------+--------+


Distributed RAM: Final Mapping Report
+----------------------------------------------------+-------------------------------------------------------------------------------------------------------------------------+-----------+----------------------+-------------+
|Module Name                                         | RTL Object                                                                                                              | Inference | Size (Depth x Width) | Primitives  | 
+----------------------------------------------------+-------------------------------------------------------------------------------------------------------------------------+-----------+----------------------+-------------+
|neorv32_inst/\core_complex_gen[0].neorv32_cpu_inst  | neorv32_cpu_frontend_inst/prefetch_buffer[0].prefetch_buffer_inst/memory_no_reset.fifo_write_noreset_large.fifo_mem_reg | Implied   | 2 x 17               | RAM32M x 3  | 
|neorv32_inst/\core_complex_gen[0].neorv32_cpu_inst  | neorv32_cpu_frontend_inst/prefetch_buffer[1].prefetch_buffer_inst/memory_no_reset.fifo_write_noreset_large.fifo_mem_reg | Implied   | 2 x 16               | RAM32M x 3  | 
+----------------------------------------------------+-------------------------------------------------------------------------------------------------------------------------+-----------+----------------------+-------------+

---------------------------------------------------------------------------------
Finished ROM, RAM, DSP, Shift Register and Retiming Reporting
---------------------------------------------------------------------------------
---------------------------------------------------------------------------------
Start Technology Mapping
---------------------------------------------------------------------------------
INFO: [Synth 8-7052] The timing for the instance neorv32_inst/core_complex_gen[0].neorv32_cpu_inst/neorv32_cpu_regfile_inst/register_file_fpga.reg_file_reg (implemented as a Block RAM) might be sub-optimal as no optional output register could be merged into the ram block. Providing additional output register may help in improving timing.
INFO: [Synth 8-7052] The timing for the instance neorv32_inst/core_complex_gen[0].neorv32_cpu_inst/neorv32_cpu_regfile_inst/register_file_fpga.reg_file_reg (implemented as a Block RAM) might be sub-optimal as no optional output register could be merged into the ram block. Providing additional output register may help in improving timing.
INFO: [Synth 8-7052] The timing for the instance neorv32_inst/memory_system.neorv32_int_imem_enabled.neorv32_int_imem_inst/imem_rom.imem_rom_default.rdata_reg_0 (implemented as a Block RAM) might be sub-optimal as no optional output register could be merged into the ram block. Providing additional output register may help in improving timing.
INFO: [Synth 8-7052] The timing for the instance neorv32_inst/memory_system.neorv32_int_imem_enabled.neorv32_int_imem_inst/imem_rom.imem_rom_default.rdata_reg_1 (implemented as a Block RAM) might be sub-optimal as no optional output register could be merged into the ram block. Providing additional output register may help in improving timing.
INFO: [Synth 8-7052] The timing for the instance neorv32_inst/memory_system.neorv32_int_dmem_enabled.neorv32_int_dmem_inst/dmem_ram_default.mem_ram_b0_reg_0 (implemented as a Block RAM) might be sub-optimal as no optional output register could be merged into the ram block. Providing additional output register may help in improving timing.
INFO: [Synth 8-7052] The timing for the instance neorv32_inst/memory_system.neorv32_int_dmem_enabled.neorv32_int_dmem_inst/dmem_ram_default.mem_ram_b0_reg_1 (implemented as a Block RAM) might be sub-optimal as no optional output register could be merged into the ram block. Providing additional output register may help in improving timing.
INFO: [Synth 8-7052] The timing for the instance neorv32_inst/memory_system.neorv32_int_dmem_enabled.neorv32_int_dmem_inst/dmem_ram_default.mem_ram_b0_reg_2 (implemented as a Block RAM) might be sub-optimal as no optional output register could be merged into the ram block. Providing additional output register may help in improving timing.
INFO: [Synth 8-7052] The timing for the instance neorv32_inst/memory_system.neorv32_int_dmem_enabled.neorv32_int_dmem_inst/dmem_ram_default.mem_ram_b0_reg_3 (implemented as a Block RAM) might be sub-optimal as no optional output register could be merged into the ram block. Providing additional output register may help in improving timing.
INFO: [Synth 8-7052] The timing for the instance neorv32_inst/memory_system.neorv32_int_dmem_enabled.neorv32_int_dmem_inst/dmem_ram_default.mem_ram_b1_reg_0 (implemented as a Block RAM) might be sub-optimal as no optional output register could be merged into the ram block. Providing additional output register may help in improving timing.
INFO: [Synth 8-7052] The timing for the instance neorv32_inst/memory_system.neorv32_int_dmem_enabled.neorv32_int_dmem_inst/dmem_ram_default.mem_ram_b1_reg_1 (implemented as a Block RAM) might be sub-optimal as no optional output register could be merged into the ram block. Providing additional output register may help in improving timing.
INFO: [Synth 8-7052] The timing for the instance neorv32_inst/memory_system.neorv32_int_dmem_enabled.neorv32_int_dmem_inst/dmem_ram_default.mem_ram_b1_reg_2 (implemented as a Block RAM) might be sub-optimal as no optional output register could be merged into the ram block. Providing additional output register may help in improving timing.
INFO: [Synth 8-7052] The timing for the instance neorv32_inst/memory_system.neorv32_int_dmem_enabled.neorv32_int_dmem_inst/dmem_ram_default.mem_ram_b1_reg_3 (implemented as a Block RAM) might be sub-optimal as no optional output register could be merged into the ram block. Providing additional output register may help in improving timing.
INFO: [Synth 8-7052] The timing for the instance neorv32_inst/memory_system.neorv32_int_dmem_enabled.neorv32_int_dmem_inst/dmem_ram_default.mem_ram_b2_reg_0 (implemented as a Block RAM) might be sub-optimal as no optional output register could be merged into the ram block. Providing additional output register may help in improving timing.
INFO: [Synth 8-7052] The timing for the instance neorv32_inst/memory_system.neorv32_int_dmem_enabled.neorv32_int_dmem_inst/dmem_ram_default.mem_ram_b2_reg_1 (implemented as a Block RAM) might be sub-optimal as no optional output register could be merged into the ram block. Providing additional output register may help in improving timing.
INFO: [Synth 8-7052] The timing for the instance neorv32_inst/memory_system.neorv32_int_dmem_enabled.neorv32_int_dmem_inst/dmem_ram_default.mem_ram_b2_reg_2 (implemented as a Block RAM) might be sub-optimal as no optional output register could be merged into the ram block. Providing additional output register may help in improving timing.
INFO: [Synth 8-7052] The timing for the instance neorv32_inst/memory_system.neorv32_int_dmem_enabled.neorv32_int_dmem_inst/dmem_ram_default.mem_ram_b2_reg_3 (implemented as a Block RAM) might be sub-optimal as no optional output register could be merged into the ram block. Providing additional output register may help in improving timing.
INFO: [Synth 8-7052] The timing for the instance neorv32_inst/memory_system.neorv32_int_dmem_enabled.neorv32_int_dmem_inst/dmem_ram_default.mem_ram_b3_reg_0 (implemented as a Block RAM) might be sub-optimal as no optional output register could be merged into the ram block. Providing additional output register may help in improving timing.
INFO: [Synth 8-7052] The timing for the instance neorv32_inst/memory_system.neorv32_int_dmem_enabled.neorv32_int_dmem_inst/dmem_ram_default.mem_ram_b3_reg_1 (implemented as a Block RAM) might be sub-optimal as no optional output register could be merged into the ram block. Providing additional output register may help in improving timing.
INFO: [Synth 8-7052] The timing for the instance neorv32_inst/memory_system.neorv32_int_dmem_enabled.neorv32_int_dmem_inst/dmem_ram_default.mem_ram_b3_reg_2 (implemented as a Block RAM) might be sub-optimal as no optional output register could be merged into the ram block. Providing additional output register may help in improving timing.
INFO: [Synth 8-7052] The timing for the instance neorv32_inst/memory_system.neorv32_int_dmem_enabled.neorv32_int_dmem_inst/dmem_ram_default.mem_ram_b3_reg_3 (implemented as a Block RAM) might be sub-optimal as no optional output register could be merged into the ram block. Providing additional output register may help in improving timing.
---------------------------------------------------------------------------------
Finished Technology Mapping : Time (s): cpu = 00:00:18 ; elapsed = 00:00:19 . Memory (MB): peak = 2486.996 ; gain = 648.223 ; free physical = 77855 ; free virtual = 123468
Synthesis current peak Physical Memory [PSS] (MB): peak = 1334.277; parent = 1192.853; children = 141.523
Synthesis current peak Virtual Memory [VSS] (MB): peak = 4057.867; parent = 2454.984; children = 1602.883
---------------------------------------------------------------------------------
---------------------------------------------------------------------------------
Start IO Insertion
---------------------------------------------------------------------------------
---------------------------------------------------------------------------------
Start Flattening Before IO Insertion
---------------------------------------------------------------------------------
---------------------------------------------------------------------------------
Finished Flattening Before IO Insertion
---------------------------------------------------------------------------------
---------------------------------------------------------------------------------
Start Final Netlist Cleanup
---------------------------------------------------------------------------------
---------------------------------------------------------------------------------
Finished Final Netlist Cleanup
---------------------------------------------------------------------------------
---------------------------------------------------------------------------------
Finished IO Insertion : Time (s): cpu = 00:00:20 ; elapsed = 00:00:21 . Memory (MB): peak = 2486.996 ; gain = 648.223 ; free physical = 77733 ; free virtual = 123350
Synthesis current peak Physical Memory [PSS] (MB): peak = 1334.277; parent = 1192.853; children = 141.523
Synthesis current peak Virtual Memory [VSS] (MB): peak = 4057.867; parent = 2454.984; children = 1602.883
---------------------------------------------------------------------------------
---------------------------------------------------------------------------------
Start Renaming Generated Instances
---------------------------------------------------------------------------------
---------------------------------------------------------------------------------
Finished Renaming Generated Instances : Time (s): cpu = 00:00:20 ; elapsed = 00:00:21 . Memory (MB): peak = 2486.996 ; gain = 648.223 ; free physical = 77729 ; free virtual = 123347
Synthesis current peak Physical Memory [PSS] (MB): peak = 1334.277; parent = 1192.853; children = 141.523
Synthesis current peak Virtual Memory [VSS] (MB): peak = 4057.867; parent = 2454.984; children = 1602.883
---------------------------------------------------------------------------------
---------------------------------------------------------------------------------
Start Rebuilding User Hierarchy
---------------------------------------------------------------------------------
---------------------------------------------------------------------------------
Finished Rebuilding User Hierarchy : Time (s): cpu = 00:00:20 ; elapsed = 00:00:21 . Memory (MB): peak = 2486.996 ; gain = 648.223 ; free physical = 77711 ; free virtual = 123334
Synthesis current peak Physical Memory [PSS] (MB): peak = 1334.277; parent = 1192.853; children = 141.523
Synthesis current peak Virtual Memory [VSS] (MB): peak = 4057.867; parent = 2454.984; children = 1602.883
---------------------------------------------------------------------------------
---------------------------------------------------------------------------------
Start Renaming Generated Ports
---------------------------------------------------------------------------------
---------------------------------------------------------------------------------
Finished Renaming Generated Ports : Time (s): cpu = 00:00:20 ; elapsed = 00:00:21 . Memory (MB): peak = 2486.996 ; gain = 648.223 ; free physical = 77696 ; free virtual = 123319
Synthesis current peak Physical Memory [PSS] (MB): peak = 1334.277; parent = 1192.853; children = 141.523
Synthesis current peak Virtual Memory [VSS] (MB): peak = 4057.867; parent = 2454.984; children = 1602.883
---------------------------------------------------------------------------------
---------------------------------------------------------------------------------
Start Handling Custom Attributes
---------------------------------------------------------------------------------
---------------------------------------------------------------------------------
Finished Handling Custom Attributes : Time (s): cpu = 00:00:20 ; elapsed = 00:00:21 . Memory (MB): peak = 2486.996 ; gain = 648.223 ; free physical = 77692 ; free virtual = 123314
Synthesis current peak Physical Memory [PSS] (MB): peak = 1334.277; parent = 1192.853; children = 141.523
Synthesis current peak Virtual Memory [VSS] (MB): peak = 4057.867; parent = 2454.984; children = 1602.883
---------------------------------------------------------------------------------
---------------------------------------------------------------------------------
Start Renaming Generated Nets
---------------------------------------------------------------------------------
---------------------------------------------------------------------------------
Finished Renaming Generated Nets : Time (s): cpu = 00:00:20 ; elapsed = 00:00:21 . Memory (MB): peak = 2486.996 ; gain = 648.223 ; free physical = 77687 ; free virtual = 123309
Synthesis current peak Physical Memory [PSS] (MB): peak = 1334.277; parent = 1192.853; children = 141.523
Synthesis current peak Virtual Memory [VSS] (MB): peak = 4057.867; parent = 2454.984; children = 1602.883
---------------------------------------------------------------------------------
---------------------------------------------------------------------------------
Start Writing Synthesis Report
---------------------------------------------------------------------------------

Report BlackBoxes: 
+-+--------------+----------+
| |BlackBox name |Instances |
+-+--------------+----------+
+-+--------------+----------+

Report Cell Usage: 
+------+---------+------+
|      |Cell     |Count |
+------+---------+------+
|1     |BUFG     |     1|
|2     |CARRY4   |   112|
|3     |LUT1     |     1|
|4     |LUT2     |   147|
|5     |LUT3     |   287|
|6     |LUT4     |   313|
|7     |LUT5     |   503|
|8     |LUT6     |   637|
|9     |MUXF7    |     4|
|10    |RAM32M   |     6|
|11    |RAMB36E1 |    19|
|15    |FDCE     |  1313|
|16    |FDPE     |    18|
|17    |FDRE     |    18|
|18    |IBUF     |     3|
|19    |OBUF     |     4|
+------+---------+------+
---------------------------------------------------------------------------------
Finished Writing Synthesis Report : Time (s): cpu = 00:00:20 ; elapsed = 00:00:21 . Memory (MB): peak = 2486.996 ; gain = 648.223 ; free physical = 77684 ; free virtual = 123307
Synthesis current peak Physical Memory [PSS] (MB): peak = 1334.277; parent = 1192.853; children = 141.523
Synthesis current peak Virtual Memory [VSS] (MB): peak = 4057.867; parent = 2454.984; children = 1602.883
---------------------------------------------------------------------------------
Synthesis finished with 0 errors, 0 critical warnings and 1487 warnings.
Synthesis Optimization Runtime : Time (s): cpu = 00:00:19 ; elapsed = 00:00:20 . Memory (MB): peak = 2486.996 ; gain = 490.473 ; free physical = 77721 ; free virtual = 123346
Synthesis Optimization Complete : Time (s): cpu = 00:00:20 ; elapsed = 00:00:21 . Memory (MB): peak = 2486.996 ; gain = 648.223 ; free physical = 77720 ; free virtual = 123345
INFO: [Project 1-571] Translating synthesized netlist
Netlist sorting complete. Time (s): cpu = 00:00:00.03 ; elapsed = 00:00:00.02 . Memory (MB): peak = 2486.996 ; gain = 0.000 ; free physical = 77816 ; free virtual = 123441
INFO: [Netlist 29-17] Analyzing 141 Unisim elements for replacement
INFO: [Netlist 29-28] Unisim Transformation completed in 0 CPU seconds
INFO: [Project 1-570] Preparing netlist for logic optimization
INFO: [Opt 31-138] Pushed 0 inverter(s) to 0 load pin(s).
Netlist sorting complete. Time (s): cpu = 00:00:00 ; elapsed = 00:00:00 . Memory (MB): peak = 2486.996 ; gain = 0.000 ; free physical = 77694 ; free virtual = 123319
INFO: [Project 1-111] Unisim Transformation Summary:
  A total of 6 instances were transformed.
  RAM32M => RAM32M (RAMD32(x6), RAMS32(x2)): 6 instances

Synth Design complete, checksum: 7bda73e2
INFO: [Common 17-83] Releasing license: Synthesis
118 Infos, 140 Warnings, 1 Critical Warnings and 0 Errors encountered.
synth_design completed successfully
synth_design: Time (s): cpu = 00:00:25 ; elapsed = 00:00:25 . Memory (MB): peak = 2486.996 ; gain = 930.086 ; free physical = 77921 ; free virtual = 123546
INFO: [runtcl-6] Synthesis results are not added to the cache due to CRITICAL_WARNING
INFO: [Common 17-1381] The checkpoint '/home/labo1/vivado_2022_2_neorv32/basic_riscv.runs/synth_1/neorv32_ProcessorTop_Minimal.dcp' has been generated.
INFO: [runtcl-4] Executing : report_utilization -file neorv32_ProcessorTop_Minimal_utilization_synth.rpt -pb neorv32_ProcessorTop_Minimal_utilization_synth.pb
INFO: [Common 17-206] Exiting Vivado at Tue Apr 29 17:44:41 2025...
