
*** Running vivado
    with args -log system_led_ip_0_0.vds -m64 -product Vivado -mode batch -messageDb vivado.pb -notrace -source system_led_ip_0_0.tcl


****** Vivado v2018.3 (64-bit)
  **** SW Build 2405991 on Thu Dec  6 23:38:27 MST 2018
  **** IP Build 2404404 on Fri Dec  7 01:43:56 MST 2018
    ** Copyright 1986-2018 Xilinx, Inc. All Rights Reserved.

source system_led_ip_0_0.tcl -notrace
INFO: [IP_Flow 19-234] Refreshing IP repositories
INFO: [IP_Flow 19-1700] Loaded user IP repository 'e:/CAB/LAB_3/lab3/led_ip'.
INFO: [IP_Flow 19-2313] Loaded Vivado IP repository 'C:/Xilinx/Vivado/2018.3/data/ip'.
Command: synth_design -top system_led_ip_0_0 -part xc7z020clg484-1 -mode out_of_context
Starting synth_design
Attempting to get a license for feature 'Synthesis' and/or device 'xc7z020'
INFO: [Common 17-349] Got license for feature 'Synthesis' and/or device 'xc7z020'
INFO: Launching helper process for spawning children vivado processes
INFO: Helper process launched with PID 13372 
---------------------------------------------------------------------------------
Starting RTL Elaboration : Time (s): cpu = 00:00:02 ; elapsed = 00:00:02 . Memory (MB): peak = 386.648 ; gain = 102.113
---------------------------------------------------------------------------------
INFO: [Synth 8-6157] synthesizing module 'system_led_ip_0_0' [e:/CAB/LAB_3/lab3/lab3.srcs/sources_1/bd/system/ip/system_led_ip_0_0/synth/system_led_ip_0_0.v:56]
INFO: [Synth 8-6157] synthesizing module 'led_ip_v1_0' [e:/CAB/LAB_3/lab3/lab3.srcs/sources_1/bd/system/ipshared/98eb/hdl/led_ip_v1_0.v:4]
	Parameter LED_WIDTH bound to: 8 - type: integer 
	Parameter C_S_AXI_DATA_WIDTH bound to: 32 - type: integer 
	Parameter C_S_AXI_ADDR_WIDTH bound to: 4 - type: integer 
INFO: [Synth 8-6157] synthesizing module 'led_ip_v1_0_S_AXI' [e:/CAB/LAB_3/lab3/lab3.srcs/sources_1/bd/system/ipshared/98eb/hdl/led_ip_v1_0_S_AXI.v:4]
	Parameter LED_WIDTH bound to: 8 - type: integer 
	Parameter C_S_AXI_DATA_WIDTH bound to: 32 - type: integer 
	Parameter C_S_AXI_ADDR_WIDTH bound to: 4 - type: integer 
	Parameter ADDR_LSB bound to: 2 - type: integer 
	Parameter OPT_MEM_ADDR_BITS bound to: 1 - type: integer 
INFO: [Synth 8-226] default block is never used [e:/CAB/LAB_3/lab3/lab3.srcs/sources_1/bd/system/ipshared/98eb/hdl/led_ip_v1_0_S_AXI.v:231]
INFO: [Synth 8-226] default block is never used [e:/CAB/LAB_3/lab3/lab3.srcs/sources_1/bd/system/ipshared/98eb/hdl/led_ip_v1_0_S_AXI.v:372]
INFO: [Synth 8-6157] synthesizing module 'lab3_user_logic' [e:/CAB/LAB_3/lab3/lab3.srcs/sources_1/bd/system/ipshared/98eb/src/lab3_user_logic.v:6]
	Parameter LED_WIDTH bound to: 8 - type: integer 
INFO: [Synth 8-6155] done synthesizing module 'lab3_user_logic' (1#1) [e:/CAB/LAB_3/lab3/lab3.srcs/sources_1/bd/system/ipshared/98eb/src/lab3_user_logic.v:6]
INFO: [Synth 8-6155] done synthesizing module 'led_ip_v1_0_S_AXI' (2#1) [e:/CAB/LAB_3/lab3/lab3.srcs/sources_1/bd/system/ipshared/98eb/hdl/led_ip_v1_0_S_AXI.v:4]
INFO: [Synth 8-6155] done synthesizing module 'led_ip_v1_0' (3#1) [e:/CAB/LAB_3/lab3/lab3.srcs/sources_1/bd/system/ipshared/98eb/hdl/led_ip_v1_0.v:4]
INFO: [Synth 8-6155] done synthesizing module 'system_led_ip_0_0' (4#1) [e:/CAB/LAB_3/lab3/lab3.srcs/sources_1/bd/system/ip/system_led_ip_0_0/synth/system_led_ip_0_0.v:56]
WARNING: [Synth 8-3331] design lab3_user_logic has unconnected port S_AXI_WDATA[31]
WARNING: [Synth 8-3331] design lab3_user_logic has unconnected port S_AXI_WDATA[30]
WARNING: [Synth 8-3331] design lab3_user_logic has unconnected port S_AXI_WDATA[29]
WARNING: [Synth 8-3331] design lab3_user_logic has unconnected port S_AXI_WDATA[28]
WARNING: [Synth 8-3331] design lab3_user_logic has unconnected port S_AXI_WDATA[27]
WARNING: [Synth 8-3331] design lab3_user_logic has unconnected port S_AXI_WDATA[26]
WARNING: [Synth 8-3331] design lab3_user_logic has unconnected port S_AXI_WDATA[25]
WARNING: [Synth 8-3331] design lab3_user_logic has unconnected port S_AXI_WDATA[24]
WARNING: [Synth 8-3331] design lab3_user_logic has unconnected port S_AXI_WDATA[23]
WARNING: [Synth 8-3331] design lab3_user_logic has unconnected port S_AXI_WDATA[22]
WARNING: [Synth 8-3331] design lab3_user_logic has unconnected port S_AXI_WDATA[21]
WARNING: [Synth 8-3331] design lab3_user_logic has unconnected port S_AXI_WDATA[20]
WARNING: [Synth 8-3331] design lab3_user_logic has unconnected port S_AXI_WDATA[19]
WARNING: [Synth 8-3331] design lab3_user_logic has unconnected port S_AXI_WDATA[18]
WARNING: [Synth 8-3331] design lab3_user_logic has unconnected port S_AXI_WDATA[17]
WARNING: [Synth 8-3331] design lab3_user_logic has unconnected port S_AXI_WDATA[16]
WARNING: [Synth 8-3331] design lab3_user_logic has unconnected port S_AXI_WDATA[15]
WARNING: [Synth 8-3331] design lab3_user_logic has unconnected port S_AXI_WDATA[14]
WARNING: [Synth 8-3331] design lab3_user_logic has unconnected port S_AXI_WDATA[13]
WARNING: [Synth 8-3331] design lab3_user_logic has unconnected port S_AXI_WDATA[12]
WARNING: [Synth 8-3331] design lab3_user_logic has unconnected port S_AXI_WDATA[11]
WARNING: [Synth 8-3331] design lab3_user_logic has unconnected port S_AXI_WDATA[10]
WARNING: [Synth 8-3331] design lab3_user_logic has unconnected port S_AXI_WDATA[9]
WARNING: [Synth 8-3331] design lab3_user_logic has unconnected port S_AXI_WDATA[8]
WARNING: [Synth 8-3331] design led_ip_v1_0_S_AXI has unconnected port S_AXI_AWPROT[2]
WARNING: [Synth 8-3331] design led_ip_v1_0_S_AXI has unconnected port S_AXI_AWPROT[1]
WARNING: [Synth 8-3331] design led_ip_v1_0_S_AXI has unconnected port S_AXI_AWPROT[0]
WARNING: [Synth 8-3331] design led_ip_v1_0_S_AXI has unconnected port S_AXI_ARPROT[2]
WARNING: [Synth 8-3331] design led_ip_v1_0_S_AXI has unconnected port S_AXI_ARPROT[1]
WARNING: [Synth 8-3331] design led_ip_v1_0_S_AXI has unconnected port S_AXI_ARPROT[0]
---------------------------------------------------------------------------------
Finished RTL Elaboration : Time (s): cpu = 00:00:03 ; elapsed = 00:00:04 . Memory (MB): peak = 443.008 ; gain = 158.473
---------------------------------------------------------------------------------

Report Check Netlist: 
+------+------------------+-------+---------+-------+------------------+
|      |Item              |Errors |Warnings |Status |Description       |
+------+------------------+-------+---------+-------+------------------+
|1     |multi_driven_nets |      0|        0|Passed |Multi driven nets |
+------+------------------+-------+---------+-------+------------------+
---------------------------------------------------------------------------------
Start Handling Custom Attributes
---------------------------------------------------------------------------------
---------------------------------------------------------------------------------
Finished Handling Custom Attributes : Time (s): cpu = 00:00:03 ; elapsed = 00:00:05 . Memory (MB): peak = 443.008 ; gain = 158.473
---------------------------------------------------------------------------------
---------------------------------------------------------------------------------
Finished RTL Optimization Phase 1 : Time (s): cpu = 00:00:03 ; elapsed = 00:00:05 . Memory (MB): peak = 443.008 ; gain = 158.473
---------------------------------------------------------------------------------
INFO: [Device 21-403] Loading part xc7z020clg484-1
INFO: [Project 1-570] Preparing netlist for logic optimization

Processing XDC Constraints
Initializing timing engine
Completed Processing XDC Constraints

Netlist sorting complete. Time (s): cpu = 00:00:00 ; elapsed = 00:00:00 . Memory (MB): peak = 775.410 ; gain = 0.000
INFO: [Project 1-111] Unisim Transformation Summary:
No Unisim elements were transformed.

Netlist sorting complete. Time (s): cpu = 00:00:00 ; elapsed = 00:00:00 . Memory (MB): peak = 775.410 ; gain = 0.000
WARNING: [Constraints 18-5210] No constraints selected for write.
Resolution: This message can indicate that there are no constraints for the design, or it can indicate that the used_in flags are set such that the constraints are ignored. This later case is used when running synth_design to not write synthesis constraints to the resulting checkpoint. Instead, project constraints are read when the synthesized design is opened.
Constraint Validation Runtime : Time (s): cpu = 00:00:00 ; elapsed = 00:00:00.091 . Memory (MB): peak = 777.203 ; gain = 1.793
---------------------------------------------------------------------------------
Finished Constraint Validation : Time (s): cpu = 00:00:10 ; elapsed = 00:00:27 . Memory (MB): peak = 777.203 ; gain = 492.668
---------------------------------------------------------------------------------
---------------------------------------------------------------------------------
Start Loading Part and Timing Information
---------------------------------------------------------------------------------
Loading part: xc7z020clg484-1
---------------------------------------------------------------------------------
Finished Loading Part and Timing Information : Time (s): cpu = 00:00:10 ; elapsed = 00:00:27 . Memory (MB): peak = 777.203 ; gain = 492.668
---------------------------------------------------------------------------------
---------------------------------------------------------------------------------
Start Applying 'set_property' XDC Constraints
---------------------------------------------------------------------------------
---------------------------------------------------------------------------------
Finished applying 'set_property' XDC Constraints : Time (s): cpu = 00:00:10 ; elapsed = 00:00:27 . Memory (MB): peak = 777.203 ; gain = 492.668
---------------------------------------------------------------------------------
---------------------------------------------------------------------------------
Finished RTL Optimization Phase 2 : Time (s): cpu = 00:00:10 ; elapsed = 00:00:28 . Memory (MB): peak = 777.203 ; gain = 492.668
---------------------------------------------------------------------------------

Report RTL Partitions: 
+-+--------------+------------+----------+
| |RTL Partition |Replication |Instances |
+-+--------------+------------+----------+
+-+--------------+------------+----------+
---------------------------------------------------------------------------------
Start RTL Component Statistics 
---------------------------------------------------------------------------------
Detailed RTL Component Info : 
+---Registers : 
	               32 Bit    Registers := 5     
	                8 Bit    Registers := 1     
	                4 Bit    Registers := 2     
	                2 Bit    Registers := 2     
	                1 Bit    Registers := 6     
+---Muxes : 
	   2 Input     32 Bit        Muxes := 4     
	   4 Input     32 Bit        Muxes := 5     
	   2 Input      1 Bit        Muxes := 5     
---------------------------------------------------------------------------------
Finished RTL Component Statistics 
---------------------------------------------------------------------------------
---------------------------------------------------------------------------------
Start RTL Hierarchical Component Statistics 
---------------------------------------------------------------------------------
Hierarchical RTL Component report 
Module lab3_user_logic 
Detailed RTL Component Info : 
+---Registers : 
	                8 Bit    Registers := 1     
Module led_ip_v1_0_S_AXI 
Detailed RTL Component Info : 
+---Registers : 
	               32 Bit    Registers := 5     
	                4 Bit    Registers := 2     
	                2 Bit    Registers := 2     
	                1 Bit    Registers := 6     
+---Muxes : 
	   2 Input     32 Bit        Muxes := 4     
	   4 Input     32 Bit        Muxes := 5     
	   2 Input      1 Bit        Muxes := 5     
---------------------------------------------------------------------------------
Finished RTL Hierarchical Component Statistics
---------------------------------------------------------------------------------
---------------------------------------------------------------------------------
Start Part Resource Summary
---------------------------------------------------------------------------------
Part Resources:
DSPs: 220 (col length:60)
BRAMs: 280 (col length: RAMB18 60 RAMB36 30)
---------------------------------------------------------------------------------
Finished Part Resource Summary
---------------------------------------------------------------------------------
---------------------------------------------------------------------------------
Start Cross Boundary and Area Optimization
---------------------------------------------------------------------------------
Warning: Parallel synthesis criteria is not met 
WARNING: [Synth 8-3331] design system_led_ip_0_0 has unconnected port s_axi_awprot[2]
WARNING: [Synth 8-3331] design system_led_ip_0_0 has unconnected port s_axi_awprot[1]
WARNING: [Synth 8-3331] design system_led_ip_0_0 has unconnected port s_axi_awprot[0]
WARNING: [Synth 8-3331] design system_led_ip_0_0 has unconnected port s_axi_arprot[2]
WARNING: [Synth 8-3331] design system_led_ip_0_0 has unconnected port s_axi_arprot[1]
WARNING: [Synth 8-3331] design system_led_ip_0_0 has unconnected port s_axi_arprot[0]
INFO: [Synth 8-3886] merging instance 'inst/led_ip_v1_0_S_AXI_inst/axi_rresp_reg[0]' (FDRE) to 'inst/led_ip_v1_0_S_AXI_inst/axi_rresp_reg[1]'
INFO: [Synth 8-3333] propagating constant 0 across sequential element (\inst/led_ip_v1_0_S_AXI_inst/axi_rresp_reg[1] )
INFO: [Synth 8-3886] merging instance 'inst/led_ip_v1_0_S_AXI_inst/axi_bresp_reg[0]' (FDRE) to 'inst/led_ip_v1_0_S_AXI_inst/axi_bresp_reg[1]'
INFO: [Synth 8-3333] propagating constant 0 across sequential element (\inst/led_ip_v1_0_S_AXI_inst/axi_bresp_reg[1] )
---------------------------------------------------------------------------------
Finished Cross Boundary and Area Optimization : Time (s): cpu = 00:00:11 ; elapsed = 00:00:33 . Memory (MB): peak = 777.203 ; gain = 492.668
---------------------------------------------------------------------------------

Report RTL Partitions: 
+-+--------------+------------+----------+
| |RTL Partition |Replication |Instances |
+-+--------------+------------+----------+
+-+--------------+------------+----------+
---------------------------------------------------------------------------------
Start Applying XDC Timing Constraints
---------------------------------------------------------------------------------
---------------------------------------------------------------------------------
Finished Applying XDC Timing Constraints : Time (s): cpu = 00:00:18 ; elapsed = 00:00:40 . Memory (MB): peak = 791.883 ; gain = 507.348
---------------------------------------------------------------------------------
---------------------------------------------------------------------------------
Start Timing Optimization
---------------------------------------------------------------------------------
---------------------------------------------------------------------------------
Finished Timing Optimization : Time (s): cpu = 00:00:18 ; elapsed = 00:00:40 . Memory (MB): peak = 792.105 ; gain = 507.570
---------------------------------------------------------------------------------

Report RTL Partitions: 
+-+--------------+------------+----------+
| |RTL Partition |Replication |Instances |
+-+--------------+------------+----------+
+-+--------------+------------+----------+
---------------------------------------------------------------------------------
Start Technology Mapping
---------------------------------------------------------------------------------
---------------------------------------------------------------------------------
Finished Technology Mapping : Time (s): cpu = 00:00:18 ; elapsed = 00:00:40 . Memory (MB): peak = 803.363 ; gain = 518.828
---------------------------------------------------------------------------------

Report RTL Partitions: 
+-+--------------+------------+----------+
| |RTL Partition |Replication |Instances |
+-+--------------+------------+----------+
+-+--------------+------------+----------+
---------------------------------------------------------------------------------
Start IO Insertion
---------------------------------------------------------------------------------
---------------------------------------------------------------------------------
Start Flattening Before IO Insertion
---------------------------------------------------------------------------------
---------------------------------------------------------------------------------
Finished Flattening Before IO Insertion
---------------------------------------------------------------------------------
---------------------------------------------------------------------------------
Start Final Netlist Cleanup
---------------------------------------------------------------------------------
---------------------------------------------------------------------------------
Finished Final Netlist Cleanup
---------------------------------------------------------------------------------
---------------------------------------------------------------------------------
Finished IO Insertion : Time (s): cpu = 00:00:19 ; elapsed = 00:00:41 . Memory (MB): peak = 803.363 ; gain = 518.828
---------------------------------------------------------------------------------

Report Check Netlist: 
+------+------------------+-------+---------+-------+------------------+
|      |Item              |Errors |Warnings |Status |Description       |
+------+------------------+-------+---------+-------+------------------+
|1     |multi_driven_nets |      0|        0|Passed |Multi driven nets |
+------+------------------+-------+---------+-------+------------------+
---------------------------------------------------------------------------------
Start Renaming Generated Instances
---------------------------------------------------------------------------------
---------------------------------------------------------------------------------
Finished Renaming Generated Instances : Time (s): cpu = 00:00:19 ; elapsed = 00:00:41 . Memory (MB): peak = 803.363 ; gain = 518.828
---------------------------------------------------------------------------------

Report RTL Partitions: 
+-+--------------+------------+----------+
| |RTL Partition |Replication |Instances |
+-+--------------+------------+----------+
+-+--------------+------------+----------+
---------------------------------------------------------------------------------
Start Rebuilding User Hierarchy
---------------------------------------------------------------------------------
---------------------------------------------------------------------------------
Finished Rebuilding User Hierarchy : Time (s): cpu = 00:00:19 ; elapsed = 00:00:41 . Memory (MB): peak = 803.363 ; gain = 518.828
---------------------------------------------------------------------------------
---------------------------------------------------------------------------------
Start Renaming Generated Ports
---------------------------------------------------------------------------------
---------------------------------------------------------------------------------
Finished Renaming Generated Ports : Time (s): cpu = 00:00:19 ; elapsed = 00:00:41 . Memory (MB): peak = 803.363 ; gain = 518.828
---------------------------------------------------------------------------------
---------------------------------------------------------------------------------
Start Handling Custom Attributes
---------------------------------------------------------------------------------
---------------------------------------------------------------------------------
Finished Handling Custom Attributes : Time (s): cpu = 00:00:19 ; elapsed = 00:00:41 . Memory (MB): peak = 803.363 ; gain = 518.828
---------------------------------------------------------------------------------
---------------------------------------------------------------------------------
Start Renaming Generated Nets
---------------------------------------------------------------------------------
---------------------------------------------------------------------------------
Finished Renaming Generated Nets : Time (s): cpu = 00:00:19 ; elapsed = 00:00:41 . Memory (MB): peak = 803.363 ; gain = 518.828
---------------------------------------------------------------------------------
---------------------------------------------------------------------------------
Start Writing Synthesis Report
---------------------------------------------------------------------------------

Report BlackBoxes: 
+-+--------------+----------+
| |BlackBox name |Instances |
+-+--------------+----------+
+-+--------------+----------+

Report Cell Usage: 
+------+-----+------+
|      |Cell |Count |
+------+-----+------+
|1     |LUT1 |     1|
|2     |LUT2 |     1|
|3     |LUT3 |     1|
|4     |LUT4 |    22|
|5     |LUT6 |    37|
|6     |FDRE |   177|
|7     |FDSE |     1|
+------+-----+------+

Report Instance Areas: 
+------+---------------------------+------------------+------+
|      |Instance                   |Module            |Cells |
+------+---------------------------+------------------+------+
|1     |top                        |                  |   240|
|2     |  inst                     |led_ip_v1_0       |   240|
|3     |    led_ip_v1_0_S_AXI_inst |led_ip_v1_0_S_AXI |   240|
|4     |      U1                   |lab3_user_logic   |    10|
+------+---------------------------+------------------+------+
---------------------------------------------------------------------------------
Finished Writing Synthesis Report : Time (s): cpu = 00:00:19 ; elapsed = 00:00:41 . Memory (MB): peak = 803.363 ; gain = 518.828
---------------------------------------------------------------------------------
Synthesis finished with 0 errors, 0 critical warnings and 6 warnings.
Synthesis Optimization Runtime : Time (s): cpu = 00:00:11 ; elapsed = 00:00:22 . Memory (MB): peak = 803.363 ; gain = 184.633
Synthesis Optimization Complete : Time (s): cpu = 00:00:19 ; elapsed = 00:00:41 . Memory (MB): peak = 803.363 ; gain = 518.828
INFO: [Project 1-571] Translating synthesized netlist
INFO: [Project 1-570] Preparing netlist for logic optimization
INFO: [Opt 31-138] Pushed 0 inverter(s) to 0 load pin(s).
Netlist sorting complete. Time (s): cpu = 00:00:00 ; elapsed = 00:00:00 . Memory (MB): peak = 817.469 ; gain = 0.000
INFO: [Project 1-111] Unisim Transformation Summary:
No Unisim elements were transformed.

INFO: [Common 17-83] Releasing license: Synthesis
26 Infos, 37 Warnings, 0 Critical Warnings and 0 Errors encountered.
synth_design completed successfully
synth_design: Time (s): cpu = 00:00:21 ; elapsed = 00:00:46 . Memory (MB): peak = 817.469 ; gain = 537.832
Netlist sorting complete. Time (s): cpu = 00:00:00 ; elapsed = 00:00:00 . Memory (MB): peak = 817.469 ; gain = 0.000
WARNING: [Constraints 18-5210] No constraints selected for write.
Resolution: This message can indicate that there are no constraints for the design, or it can indicate that the used_in flags are set such that the constraints are ignored. This later case is used when running synth_design to not write synthesis constraints to the resulting checkpoint. Instead, project constraints are read when the synthesized design is opened.
INFO: [Common 17-1381] The checkpoint 'E:/CAB/LAB_3/lab3/lab3.runs/system_led_ip_0_0_synth_1/system_led_ip_0_0.dcp' has been generated.
INFO: [Coretcl 2-1648] Added synthesis output to IP cache for IP system_led_ip_0_0, cache-ID = 3a956d4a79423c0a
INFO: [Coretcl 2-1174] Renamed 3 cell refs.
Netlist sorting complete. Time (s): cpu = 00:00:00 ; elapsed = 00:00:00 . Memory (MB): peak = 817.469 ; gain = 0.000
WARNING: [Constraints 18-5210] No constraints selected for write.
Resolution: This message can indicate that there are no constraints for the design, or it can indicate that the used_in flags are set such that the constraints are ignored. This later case is used when running synth_design to not write synthesis constraints to the resulting checkpoint. Instead, project constraints are read when the synthesized design is opened.
INFO: [Common 17-1381] The checkpoint 'E:/CAB/LAB_3/lab3/lab3.runs/system_led_ip_0_0_synth_1/system_led_ip_0_0.dcp' has been generated.
INFO: [runtcl-4] Executing : report_utilization -file system_led_ip_0_0_utilization_synth.rpt -pb system_led_ip_0_0_utilization_synth.pb
INFO: [Common 17-206] Exiting Vivado at Fri Mar 21 15:46:53 2025...
