Copyright 1986-2022 Xilinx, Inc. All Rights Reserved.
---------------------------------------------------------------------------------------------------------------------------------------------------------------------------
| Tool Version : Vivado v.2022.2 (lin64) Build 3671981 Fri Oct 14 04:59:54 MDT 2022
| Date         : Tue Apr 29 17:45:07 2025
| Host         : asictools running 64-bit unknown
| Command      : report_drc -file neorv32_ProcessorTop_Minimal_drc_opted.rpt -pb neorv32_ProcessorTop_Minimal_drc_opted.pb -rpx neorv32_ProcessorTop_Minimal_drc_opted.rpx
| Design       : neorv32_ProcessorTop_Minimal
| Device       : xc7z020clg484-1
| Speed File   : -1
| Design State : Synthesized
---------------------------------------------------------------------------------------------------------------------------------------------------------------------------

Report DRC

Table of Contents
-----------------
1. REPORT SUMMARY
2. REPORT DETAILS

1. REPORT SUMMARY
-----------------
            Netlist: netlist
          Floorplan: design_1
      Design limits: <entire design considered>
           Ruledeck: default
             Max violations: <unlimited>
             Violations found: 22
+-----------+----------+----------------------------+------------+
| Rule      | Severity | Description                | Violations |
+-----------+----------+----------------------------+------------+
| CHECK-3   | Warning  | Report rule limit reached  | 1          |
| REQP-1839 | Warning  | RAMB36 async control check | 20         |
| ZPS7-1    | Warning  | PS7 block required         | 1          |
+-----------+----------+----------------------------+------------+

2. REPORT DETAILS
-----------------
CHECK-3#1 Warning
Report rule limit reached  
REQP-1839 rule limit reached: 20 violations have been found.
Related violations: <none>

REQP-1839#1 Warning
RAMB36 async control check  
The RAMB36E1 neorv32_inst/core_complex_gen[0].neorv32_cpu_inst/neorv32_cpu_regfile_inst/register_file_fpga.reg_file_reg has an input control pin neorv32_inst/core_complex_gen[0].neorv32_cpu_inst/neorv32_cpu_regfile_inst/register_file_fpga.reg_file_reg/ADDRARDADDR[8] (net: neorv32_inst/core_complex_gen[0].neorv32_cpu_inst/neorv32_cpu_regfile_inst/ADDRARDADDR[3]) which is driven by a register (neorv32_inst/core_complex_gen[0].neorv32_cpu_inst/neorv32_cpu_control_inst/ctrl_reg[rf_wb_en]) that has an active asychronous set or reset. This may cause corruption of the memory contents and/or read values when the set/reset is asserted and is not analyzed by the default static timing analysis. It is suggested to eliminate the use of a set/reset to registers driving this RAMB pin or else use a synchronous reset in which the assertion of the reset is timed by default.
Related violations: <none>

REQP-1839#2 Warning
RAMB36 async control check  
The RAMB36E1 neorv32_inst/core_complex_gen[0].neorv32_cpu_inst/neorv32_cpu_regfile_inst/register_file_fpga.reg_file_reg has an input control pin neorv32_inst/core_complex_gen[0].neorv32_cpu_inst/neorv32_cpu_regfile_inst/register_file_fpga.reg_file_reg/ADDRARDADDR[8] (net: neorv32_inst/core_complex_gen[0].neorv32_cpu_inst/neorv32_cpu_regfile_inst/ADDRARDADDR[3]) which is driven by a register (neorv32_inst/core_complex_gen[0].neorv32_cpu_inst/neorv32_cpu_control_inst/ctrl_reg[rf_zero_we]) that has an active asychronous set or reset. This may cause corruption of the memory contents and/or read values when the set/reset is asserted and is not analyzed by the default static timing analysis. It is suggested to eliminate the use of a set/reset to registers driving this RAMB pin or else use a synchronous reset in which the assertion of the reset is timed by default.
Related violations: <none>

REQP-1839#3 Warning
RAMB36 async control check  
The RAMB36E1 neorv32_inst/core_complex_gen[0].neorv32_cpu_inst/neorv32_cpu_regfile_inst/register_file_fpga.reg_file_reg has an input control pin neorv32_inst/core_complex_gen[0].neorv32_cpu_inst/neorv32_cpu_regfile_inst/register_file_fpga.reg_file_reg/ADDRARDADDR[8] (net: neorv32_inst/core_complex_gen[0].neorv32_cpu_inst/neorv32_cpu_regfile_inst/ADDRARDADDR[3]) which is driven by a register (neorv32_inst/core_complex_gen[0].neorv32_cpu_inst/neorv32_cpu_control_inst/exe_engine_reg[ir][10]) that has an active asychronous set or reset. This may cause corruption of the memory contents and/or read values when the set/reset is asserted and is not analyzed by the default static timing analysis. It is suggested to eliminate the use of a set/reset to registers driving this RAMB pin or else use a synchronous reset in which the assertion of the reset is timed by default.
Related violations: <none>

REQP-1839#4 Warning
RAMB36 async control check  
The RAMB36E1 neorv32_inst/core_complex_gen[0].neorv32_cpu_inst/neorv32_cpu_regfile_inst/register_file_fpga.reg_file_reg has an input control pin neorv32_inst/core_complex_gen[0].neorv32_cpu_inst/neorv32_cpu_regfile_inst/register_file_fpga.reg_file_reg/ADDRARDADDR[8] (net: neorv32_inst/core_complex_gen[0].neorv32_cpu_inst/neorv32_cpu_regfile_inst/ADDRARDADDR[3]) which is driven by a register (neorv32_inst/core_complex_gen[0].neorv32_cpu_inst/neorv32_cpu_control_inst/trap_ctrl_reg[exc_buf][2]) that has an active asychronous set or reset. This may cause corruption of the memory contents and/or read values when the set/reset is asserted and is not analyzed by the default static timing analysis. It is suggested to eliminate the use of a set/reset to registers driving this RAMB pin or else use a synchronous reset in which the assertion of the reset is timed by default.
Related violations: <none>

REQP-1839#5 Warning
RAMB36 async control check  
The RAMB36E1 neorv32_inst/core_complex_gen[0].neorv32_cpu_inst/neorv32_cpu_regfile_inst/register_file_fpga.reg_file_reg has an input control pin neorv32_inst/core_complex_gen[0].neorv32_cpu_inst/neorv32_cpu_regfile_inst/register_file_fpga.reg_file_reg/ADDRARDADDR[8] (net: neorv32_inst/core_complex_gen[0].neorv32_cpu_inst/neorv32_cpu_regfile_inst/ADDRARDADDR[3]) which is driven by a register (neorv32_inst/core_complex_gen[0].neorv32_cpu_inst/neorv32_cpu_control_inst/trap_ctrl_reg[exc_buf][3]) that has an active asychronous set or reset. This may cause corruption of the memory contents and/or read values when the set/reset is asserted and is not analyzed by the default static timing analysis. It is suggested to eliminate the use of a set/reset to registers driving this RAMB pin or else use a synchronous reset in which the assertion of the reset is timed by default.
Related violations: <none>

REQP-1839#6 Warning
RAMB36 async control check  
The RAMB36E1 neorv32_inst/core_complex_gen[0].neorv32_cpu_inst/neorv32_cpu_regfile_inst/register_file_fpga.reg_file_reg has an input control pin neorv32_inst/core_complex_gen[0].neorv32_cpu_inst/neorv32_cpu_regfile_inst/register_file_fpga.reg_file_reg/ADDRARDADDR[8] (net: neorv32_inst/core_complex_gen[0].neorv32_cpu_inst/neorv32_cpu_regfile_inst/ADDRARDADDR[3]) which is driven by a register (neorv32_inst/core_complex_gen[0].neorv32_cpu_inst/neorv32_cpu_control_inst/trap_ctrl_reg[exc_buf][5]) that has an active asychronous set or reset. This may cause corruption of the memory contents and/or read values when the set/reset is asserted and is not analyzed by the default static timing analysis. It is suggested to eliminate the use of a set/reset to registers driving this RAMB pin or else use a synchronous reset in which the assertion of the reset is timed by default.
Related violations: <none>

REQP-1839#7 Warning
RAMB36 async control check  
The RAMB36E1 neorv32_inst/core_complex_gen[0].neorv32_cpu_inst/neorv32_cpu_regfile_inst/register_file_fpga.reg_file_reg has an input control pin neorv32_inst/core_complex_gen[0].neorv32_cpu_inst/neorv32_cpu_regfile_inst/register_file_fpga.reg_file_reg/ADDRARDADDR[8] (net: neorv32_inst/core_complex_gen[0].neorv32_cpu_inst/neorv32_cpu_regfile_inst/ADDRARDADDR[3]) which is driven by a register (neorv32_inst/core_complex_gen[0].neorv32_cpu_inst/neorv32_cpu_control_inst/trap_ctrl_reg[exc_buf][7]) that has an active asychronous set or reset. This may cause corruption of the memory contents and/or read values when the set/reset is asserted and is not analyzed by the default static timing analysis. It is suggested to eliminate the use of a set/reset to registers driving this RAMB pin or else use a synchronous reset in which the assertion of the reset is timed by default.
Related violations: <none>

REQP-1839#8 Warning
RAMB36 async control check  
The RAMB36E1 neorv32_inst/core_complex_gen[0].neorv32_cpu_inst/neorv32_cpu_regfile_inst/register_file_fpga.reg_file_reg has an input control pin neorv32_inst/core_complex_gen[0].neorv32_cpu_inst/neorv32_cpu_regfile_inst/register_file_fpga.reg_file_reg/ADDRARDADDR[9] (net: neorv32_inst/core_complex_gen[0].neorv32_cpu_inst/neorv32_cpu_regfile_inst/ADDRARDADDR[4]) which is driven by a register (neorv32_inst/core_complex_gen[0].neorv32_cpu_inst/neorv32_cpu_control_inst/ctrl_reg[rf_wb_en]) that has an active asychronous set or reset. This may cause corruption of the memory contents and/or read values when the set/reset is asserted and is not analyzed by the default static timing analysis. It is suggested to eliminate the use of a set/reset to registers driving this RAMB pin or else use a synchronous reset in which the assertion of the reset is timed by default.
Related violations: <none>

REQP-1839#9 Warning
RAMB36 async control check  
The RAMB36E1 neorv32_inst/core_complex_gen[0].neorv32_cpu_inst/neorv32_cpu_regfile_inst/register_file_fpga.reg_file_reg has an input control pin neorv32_inst/core_complex_gen[0].neorv32_cpu_inst/neorv32_cpu_regfile_inst/register_file_fpga.reg_file_reg/ADDRARDADDR[9] (net: neorv32_inst/core_complex_gen[0].neorv32_cpu_inst/neorv32_cpu_regfile_inst/ADDRARDADDR[4]) which is driven by a register (neorv32_inst/core_complex_gen[0].neorv32_cpu_inst/neorv32_cpu_control_inst/ctrl_reg[rf_zero_we]) that has an active asychronous set or reset. This may cause corruption of the memory contents and/or read values when the set/reset is asserted and is not analyzed by the default static timing analysis. It is suggested to eliminate the use of a set/reset to registers driving this RAMB pin or else use a synchronous reset in which the assertion of the reset is timed by default.
Related violations: <none>

REQP-1839#10 Warning
RAMB36 async control check  
The RAMB36E1 neorv32_inst/core_complex_gen[0].neorv32_cpu_inst/neorv32_cpu_regfile_inst/register_file_fpga.reg_file_reg has an input control pin neorv32_inst/core_complex_gen[0].neorv32_cpu_inst/neorv32_cpu_regfile_inst/register_file_fpga.reg_file_reg/ADDRARDADDR[9] (net: neorv32_inst/core_complex_gen[0].neorv32_cpu_inst/neorv32_cpu_regfile_inst/ADDRARDADDR[4]) which is driven by a register (neorv32_inst/core_complex_gen[0].neorv32_cpu_inst/neorv32_cpu_control_inst/exe_engine_reg[ir][11]) that has an active asychronous set or reset. This may cause corruption of the memory contents and/or read values when the set/reset is asserted and is not analyzed by the default static timing analysis. It is suggested to eliminate the use of a set/reset to registers driving this RAMB pin or else use a synchronous reset in which the assertion of the reset is timed by default.
Related violations: <none>

REQP-1839#11 Warning
RAMB36 async control check  
The RAMB36E1 neorv32_inst/core_complex_gen[0].neorv32_cpu_inst/neorv32_cpu_regfile_inst/register_file_fpga.reg_file_reg has an input control pin neorv32_inst/core_complex_gen[0].neorv32_cpu_inst/neorv32_cpu_regfile_inst/register_file_fpga.reg_file_reg/ADDRARDADDR[9] (net: neorv32_inst/core_complex_gen[0].neorv32_cpu_inst/neorv32_cpu_regfile_inst/ADDRARDADDR[4]) which is driven by a register (neorv32_inst/core_complex_gen[0].neorv32_cpu_inst/neorv32_cpu_control_inst/exe_engine_reg[ir][19]) that has an active asychronous set or reset. This may cause corruption of the memory contents and/or read values when the set/reset is asserted and is not analyzed by the default static timing analysis. It is suggested to eliminate the use of a set/reset to registers driving this RAMB pin or else use a synchronous reset in which the assertion of the reset is timed by default.
Related violations: <none>

REQP-1839#12 Warning
RAMB36 async control check  
The RAMB36E1 neorv32_inst/core_complex_gen[0].neorv32_cpu_inst/neorv32_cpu_regfile_inst/register_file_fpga.reg_file_reg has an input control pin neorv32_inst/core_complex_gen[0].neorv32_cpu_inst/neorv32_cpu_regfile_inst/register_file_fpga.reg_file_reg/ADDRARDADDR[9] (net: neorv32_inst/core_complex_gen[0].neorv32_cpu_inst/neorv32_cpu_regfile_inst/ADDRARDADDR[4]) which is driven by a register (neorv32_inst/core_complex_gen[0].neorv32_cpu_inst/neorv32_cpu_control_inst/trap_ctrl_reg[exc_buf][0]) that has an active asychronous set or reset. This may cause corruption of the memory contents and/or read values when the set/reset is asserted and is not analyzed by the default static timing analysis. It is suggested to eliminate the use of a set/reset to registers driving this RAMB pin or else use a synchronous reset in which the assertion of the reset is timed by default.
Related violations: <none>

REQP-1839#13 Warning
RAMB36 async control check  
The RAMB36E1 neorv32_inst/core_complex_gen[0].neorv32_cpu_inst/neorv32_cpu_regfile_inst/register_file_fpga.reg_file_reg has an input control pin neorv32_inst/core_complex_gen[0].neorv32_cpu_inst/neorv32_cpu_regfile_inst/register_file_fpga.reg_file_reg/ADDRARDADDR[9] (net: neorv32_inst/core_complex_gen[0].neorv32_cpu_inst/neorv32_cpu_regfile_inst/ADDRARDADDR[4]) which is driven by a register (neorv32_inst/core_complex_gen[0].neorv32_cpu_inst/neorv32_cpu_control_inst/trap_ctrl_reg[exc_buf][1]) that has an active asychronous set or reset. This may cause corruption of the memory contents and/or read values when the set/reset is asserted and is not analyzed by the default static timing analysis. It is suggested to eliminate the use of a set/reset to registers driving this RAMB pin or else use a synchronous reset in which the assertion of the reset is timed by default.
Related violations: <none>

REQP-1839#14 Warning
RAMB36 async control check  
The RAMB36E1 neorv32_inst/core_complex_gen[0].neorv32_cpu_inst/neorv32_cpu_regfile_inst/register_file_fpga.reg_file_reg has an input control pin neorv32_inst/core_complex_gen[0].neorv32_cpu_inst/neorv32_cpu_regfile_inst/register_file_fpga.reg_file_reg/ADDRARDADDR[9] (net: neorv32_inst/core_complex_gen[0].neorv32_cpu_inst/neorv32_cpu_regfile_inst/ADDRARDADDR[4]) which is driven by a register (neorv32_inst/core_complex_gen[0].neorv32_cpu_inst/neorv32_cpu_control_inst/trap_ctrl_reg[exc_buf][2]) that has an active asychronous set or reset. This may cause corruption of the memory contents and/or read values when the set/reset is asserted and is not analyzed by the default static timing analysis. It is suggested to eliminate the use of a set/reset to registers driving this RAMB pin or else use a synchronous reset in which the assertion of the reset is timed by default.
Related violations: <none>

REQP-1839#15 Warning
RAMB36 async control check  
The RAMB36E1 neorv32_inst/core_complex_gen[0].neorv32_cpu_inst/neorv32_cpu_regfile_inst/register_file_fpga.reg_file_reg has an input control pin neorv32_inst/core_complex_gen[0].neorv32_cpu_inst/neorv32_cpu_regfile_inst/register_file_fpga.reg_file_reg/ADDRARDADDR[9] (net: neorv32_inst/core_complex_gen[0].neorv32_cpu_inst/neorv32_cpu_regfile_inst/ADDRARDADDR[4]) which is driven by a register (neorv32_inst/core_complex_gen[0].neorv32_cpu_inst/neorv32_cpu_control_inst/trap_ctrl_reg[exc_buf][3]) that has an active asychronous set or reset. This may cause corruption of the memory contents and/or read values when the set/reset is asserted and is not analyzed by the default static timing analysis. It is suggested to eliminate the use of a set/reset to registers driving this RAMB pin or else use a synchronous reset in which the assertion of the reset is timed by default.
Related violations: <none>

REQP-1839#16 Warning
RAMB36 async control check  
The RAMB36E1 neorv32_inst/core_complex_gen[0].neorv32_cpu_inst/neorv32_cpu_regfile_inst/register_file_fpga.reg_file_reg has an input control pin neorv32_inst/core_complex_gen[0].neorv32_cpu_inst/neorv32_cpu_regfile_inst/register_file_fpga.reg_file_reg/ADDRARDADDR[9] (net: neorv32_inst/core_complex_gen[0].neorv32_cpu_inst/neorv32_cpu_regfile_inst/ADDRARDADDR[4]) which is driven by a register (neorv32_inst/core_complex_gen[0].neorv32_cpu_inst/neorv32_cpu_control_inst/trap_ctrl_reg[exc_buf][4]) that has an active asychronous set or reset. This may cause corruption of the memory contents and/or read values when the set/reset is asserted and is not analyzed by the default static timing analysis. It is suggested to eliminate the use of a set/reset to registers driving this RAMB pin or else use a synchronous reset in which the assertion of the reset is timed by default.
Related violations: <none>

REQP-1839#17 Warning
RAMB36 async control check  
The RAMB36E1 neorv32_inst/core_complex_gen[0].neorv32_cpu_inst/neorv32_cpu_regfile_inst/register_file_fpga.reg_file_reg has an input control pin neorv32_inst/core_complex_gen[0].neorv32_cpu_inst/neorv32_cpu_regfile_inst/register_file_fpga.reg_file_reg/ADDRARDADDR[9] (net: neorv32_inst/core_complex_gen[0].neorv32_cpu_inst/neorv32_cpu_regfile_inst/ADDRARDADDR[4]) which is driven by a register (neorv32_inst/core_complex_gen[0].neorv32_cpu_inst/neorv32_cpu_control_inst/trap_ctrl_reg[exc_buf][5]) that has an active asychronous set or reset. This may cause corruption of the memory contents and/or read values when the set/reset is asserted and is not analyzed by the default static timing analysis. It is suggested to eliminate the use of a set/reset to registers driving this RAMB pin or else use a synchronous reset in which the assertion of the reset is timed by default.
Related violations: <none>

REQP-1839#18 Warning
RAMB36 async control check  
The RAMB36E1 neorv32_inst/core_complex_gen[0].neorv32_cpu_inst/neorv32_cpu_regfile_inst/register_file_fpga.reg_file_reg has an input control pin neorv32_inst/core_complex_gen[0].neorv32_cpu_inst/neorv32_cpu_regfile_inst/register_file_fpga.reg_file_reg/ADDRARDADDR[9] (net: neorv32_inst/core_complex_gen[0].neorv32_cpu_inst/neorv32_cpu_regfile_inst/ADDRARDADDR[4]) which is driven by a register (neorv32_inst/core_complex_gen[0].neorv32_cpu_inst/neorv32_cpu_control_inst/trap_ctrl_reg[exc_buf][6]) that has an active asychronous set or reset. This may cause corruption of the memory contents and/or read values when the set/reset is asserted and is not analyzed by the default static timing analysis. It is suggested to eliminate the use of a set/reset to registers driving this RAMB pin or else use a synchronous reset in which the assertion of the reset is timed by default.
Related violations: <none>

REQP-1839#19 Warning
RAMB36 async control check  
The RAMB36E1 neorv32_inst/core_complex_gen[0].neorv32_cpu_inst/neorv32_cpu_regfile_inst/register_file_fpga.reg_file_reg has an input control pin neorv32_inst/core_complex_gen[0].neorv32_cpu_inst/neorv32_cpu_regfile_inst/register_file_fpga.reg_file_reg/ADDRARDADDR[9] (net: neorv32_inst/core_complex_gen[0].neorv32_cpu_inst/neorv32_cpu_regfile_inst/ADDRARDADDR[4]) which is driven by a register (neorv32_inst/core_complex_gen[0].neorv32_cpu_inst/neorv32_cpu_control_inst/trap_ctrl_reg[exc_buf][7]) that has an active asychronous set or reset. This may cause corruption of the memory contents and/or read values when the set/reset is asserted and is not analyzed by the default static timing analysis. It is suggested to eliminate the use of a set/reset to registers driving this RAMB pin or else use a synchronous reset in which the assertion of the reset is timed by default.
Related violations: <none>

REQP-1839#20 Warning
RAMB36 async control check  
The RAMB36E1 neorv32_inst/core_complex_gen[0].neorv32_cpu_inst/neorv32_cpu_regfile_inst/register_file_fpga.reg_file_reg has an input control pin neorv32_inst/core_complex_gen[0].neorv32_cpu_inst/neorv32_cpu_regfile_inst/register_file_fpga.reg_file_reg/ADDRARDADDR[9] (net: neorv32_inst/core_complex_gen[0].neorv32_cpu_inst/neorv32_cpu_regfile_inst/ADDRARDADDR[4]) which is driven by a register (neorv32_inst/core_complex_gen[0].neorv32_cpu_inst/neorv32_cpu_control_inst/trap_ctrl_reg[exc_buf][8]) that has an active asychronous set or reset. This may cause corruption of the memory contents and/or read values when the set/reset is asserted and is not analyzed by the default static timing analysis. It is suggested to eliminate the use of a set/reset to registers driving this RAMB pin or else use a synchronous reset in which the assertion of the reset is timed by default.
Related violations: <none>

ZPS7-1#1 Warning
PS7 block required  
The PS7 cell must be used in this Zynq design in order to enable correct default configuration.
Related violations: <none>


