Copyright 1986-2022 Xilinx, Inc. All Rights Reserved.
----------------------------------------------------------------------------------------------------------------------------------------------------------------------------------------------------------
| Tool Version     : Vivado v.2022.2 (lin64) Build 3671981 Fri Oct 14 04:59:54 MDT 2022
| Date             : Tue Apr 29 17:45:23 2025
| Host             : asictools running 64-bit unknown
| Command          : report_power -file neorv32_ProcessorTop_Minimal_power_routed.rpt -pb neorv32_ProcessorTop_Minimal_power_summary_routed.pb -rpx neorv32_ProcessorTop_Minimal_power_routed.rpx
| Design           : neorv32_ProcessorTop_Minimal
| Device           : xc7z020clg484-1
| Design State     : routed
| Grade            : commercial
| Process          : typical
| Characterization : Production
----------------------------------------------------------------------------------------------------------------------------------------------------------------------------------------------------------

Power Report

Table of Contents
-----------------
1. Summary
1.1 On-Chip Components
1.2 Power Supply Summary
1.3 Confidence Level
2. Settings
2.1 Environment
2.2 Clock Constraints
3. Detailed Reports
3.1 By Hierarchy

1. Summary
----------

+--------------------------+----------------------------------+
| Total On-Chip Power (W)  | 11.811 (Junction temp exceeded!) |
| Design Power Budget (W)  | Unspecified*                     |
| Power Budget Margin (W)  | NA                               |
| Dynamic (W)              | 10.737                           |
| Device Static (W)        | 1.074                            |
| Effective TJA (C/W)      | 11.5                             |
| Max Ambient (C)          | 0.0                              |
| Junction Temperature (C) | 125.0                            |
| Confidence Level         | Low                              |
| Setting File             | ---                              |
| Simulation Activity File | ---                              |
| Design Nets Matched      | NA                               |
+--------------------------+----------------------------------+
* Specify Design Power Budget using, set_operating_conditions -design_power_budget <value in Watts>


1.1 On-Chip Components
----------------------

+--------------------------+-----------+----------+-----------+-----------------+
| On-Chip                  | Power (W) | Used     | Available | Utilization (%) |
+--------------------------+-----------+----------+-----------+-----------------+
| Slice Logic              |     3.603 |     3451 |       --- |             --- |
|   LUT as Logic           |     3.272 |     1561 |     53200 |            2.93 |
|   CARRY4                 |     0.193 |      112 |     13300 |            0.84 |
|   Register               |     0.127 |     1349 |    106400 |            1.27 |
|   BUFG                   |     0.006 |        1 |        32 |            3.13 |
|   F7/F8 Muxes            |     0.002 |        4 |     53200 |           <0.01 |
|   LUT as Distributed RAM |     0.002 |       24 |     17400 |            0.14 |
|   Others                 |     0.000 |       49 |       --- |             --- |
| Signals                  |     4.553 |     2529 |       --- |             --- |
| Block RAM                |     2.553 |       19 |       140 |           13.57 |
| I/O                      |     0.028 |        7 |       200 |            3.50 |
| Static Power             |     1.074 |          |           |                 |
| Total                    |    11.811 |          |           |                 |
+--------------------------+-----------+----------+-----------+-----------------+


1.2 Power Supply Summary
------------------------

+-----------+-------------+-----------+-------------+------------+-------------+-------------+------------+
| Source    | Voltage (V) | Total (A) | Dynamic (A) | Static (A) | Powerup (A) | Budget (A)  | Margin (A) |
+-----------+-------------+-----------+-------------+------------+-------------+-------------+------------+
| Vccint    |       1.000 |    10.814 |      10.504 |      0.310 |       NA    | Unspecified | NA         |
| Vccaux    |       1.800 |     0.101 |       0.001 |      0.100 |       NA    | Unspecified | NA         |
| Vcco33    |       3.300 |     0.007 |       0.006 |      0.001 |       NA    | Unspecified | NA         |
| Vcco25    |       2.500 |     0.000 |       0.000 |      0.000 |       NA    | Unspecified | NA         |
| Vcco18    |       1.800 |     0.000 |       0.000 |      0.000 |       NA    | Unspecified | NA         |
| Vcco15    |       1.500 |     0.000 |       0.000 |      0.000 |       NA    | Unspecified | NA         |
| Vcco135   |       1.350 |     0.000 |       0.000 |      0.000 |       NA    | Unspecified | NA         |
| Vcco12    |       1.200 |     0.000 |       0.000 |      0.000 |       NA    | Unspecified | NA         |
| Vccaux_io |       1.800 |     0.000 |       0.000 |      0.000 |       NA    | Unspecified | NA         |
| Vccbram   |       1.000 |     0.260 |       0.213 |      0.048 |       NA    | Unspecified | NA         |
| MGTAVcc   |       1.000 |     0.000 |       0.000 |      0.000 |       NA    | Unspecified | NA         |
| MGTAVtt   |       1.200 |     0.000 |       0.000 |      0.000 |       NA    | Unspecified | NA         |
| MGTVccaux |       1.800 |     0.000 |       0.000 |      0.000 |       NA    | Unspecified | NA         |
| Vccpint   |       1.000 |     0.473 |       0.000 |      0.473 |       NA    | Unspecified | NA         |
| Vccpaux   |       1.800 |     0.010 |       0.000 |      0.010 |       NA    | Unspecified | NA         |
| Vccpll    |       1.800 |     0.003 |       0.000 |      0.003 |       NA    | Unspecified | NA         |
| Vcco_ddr  |       1.500 |     0.000 |       0.000 |      0.000 |       NA    | Unspecified | NA         |
| Vcco_mio0 |       1.800 |     0.000 |       0.000 |      0.000 |       NA    | Unspecified | NA         |
| Vcco_mio1 |       1.800 |     0.000 |       0.000 |      0.000 |       NA    | Unspecified | NA         |
| Vccadc    |       1.800 |     0.020 |       0.000 |      0.020 |       NA    | Unspecified | NA         |
+-----------+-------------+-----------+-------------+------------+-------------+-------------+------------+


1.3 Confidence Level
--------------------

+-----------------------------+------------+--------------------------------------------------------+--------------------------------------------------------------------------------------------------------------------+
| User Input Data             | Confidence | Details                                                | Action                                                                                                             |
+-----------------------------+------------+--------------------------------------------------------+--------------------------------------------------------------------------------------------------------------------+
| Design implementation state | High       | Design is routed                                       |                                                                                                                    |
| Clock nodes activity        | Low        | User specified less than 75% of clocks                 | Provide missing clock activity with a constraint file, simulation results or by editing the "By Clock Domain" view |
| I/O nodes activity          | Low        | More than 75% of inputs are missing user specification | Provide missing input activity with simulation results or by editing the "By Resource Type -> I/Os" view           |
| Internal nodes activity     | Medium     | User specified less than 25% of internal nodes         | Provide missing internal nodes activity with simulation results or by editing the "By Resource Type" views         |
| Device models               | High       | Device models are Production                           |                                                                                                                    |
|                             |            |                                                        |                                                                                                                    |
| Overall confidence level    | Low        |                                                        |                                                                                                                    |
+-----------------------------+------------+--------------------------------------------------------+--------------------------------------------------------------------------------------------------------------------+


2. Settings
-----------

2.1 Environment
---------------

+-----------------------+------------------------+
| Ambient Temp (C)      | 25.0                   |
| ThetaJA (C/W)         | 11.5                   |
| Airflow (LFM)         | 250                    |
| Heat Sink             | none                   |
| ThetaSA (C/W)         | 0.0                    |
| Board Selection       | medium (10"x10")       |
| # of Board Layers     | 8to11 (8 to 11 Layers) |
| Board Temperature (C) | 25.0                   |
+-----------------------+------------------------+


2.2 Clock Constraints
---------------------

+-------+--------+-----------------+
| Clock | Domain | Constraint (ns) |
+-------+--------+-----------------+


3. Detailed Reports
-------------------

3.1 By Hierarchy
----------------

+------------------------------------------------------------------+-----------+
| Name                                                             | Power (W) |
+------------------------------------------------------------------+-----------+
| neorv32_ProcessorTop_Minimal                                     |    10.737 |
|   neorv32_inst                                                   |    10.602 |
|     core_complex_gen[0].neorv32_core_bus_switch_inst             |     0.083 |
|     core_complex_gen[0].neorv32_cpu_inst                         |     5.409 |
|       cnts_enabled.neorv32_cpu_counters_inst                     |     0.398 |
|       neorv32_cpu_alu_inst                                       |     0.125 |
|       neorv32_cpu_control_inst                                   |     2.675 |
|       neorv32_cpu_frontend_inst                                  |     1.862 |
|       neorv32_cpu_lsu_inst                                       |     0.102 |
|       neorv32_cpu_regfile_inst                                   |     0.247 |
|     io_system.neorv32_bus_io_switch_inst                         |     0.118 |
|       neorv32_bus_reg_inst                                       |     0.005 |
|     io_system.neorv32_clint_enabled.neorv32_clint_inst           |     0.936 |
|       neorv32_clint_mtime_inst                                   |     0.915 |
|       neorv32_clint_mtimecmp_gen[0].neorv32_clint_mtimecmp_inst  |     0.021 |
|     io_system.neorv32_pwm_enabled.neorv32_pwm_inst               |     0.129 |
|       pwm_channel_gen[0].neorv32_pwm_channel_inst                |     0.044 |
|       pwm_channel_gen[1].neorv32_pwm_channel_inst                |     0.039 |
|       pwm_channel_gen[2].neorv32_pwm_channel_inst                |     0.045 |
|     io_system.neorv32_sysinfo_enabled.neorv32_sysinfo_inst       |     0.070 |
|     io_system.neorv32_uart0_enabled.neorv32_uart0_inst           |     0.068 |
|     memory_system.neorv32_int_dmem_enabled.neorv32_int_dmem_inst |     2.730 |
|     memory_system.neorv32_int_imem_enabled.neorv32_int_imem_inst |     0.606 |
|     neorv32_bus_gateway_inst                                     |     0.205 |
|     soc_generators.neorv32_sys_clock_inst                        |     0.249 |
+------------------------------------------------------------------+-----------+


