Copyright 1986-2022 Xilinx, Inc. All Rights Reserved.
---------------------------------------------------------------------------------------------------------
| Tool Version : Vivado v.2022.2 (lin64) Build 3671981 Fri Oct 14 04:59:54 MDT 2022
| Date         : Tue Apr 29 17:45:09 2025
| Host         : asictools running 64-bit unknown
| Command      : report_control_sets -verbose -file neorv32_ProcessorTop_Minimal_control_sets_placed.rpt
| Design       : neorv32_ProcessorTop_Minimal
| Device       : xc7z020
---------------------------------------------------------------------------------------------------------

Control Set Information

Table of Contents
-----------------
1. Summary
2. Histogram
3. Flip-Flop Distribution
4. Detailed Control Set Information

1. Summary
----------

+----------------------------------------------------------+-------+
|                          Status                          | Count |
+----------------------------------------------------------+-------+
| Total control sets                                       |    39 |
|    Minimum number of control sets                        |    39 |
|    Addition due to synthesis replication                 |     0 |
|    Addition due to physical synthesis replication        |     0 |
| Unused register locations in slices containing registers |    91 |
+----------------------------------------------------------+-------+
* Control sets can be merged at opt_design using control_set_merge or merge_equivalent_drivers
** Run report_qor_suggestions for automated merging and remapping suggestions


2. Histogram
------------

+--------------------+-------+
|       Fanout       | Count |
+--------------------+-------+
| Total control sets |    39 |
| >= 0 to < 4        |     1 |
| >= 4 to < 6        |     4 |
| >= 6 to < 8        |     1 |
| >= 8 to < 10       |     6 |
| >= 10 to < 12      |     5 |
| >= 12 to < 14      |     2 |
| >= 14 to < 16      |     0 |
| >= 16              |    20 |
+--------------------+-------+
* Control sets can be remapped at either synth_design or opt_design


3. Flip-Flop Distribution
-------------------------

+--------------+-----------------------+------------------------+-----------------+--------------+
| Clock Enable | Synchronous Set/Reset | Asynchronous Set/Reset | Total Registers | Total Slices |
+--------------+-----------------------+------------------------+-----------------+--------------+
| No           | No                    | No                     |               2 |            2 |
| No           | No                    | Yes                    |             561 |          210 |
| No           | Yes                   | No                     |               0 |            0 |
| Yes          | No                    | No                     |              16 |            2 |
| Yes          | No                    | Yes                    |             770 |          255 |
| Yes          | Yes                   | No                     |               0 |            0 |
+--------------+-----------------------+------------------------+-----------------+--------------+


4. Detailed Control Set Information
-----------------------------------

+------------------+------------------------------------------------------------------------------------------------------------------------------------+-------------------------------------------------------------+------------------+----------------+--------------+
|   Clock Signal   |                                                            Enable Signal                                                           |                       Set/Reset Signal                      | Slice Load Count | Bel Load Count | Bels / Slice |
+------------------+------------------------------------------------------------------------------------------------------------------------------------+-------------------------------------------------------------+------------------+----------------+--------------+
|  clk_i_IBUF_BUFG |                                                                                                                                    |                                                             |                2 |              2 |         1.00 |
|  clk_i_IBUF_BUFG | neorv32_inst/core_complex_gen[0].neorv32_cpu_inst/neorv32_cpu_control_inst/FSM_sequential_exe_engine[state][3]_i_1_n_0             | neorv32_inst/soc_generators.neorv32_sys_reset_inst/rstn_sys |                3 |              4 |         1.33 |
|  clk_i_IBUF_BUFG | neorv32_inst/core_complex_gen[0].neorv32_cpu_inst/neorv32_cpu_frontend_inst/prefetch_buffer[1].prefetch_buffer_inst/E[0]           | neorv32_inst/soc_generators.neorv32_sys_reset_inst/rstn_sys |                2 |              4 |         2.00 |
|  clk_i_IBUF_BUFG | neorv32_inst/io_system.neorv32_uart0_enabled.neorv32_uart0_inst/rx_engine[bitcnt][3]_i_1_n_0                                       | neorv32_inst/soc_generators.neorv32_sys_reset_inst/rstn_sys |                1 |              4 |         4.00 |
|  clk_i_IBUF_BUFG |                                                                                                                                    | rstn_i_IBUF                                                 |                2 |              5 |         2.50 |
|  clk_i_IBUF_BUFG | neorv32_inst/core_complex_gen[0].neorv32_cpu_inst/neorv32_cpu_control_inst/csr_reg[mcause]0                                        | neorv32_inst/soc_generators.neorv32_sys_reset_inst/rstn_sys |                2 |              6 |         3.00 |
|  clk_i_IBUF_BUFG | neorv32_inst/io_system.neorv32_pwm_enabled.neorv32_pwm_inst/pwm_channel_gen[1].neorv32_pwm_channel_inst/cnt_duty[7]_i_1__0_n_0     | neorv32_inst/soc_generators.neorv32_sys_reset_inst/rstn_sys |                2 |              8 |         4.00 |
|  clk_i_IBUF_BUFG | neorv32_inst/io_system.neorv32_pwm_enabled.neorv32_pwm_inst/pwm_channel_gen[0].neorv32_pwm_channel_inst/sel                        | neorv32_inst/soc_generators.neorv32_sys_reset_inst/rstn_sys |                2 |              8 |         4.00 |
|  clk_i_IBUF_BUFG | neorv32_inst/io_system.neorv32_pwm_enabled.neorv32_pwm_inst/pwm_channel_gen[2].neorv32_pwm_channel_inst/cnt_duty[7]_i_1__1_n_0     | neorv32_inst/soc_generators.neorv32_sys_reset_inst/rstn_sys |                2 |              8 |         4.00 |
|  clk_i_IBUF_BUFG | neorv32_inst/io_system.neorv32_bus_io_switch_inst/neorv32_bus_reg_inst/w_pnt_reg[0][0]                                             |                                                             |                1 |              8 |         8.00 |
|  clk_i_IBUF_BUFG | neorv32_inst/io_system.neorv32_uart0_enabled.neorv32_uart0_inst/rx_engine_fifo_inst/we                                             |                                                             |                1 |              8 |         8.00 |
|  clk_i_IBUF_BUFG | neorv32_inst/io_system.neorv32_uart0_enabled.neorv32_uart0_inst/rx_engine[sreg][8]_i_1_n_0                                         | neorv32_inst/soc_generators.neorv32_sys_reset_inst/rstn_sys |                2 |              9 |         4.50 |
|  clk_i_IBUF_BUFG | neorv32_inst/io_system.neorv32_uart0_enabled.neorv32_uart0_inst/tx_engine[baudcnt][9]_i_1_n_0                                      | neorv32_inst/soc_generators.neorv32_sys_reset_inst/rstn_sys |                3 |             10 |         3.33 |
|  clk_i_IBUF_BUFG | neorv32_inst/soc_generators.neorv32_sys_clock_inst/cfg_en_reg_0[0]                                                                 | neorv32_inst/soc_generators.neorv32_sys_reset_inst/rstn_sys |                3 |             10 |         3.33 |
|  clk_i_IBUF_BUFG | neorv32_inst/io_system.neorv32_uart0_enabled.neorv32_uart0_inst/rx_engine[baudcnt][9]_i_1_n_0                                      | neorv32_inst/soc_generators.neorv32_sys_reset_inst/rstn_sys |                5 |             10 |         2.00 |
|  clk_i_IBUF_BUFG | neorv32_inst/soc_generators.neorv32_sys_clock_inst/cfg_en_reg[0]                                                                   | neorv32_inst/soc_generators.neorv32_sys_reset_inst/rstn_sys |                3 |             10 |         3.33 |
|  clk_i_IBUF_BUFG | neorv32_inst/soc_generators.neorv32_sys_clock_inst/cfg_en_reg_1[0]                                                                 | neorv32_inst/soc_generators.neorv32_sys_reset_inst/rstn_sys |                4 |             10 |         2.50 |
|  clk_i_IBUF_BUFG | neorv32_inst/core_complex_gen[0].neorv32_cpu_inst/neorv32_cpu_control_inst/csr[addr]                                               | neorv32_inst/soc_generators.neorv32_sys_reset_inst/rstn_sys |                4 |             12 |         3.00 |
|  clk_i_IBUF_BUFG | neorv32_inst/io_system.neorv32_uart0_enabled.neorv32_uart0_inst/tx_engine[bitcnt][3]_i_1_n_0                                       | neorv32_inst/soc_generators.neorv32_sys_reset_inst/rstn_sys |                3 |             13 |         4.33 |
|  clk_i_IBUF_BUFG | neorv32_inst/core_complex_gen[0].neorv32_cpu_inst/neorv32_cpu_control_inst/csr[mie_firq]                                           | neorv32_inst/soc_generators.neorv32_sys_reset_inst/rstn_sys |                7 |             16 |         2.29 |
|  clk_i_IBUF_BUFG | neorv32_inst/io_system.neorv32_bus_io_switch_inst/neorv32_bus_reg_inst/E[0]                                                        | neorv32_inst/soc_generators.neorv32_sys_reset_inst/rstn_sys |                8 |             21 |         2.62 |
|  clk_i_IBUF_BUFG | neorv32_inst/io_system.neorv32_bus_io_switch_inst/neorv32_bus_reg_inst/request_reg_enabled.device_req_o_reg[addr][5]_2[0]          | neorv32_inst/soc_generators.neorv32_sys_reset_inst/rstn_sys |                5 |             23 |         4.60 |
|  clk_i_IBUF_BUFG | neorv32_inst/io_system.neorv32_bus_io_switch_inst/neorv32_bus_reg_inst/request_reg_enabled.device_req_o_reg[addr][5]_1[0]          | neorv32_inst/soc_generators.neorv32_sys_reset_inst/rstn_sys |                4 |             23 |         5.75 |
|  clk_i_IBUF_BUFG | neorv32_inst/io_system.neorv32_bus_io_switch_inst/neorv32_bus_reg_inst/request_reg_enabled.device_req_o_reg[addr][5]_0[0]          | neorv32_inst/soc_generators.neorv32_sys_reset_inst/rstn_sys |                5 |             23 |         4.60 |
|  clk_i_IBUF_BUFG | neorv32_inst/core_complex_gen[0].neorv32_cpu_inst/neorv32_cpu_control_inst/csr_reg[mepc]0                                          | neorv32_inst/soc_generators.neorv32_sys_reset_inst/rstn_sys |               16 |             31 |         1.94 |
|  clk_i_IBUF_BUFG | neorv32_inst/core_complex_gen[0].neorv32_cpu_inst/neorv32_cpu_frontend_inst/fetch[pc]                                              | neorv32_inst/soc_generators.neorv32_sys_reset_inst/rstn_sys |                9 |             31 |         3.44 |
|  clk_i_IBUF_BUFG | neorv32_inst/core_complex_gen[0].neorv32_cpu_inst/neorv32_cpu_control_inst/csr[mtvec][31]_i_1_n_0                                  | neorv32_inst/soc_generators.neorv32_sys_reset_inst/rstn_sys |               13 |             31 |         2.38 |
|  clk_i_IBUF_BUFG | neorv32_inst/core_complex_gen[0].neorv32_cpu_inst/neorv32_cpu_control_inst/exe_engine[pc2][31]_i_1_n_0                             | neorv32_inst/soc_generators.neorv32_sys_reset_inst/rstn_sys |               16 |             31 |         1.94 |
|  clk_i_IBUF_BUFG | neorv32_inst/io_system.neorv32_bus_io_switch_inst/neorv32_bus_reg_inst/request_reg_enabled.device_req_o_reg[addr][15]_1[0]         | neorv32_inst/soc_generators.neorv32_sys_reset_inst/rstn_sys |               10 |             32 |         3.20 |
|  clk_i_IBUF_BUFG | neorv32_inst/io_system.neorv32_bus_io_switch_inst/neorv32_bus_reg_inst/request_reg_enabled.device_req_o_reg[addr][15]_1[1]         | neorv32_inst/soc_generators.neorv32_sys_reset_inst/rstn_sys |                8 |             32 |         4.00 |
|  clk_i_IBUF_BUFG | neorv32_inst/io_system.neorv32_sysinfo_enabled.neorv32_sysinfo_inst/sysinfo_reg[0]0_n_0                                            | neorv32_inst/soc_generators.neorv32_sys_reset_inst/rstn_sys |               11 |             32 |         2.91 |
|  clk_i_IBUF_BUFG | neorv32_inst/core_complex_gen[0].neorv32_cpu_inst/neorv32_cpu_control_inst/csr[mscratch][31]_i_1_n_0                               | neorv32_inst/soc_generators.neorv32_sys_reset_inst/rstn_sys |               12 |             32 |         2.67 |
|  clk_i_IBUF_BUFG | neorv32_inst/core_complex_gen[0].neorv32_cpu_inst/neorv32_cpu_alu_inst/neorv32_cpu_cp_shifter_inst/shifter[sreg]                   | neorv32_inst/soc_generators.neorv32_sys_reset_inst/rstn_sys |               17 |             37 |         2.18 |
|  clk_i_IBUF_BUFG | neorv32_inst/core_complex_gen[0].neorv32_cpu_inst/neorv32_cpu_frontend_inst/prefetch_buffer[1].prefetch_buffer_inst/ipb_reg[we][0] |                                                             |                6 |             48 |         8.00 |
|  clk_i_IBUF_BUFG | neorv32_inst/core_complex_gen[0].neorv32_cpu_inst/neorv32_cpu_lsu_inst/mar_reg[25]_0[0]                                            | neorv32_inst/soc_generators.neorv32_sys_reset_inst/rstn_sys |               16 |             52 |         3.25 |
|  clk_i_IBUF_BUFG | neorv32_inst/core_complex_gen[0].neorv32_cpu_inst/neorv32_cpu_control_inst/exe_engine_nxt[ir]                                      | neorv32_inst/soc_generators.neorv32_sys_reset_inst/rstn_sys |               19 |             63 |         3.32 |
|  clk_i_IBUF_BUFG | neorv32_inst/core_complex_gen[0].neorv32_cpu_inst/neorv32_cpu_control_inst/csr[mtval]                                              | neorv32_inst/soc_generators.neorv32_sys_reset_inst/rstn_sys |               16 |             64 |         4.00 |
|  clk_i_IBUF_BUFG | neorv32_inst/core_complex_gen[0].neorv32_cpu_inst/neorv32_cpu_control_inst/E[0]                                                    | neorv32_inst/soc_generators.neorv32_sys_reset_inst/rstn_sys |               22 |             70 |         3.18 |
|  clk_i_IBUF_BUFG |                                                                                                                                    | neorv32_inst/soc_generators.neorv32_sys_reset_inst/rstn_sys |              208 |            556 |         2.67 |
+------------------+------------------------------------------------------------------------------------------------------------------------------------+-------------------------------------------------------------+------------------+----------------+--------------+


