#-----------------------------------------------------------
# Vivado v2018.3 (64-bit)
# SW Build 2405991 on Thu Dec  6 23:38:27 MST 2018
# IP Build 2404404 on Fri Dec  7 01:43:56 MST 2018
# Start of session at: Tue Mar  4 17:03:14 2025
# Process ID: 13128
# Current directory: E:/CAB/LAB_1/lab1
# Command line: vivado.exe -gui_launcher_event rodinguilauncherevent3584 E:\CAB\LAB_1\lab1\lab1.xpr
# Log file: E:/CAB/LAB_1/lab1/vivado.log
# Journal file: E:/CAB/LAB_1/lab1\vivado.jou
#-----------------------------------------------------------
start_gui
open_project E:/CAB/LAB_1/lab1/lab1.xpr
INFO: [Project 1-313] Project file moved from 'E:/CAB/LAB 2.1/lab1' since last save.
Scanning sources...
Finished scanning sources
INFO: [IP_Flow 19-234] Refreshing IP repositories
INFO: [IP_Flow 19-1704] No user IP repositories specified
INFO: [IP_Flow 19-2313] Loaded Vivado IP repository 'C:/Xilinx/Vivado/2018.3/data/ip'.
open_project: Time (s): cpu = 00:00:11 ; elapsed = 00:00:06 . Memory (MB): peak = 689.066 ; gain = 100.293
open_bd_design {E:/CAB/LAB_1/lab1/lab1.srcs/sources_1/bd/system/system.bd}
Adding cell -- xilinx.com:ip:processing_system7:5.5 - processing_system7_0
Successfully read diagram <system> from BD file <E:/CAB/LAB_1/lab1/lab1.srcs/sources_1/bd/system/system.bd>
open_bd_design: Time (s): cpu = 00:00:08 ; elapsed = 00:00:06 . Memory (MB): peak = 848.484 ; gain = 95.332
update_compile_order -fileset sources_1
write_hwdef -force  -file E:/CAB/LAB_1/lab1/lab1.sdk/system_wrapper.hdf
launch_sdk -workspace E:/CAB/LAB_1/lab1/lab1.sdk -hwspec E:/CAB/LAB_1/lab1/lab1.sdk/system_wrapper.hdf
INFO: [Vivado 12-393] Launching SDK...
INFO: [Vivado 12-417] Running xsdk -workspace E:/CAB/LAB_1/lab1/lab1.sdk -hwspec E:/CAB/LAB_1/lab1/lab1.sdk/system_wrapper.hdf
INFO: [Vivado 12-3157] SDK launch initiated. Please check console for any further messages.
exit
INFO: [Common 17-206] Exiting Vivado at Tue Mar  4 17:53:59 2025...
